Archive member included to satisfy reference by file (symbol)

c:/users/jesper/documents/ml_sommarjobb/toolchain-gd32v-v201-win/toolchain-gd32v-v201-win/compiler/bin/../lib/gcc/riscv64-unknown-elf/8.3.0/rv32imac/ilp32\libgcc.a(divdf3.o)
                              build/tf_card.o (__divdf3)
c:/users/jesper/documents/ml_sommarjobb/toolchain-gd32v-v201-win/toolchain-gd32v-v201-win/compiler/bin/../lib/gcc/riscv64-unknown-elf/8.3.0/rv32imac/ilp32\libgcc.a(ledf2.o)
                              build/tf_card.o (__ltdf2)
c:/users/jesper/documents/ml_sommarjobb/toolchain-gd32v-v201-win/toolchain-gd32v-v201-win/compiler/bin/../lib/gcc/riscv64-unknown-elf/8.3.0/rv32imac/ilp32\libgcc.a(muldf3.o)
                              build/tf_card.o (__muldf3)
c:/users/jesper/documents/ml_sommarjobb/toolchain-gd32v-v201-win/toolchain-gd32v-v201-win/compiler/bin/../lib/gcc/riscv64-unknown-elf/8.3.0/rv32imac/ilp32\libgcc.a(fixdfsi.o)
                              build/main.o (__fixdfsi)
c:/users/jesper/documents/ml_sommarjobb/toolchain-gd32v-v201-win/toolchain-gd32v-v201-win/compiler/bin/../lib/gcc/riscv64-unknown-elf/8.3.0/rv32imac/ilp32\libgcc.a(floatsidf.o)
                              build/gd32v_mpu6500_if.o (__floatsidf)
c:/users/jesper/documents/ml_sommarjobb/toolchain-gd32v-v201-win/toolchain-gd32v-v201-win/compiler/bin/../lib/gcc/riscv64-unknown-elf/8.3.0/rv32imac/ilp32\libgcc.a(floatunsidf.o)
                              build/tf_card.o (__floatunsidf)
c:/users/jesper/documents/ml_sommarjobb/toolchain-gd32v-v201-win/toolchain-gd32v-v201-win/compiler/bin/../lib/gcc/riscv64-unknown-elf/8.3.0/rv32imac/ilp32\libgcc.a(floatundidf.o)
                              build/tf_card.o (__floatundidf)
c:/users/jesper/documents/ml_sommarjobb/toolchain-gd32v-v201-win/toolchain-gd32v-v201-win/compiler/bin/../lib/gcc/riscv64-unknown-elf/8.3.0/rv32imac/ilp32\libgcc.a(fixsfsi.o)
                              build/main.o (__fixsfsi)
c:/users/jesper/documents/ml_sommarjobb/toolchain-gd32v-v201-win/toolchain-gd32v-v201-win/compiler/bin/../lib/gcc/riscv64-unknown-elf/8.3.0/rv32imac/ilp32\libgcc.a(floatsisf.o)
                              build/mpu6500_driver.o (__floatsisf)
c:/users/jesper/documents/ml_sommarjobb/toolchain-gd32v-v201-win/toolchain-gd32v-v201-win/compiler/bin/../lib/gcc/riscv64-unknown-elf/8.3.0/rv32imac/ilp32\libgcc.a(_lshrdi3.o)
                              c:/users/jesper/documents/ml_sommarjobb/toolchain-gd32v-v201-win/toolchain-gd32v-v201-win/compiler/bin/../lib/gcc/riscv64-unknown-elf/8.3.0/rv32imac/ilp32\libgcc.a(floatundidf.o) (__lshrdi3)
c:/users/jesper/documents/ml_sommarjobb/toolchain-gd32v-v201-win/toolchain-gd32v-v201-win/compiler/bin/../lib/gcc/riscv64-unknown-elf/8.3.0/rv32imac/ilp32\libgcc.a(_ashldi3.o)
                              c:/users/jesper/documents/ml_sommarjobb/toolchain-gd32v-v201-win/toolchain-gd32v-v201-win/compiler/bin/../lib/gcc/riscv64-unknown-elf/8.3.0/rv32imac/ilp32\libgcc.a(floatundidf.o) (__ashldi3)
c:/users/jesper/documents/ml_sommarjobb/toolchain-gd32v-v201-win/toolchain-gd32v-v201-win/compiler/bin/../lib/gcc/riscv64-unknown-elf/8.3.0/rv32imac/ilp32\libgcc.a(_clzsi2.o)
                              c:/users/jesper/documents/ml_sommarjobb/toolchain-gd32v-v201-win/toolchain-gd32v-v201-win/compiler/bin/../lib/gcc/riscv64-unknown-elf/8.3.0/rv32imac/ilp32\libgcc.a(divdf3.o) (__clzsi2)
c:/users/jesper/documents/ml_sommarjobb/toolchain-gd32v-v201-win/toolchain-gd32v-v201-win/compiler/bin/../lib/gcc/riscv64-unknown-elf/8.3.0/rv32imac/ilp32\libgcc.a(_clz.o)
                              c:/users/jesper/documents/ml_sommarjobb/toolchain-gd32v-v201-win/toolchain-gd32v-v201-win/compiler/bin/../lib/gcc/riscv64-unknown-elf/8.3.0/rv32imac/ilp32\libgcc.a(_clzsi2.o) (__clz_tab)
c:/users/jesper/documents/ml_sommarjobb/toolchain-gd32v-v201-win/toolchain-gd32v-v201-win/compiler/bin/../lib/gcc/riscv64-unknown-elf/8.3.0/../../../../riscv64-unknown-elf/lib/rv32imac/ilp32\libc_nano.a(lib_a-atexit.o)
                              build/start.o (atexit)
c:/users/jesper/documents/ml_sommarjobb/toolchain-gd32v-v201-win/toolchain-gd32v-v201-win/compiler/bin/../lib/gcc/riscv64-unknown-elf/8.3.0/../../../../riscv64-unknown-elf/lib/rv32imac/ilp32\libc_nano.a(lib_a-exit.o)
                              build/start.o (exit)
c:/users/jesper/documents/ml_sommarjobb/toolchain-gd32v-v201-win/toolchain-gd32v-v201-win/compiler/bin/../lib/gcc/riscv64-unknown-elf/8.3.0/../../../../riscv64-unknown-elf/lib/rv32imac/ilp32\libc_nano.a(lib_a-fflush.o)
                              build/main.o (fflush)
c:/users/jesper/documents/ml_sommarjobb/toolchain-gd32v-v201-win/toolchain-gd32v-v201-win/compiler/bin/../lib/gcc/riscv64-unknown-elf/8.3.0/../../../../riscv64-unknown-elf/lib/rv32imac/ilp32\libc_nano.a(lib_a-findfp.o)
[...]
Memory Configuration

Name             Origin             Length             Attributes
flash            0x0000000008000000 0x0000000000020000 axrl !w
ram              0x0000000020000000 0x0000000000008000 axw !rl
*default*        0x0000000000000000 0xffffffffffffffff

Linker script and memory map

LOAD build/gd32vf103_exti.o
LOAD build/gd32vf103_bkp.o
LOAD build/gd32vf103_spi.o
LOAD build/gd32vf103_rcu.o
LOAD build/gd32vf103_wwdgt.o
LOAD build/gd32vf103_adc.o
LOAD build/gd32vf103_pmu.o
LOAD build/gd32vf103_dbg.o
LOAD build/gd32vf103_usart.o
LOAD build/gd32vf103_crc.o
LOAD build/gd32vf103_gpio.o
LOAD build/gd32vf103_fwdgt.o
LOAD build/gd32vf103_timer.o
LOAD build/gd32vf103_fmc.o
LOAD build/gd32vf103_i2c.o
LOAD build/gd32vf103_rtc.o
LOAD build/gd32vf103_can.o
LOAD build/gd32vf103_dac.o
LOAD build/gd32vf103_exmc.o
LOAD build/gd32vf103_dma.o
LOAD build/gd32vf103_eclic.o
LOAD build/system_gd32vf103.o
LOAD build/write_hex.o
LOAD build/sbrk.o
LOAD build/close.o
LOAD build/lseek.o
LOAD build/write.o
LOAD build/_exit.o
LOAD build/isatty.o
LOAD build/fstat.o
LOAD build/read.o
LOAD build/n200_func.o
LOAD build/handlers.o
LOAD build/init.o
LOAD build/dma.o
LOAD build/eclicw.o
LOAD build/tf_delay.o
LOAD build/tf_card.o
LOAD build/gd32v_tf_card_if.o
LOAD build/ffunicode.o
LOAD build/ff.o
LOAD build/ffsystem.o
LOAD build/mpu6500_driver.o
LOAD build/gd32v_mpu6500_if.o
LOAD build/queue.o
LOAD build/systick.o
LOAD build/usbd_enum.o
LOAD build/usb_delay.o
LOAD build/gd32vf103_usb_it.o
LOAD build/usbd_transc.o
LOAD build/drv_usb_core.o
LOAD build/gd32vf103_hw.o
LOAD build/drv_usbd_int.o
LOAD build/usb_serial_if.o
LOAD build/cdc_acm_core.o
LOAD build/usbd_core.o
LOAD build/drv_usb_dev.o
LOAD build/weak.o
LOAD build/main.o
LOAD build/start.o
LOAD build/entry.o
LOAD c:/users/jesper/documents/ml_sommarjobb/toolchain-gd32v-v201-win/toolchain-gd32v-v201-win/compiler/bin/../lib/gcc/riscv64-unknown-elf/8.3.0/rv32imac/ilp32\libgcc.a
LOAD c:/users/jesper/documents/ml_sommarjobb/toolchain-gd32v-v201-win/toolchain-gd32v-v201-win/compiler/bin/../lib/gcc/riscv64-unknown-elf/8.3.0/../../../../riscv64-unknown-elf/lib/rv32imac/ilp32\libc_nano.a
LOAD c:/users/jesper/documents/ml_sommarjobb/toolchain-gd32v-v201-win/toolchain-gd32v-v201-win/compiler/bin/../lib/gcc/riscv64-unknown-elf/8.3.0/rv32imac/ilp32\libgcc.a
START GROUP
LOAD c:/users/jesper/documents/ml_sommarjobb/toolchain-gd32v-v201-win/toolchain-gd32v-v201-win/compiler/bin/../lib/gcc/riscv64-unknown-elf/8.3.0/rv32imac/ilp32\libgcc.a
LOAD c:/users/jesper/documents/ml_sommarjobb/toolchain-gd32v-v201-win/toolchain-gd32v-v201-win/compiler/bin/../lib/gcc/riscv64-unknown-elf/8.3.0/../../../../riscv64-unknown-elf/lib/rv32imac/ilp32\libc_nano.a
LOAD c:/users/jesper/documents/ml_sommarjobb/toolchain-gd32v-v201-win/toolchain-gd32v-v201-win/compiler/bin/../lib/gcc/riscv64-unknown-elf/8.3.0/../../../../riscv64-unknown-elf/lib/rv32imac/ilp32\libgloss_nano.a
END GROUP
                0x0000000000001000                __stack_size = DEFINED (__stack_size)?__stack_size:0x1000
                0x0000000000000000                __dbg_stack_size = DEFINED (__dbg_stack_size)?__dbg_stack_size:0x0

.init           0x0000000008000000      0x254
 *(SORT_NONE(.init))
 .init          0x0000000008000000      0x254 build/start.o
                0x000000000800015c                _start
                0x0000000008000246                disable_mcycle_minstret
                0x000000000800024c                enable_mcycle_minstret

.ilalign        0x0000000008000254        0x0
                0x0000000008000254                . = ALIGN (0x4)
                [!provide]                        PROVIDE (_ilm_lma = .)

.ialign         0x0000000008000254        0x0
                [!provide]                        PROVIDE (_ilm = .)

.text           0x0000000008000280     0x8cdc
 *(.rodata .rodata.*)
 .rodata        0x0000000008000280       0x10 build/gd32vf103_rcu.o
 .rodata.write_hex.str1.4
                0x0000000008000290        0x3 build/write_hex.o
 *fill*         0x0000000008000293        0x1 
 .rodata._exit.str1.4
                0x0000000008000294       0x1f build/_exit.o
                                         0x23 (size before relaxing)
 *fill*         0x00000000080002b3        0x1 
 .rodata.handle_nmi.str1.4
                0x00000000080002b4        0x5 build/handlers.o
 *fill*         0x00000000080002b9        0x3 
 .rodata.handle_trap.str1.4
                0x00000000080002bc        0x6 build/handlers.o
 *fill*         0x00000000080002c2        0x6 
 .rodata.wait_ready.cst8
                0x00000000080002c8        0x8 build/tf_card.o
 .rodata.check_fs.str1.4
                0x00000000080002d0        0xa build/ff.o
 *fill*         0x00000000080002da        0x2 
 .rodata.f_open.str1.4
                0x00000000080002dc        0xf build/ff.o
 .rodata.mpu_delay.cst8
                0x00000000080002eb        0x8 build/gd32v_mpu6500_if.o
 .rodata.delay_1ms.cst8
                0x00000000080002eb        0x8 build/systick.o
 *fill*         0x00000000080002eb        0x1 
 .rodata._std_dev_req
                0x00000000080002ec       0x34 build/usbd_enum.o
 .rodata.__compound_literal.0
                0x0000000008000320       0x18 build/cdc_acm_core.o
 .rodata.__compound_literal.1
                0x0000000008000338       0x3a build/cdc_acm_core.o
 *fill*         0x0000000008000372        0x2 
 .rodata.__compound_literal.2
                0x0000000008000374       0x30 build/cdc_acm_core.o
 .rodata.device_descriptor
                0x00000000080003a4       0x12 build/cdc_acm_core.o
                0x00000000080003a4                device_descriptor
 *fill*         0x00000000080003b6        0x2 
 .rodata.usbd_strings
                0x00000000080003b8       0x10 build/cdc_acm_core.o
                0x00000000080003b8                usbd_strings
 .rodata.ep_type
                0x00000000080003c8       0x10 build/usbd_core.o
                0x00000000080003c8                ep_type
 .rodata        0x00000000080003d8       0xb8 build/main.o
 .rodata        0x0000000008000490       0x3c c:/users/jesper/documents/ml_sommarjobb/toolchain-gd32v-v201-win/toolchain-gd32v-v201-win/compiler/bin/../lib/gcc/riscv64-unknown-elf/8.3.0/rv32imac/ilp32\libgcc.a(divdf3.o)
 .rodata        0x00000000080004cc       0x3c c:/users/jesper/documents/ml_sommarjobb/toolchain-gd32v-v201-win/toolchain-gd32v-v201-win/compiler/bin/../lib/gcc/riscv64-unknown-elf/8.3.0/rv32imac/ilp32\libgcc.a(muldf3.o)
 .rodata        0x0000000008000508      0x100 c:/users/jesper/documents/ml_sommarjobb/toolchain-gd32v-v201-win/toolchain-gd32v-v201-win/compiler/bin/../lib/gcc/riscv64-unknown-elf/8.3.0/rv32imac/ilp32\libgcc.a(_clz.o)
                0x0000000008000508                __clz_tab
 .rodata.__sf_fake_stderr
                0x0000000008000608       0x20 c:/users/jesper/documents/ml_sommarjobb/toolchain-gd32v-v201-win/toolchain-gd32v-v201-win/compiler/bin/../lib/gcc/riscv64-unknown-elf/8.3.0/../../../../riscv64-unknown-elf/lib/rv32imac/ilp32\libc_nano.a(lib_a-findfp.o)
                0x0000000008000608                __sf_fake_stderr
 .rodata.__sf_fake_stdin
                0x0000000008000628       0x20 c:/users/jesper/documents/ml_sommarjobb/toolchain-gd32v-v201-win/toolchain-gd32v-v201-win/compiler/bin/../lib/gcc/riscv64-unknown-elf/8.3.0/../../../../riscv64-unknown-elf/lib/rv32imac/ilp32\libc_nano.a(lib_a-findfp.o)
                0x0000000008000628                __sf_fake_stdin
 .rodata.__sf_fake_stdout
                0x0000000008000648       0x20 c:/users/jesper/documents/ml_sommarjobb/toolchain-gd32v-v201-win/toolchain-gd32v-v201-win/compiler/bin/../lib/gcc/riscv64-unknown-elf/8.3.0/../../../../riscv64-unknown-elf/lib/rv32imac/ilp32\libc_nano.a(lib_a-findfp.o)
                0x0000000008000648                __sf_fake_stdout
 .rodata._svfprintf_r.str1.4
                0x0000000008000668       0x13 c:/users/jesper/documents/ml_sommarjobb/toolchain-gd32v-v201-win/toolchain-gd32v-v201-win/compiler/bin/../lib/gcc/riscv64-unknown-elf/8.3.0/../../../../riscv64-unknown-elf/lib/rv32imac/ilp32\libc_nano.a(lib_a-nano-svfprintf.o)
 *fill*         0x000000000800067b        0x1 
 .rodata._printf_i.str1.4
                0x000000000800067c       0x28 c:/users/jesper/documents/ml_sommarjobb/toolchain-gd32v-v201-win/toolchain-gd32v-v201-win/compiler/bin/../lib/gcc/riscv64-unknown-elf/8.3.0/../../../../riscv64-unknown-elf/lib/rv32imac/ilp32\libc_nano.a(lib_a-nano-vfprintf_i.o)
                                         0x25 (size before relaxing)
 .rodata._vfprintf_r.str1.4
                0x00000000080006a4       0x13 c:/users/jesper/documents/ml_sommarjobb/toolchain-gd32v-v201-win/toolchain-gd32v-v201-win/compiler/bin/../lib/gcc/riscv64-unknown-elf/8.3.0/../../../../riscv64-unknown-elf/lib/rv32imac/ilp32\libc_nano.a(lib_a-nano-vfprintf.o)
 *(.text.unlikely .text.unlikely.*)
 *(.text.startup .text.startup.*)
 .text.startup.main
                0x00000000080006a4      0x426 build/main.o
                0x00000000080006a4                main
 *(.text .text.*)
 .text.exti_init
                0x0000000008000aca       0xa0 build/gd32vf103_exti.o
                0x0000000008000aca                exti_init
 .text.exti_interrupt_enable
                0x0000000008000b6a       0x10 build/gd32vf103_exti.o
                0x0000000008000b6a                exti_interrupt_enable
 .text.exti_interrupt_flag_clear
                0x0000000008000b7a        0xa build/gd32vf103_exti.o
                0x0000000008000b7a                exti_interrupt_flag_clear
 .text.spi_init
                0x0000000008000b84       0x36 build/gd32vf103_spi.o
                0x0000000008000b84                spi_init
 .text.spi_enable
                0x0000000008000bba        0xa build/gd32vf103_spi.o
                0x0000000008000bba                spi_enable
 .text.spi_i2s_data_transmit
                0x0000000008000bc4        0x4 build/gd32vf103_spi.o
                0x0000000008000bc4                spi_i2s_data_transmit
 .text.spi_i2s_data_receive
                0x0000000008000bc8        0x8 build/gd32vf103_spi.o
                0x0000000008000bc8                spi_i2s_data_receive
 .text.spi_crc_polynomial_set
                0x0000000008000bd0        0xc build/gd32vf103_spi.o
                0x0000000008000bd0                spi_crc_polynomial_set
 .text.spi_i2s_flag_get
                0x0000000008000bdc        0xa build/gd32vf103_spi.o
                0x0000000008000bdc                spi_i2s_flag_get
 .text.rcu_periph_clock_enable
                0x0000000008000be6       0x18 build/gd32vf103_rcu.o
                0x0000000008000be6                rcu_periph_clock_enable
 .text.rcu_periph_reset_enable
                0x0000000008000bfe       0x18 build/gd32vf103_rcu.o
                0x0000000008000bfe                rcu_periph_reset_enable
 .text.rcu_periph_reset_disable
                0x0000000008000c16       0x1c build/gd32vf103_rcu.o
                0x0000000008000c16                rcu_periph_reset_disable
 .text.rcu_usb_clock_config
                0x0000000008000c32       0x14 build/gd32vf103_rcu.o
                0x0000000008000c32                rcu_usb_clock_config
 .text.rcu_clock_freq_get
                0x0000000008000c46      0x13a build/gd32vf103_rcu.o
                0x0000000008000c46                rcu_clock_freq_get
 .text.gpio_init
                0x0000000008000d80       0xa4 build/gd32vf103_gpio.o
                0x0000000008000d80                gpio_init
 .text.gpio_bit_set
                0x0000000008000e24        0x4 build/gd32vf103_gpio.o
                0x0000000008000e24                gpio_bit_set
 .text.gpio_bit_reset
                0x0000000008000e28        0x4 build/gd32vf103_gpio.o
                0x0000000008000e28                gpio_bit_reset
 .text.gpio_bit_write
                0x0000000008000e2c        0xa build/gd32vf103_gpio.o
                0x0000000008000e2c                gpio_bit_write
 .text.timer_deinit
                0x0000000008000e36       0xd2 build/gd32vf103_timer.o
                0x0000000008000e36                timer_deinit
 .text.timer_struct_para_init
                0x0000000008000f08       0x18 build/gd32vf103_timer.o
                0x0000000008000f08                timer_struct_para_init
 .text.timer_init
                0x0000000008000f20       0x8e build/gd32vf103_timer.o
                0x0000000008000f20                timer_init
 .text.timer_enable
                0x0000000008000fae        0xa build/gd32vf103_timer.o
                0x0000000008000fae                timer_enable
 .text.timer_channel_output_struct_para_init
                0x0000000008000fb8       0x1a build/gd32vf103_timer.o
                0x0000000008000fb8                timer_channel_output_struct_para_init
 .text.timer_channel_output_config
                0x0000000008000fd2      0x23c build/gd32vf103_timer.o
                0x0000000008000fd2                timer_channel_output_config
 .text.timer_channel_output_mode_config
                0x000000000800120e       0x56 build/gd32vf103_timer.o
                0x000000000800120e                timer_channel_output_mode_config
 .text.timer_channel_output_pulse_value_config
                0x0000000008001264       0x26 build/gd32vf103_timer.o
                0x0000000008001264                timer_channel_output_pulse_value_config
 .text.timer_channel_output_shadow_config
                0x000000000800128a       0x56 build/gd32vf103_timer.o
                0x000000000800128a                timer_channel_output_shadow_config
 .text.timer_interrupt_enable
                0x00000000080012e0        0x8 build/gd32vf103_timer.o
                0x00000000080012e0                timer_interrupt_enable
 .text.timer_interrupt_disable
                0x00000000080012e8        0xc build/gd32vf103_timer.o
                0x00000000080012e8                timer_interrupt_disable
 .text.timer_interrupt_flag_get
                0x00000000080012f4       0x12 build/gd32vf103_timer.o
                0x00000000080012f4                timer_interrupt_flag_get
 .text.timer_interrupt_flag_clear
                0x0000000008001306        0x8 build/gd32vf103_timer.o
                0x0000000008001306                timer_interrupt_flag_clear
 .text.i2c_clock_config
                0x000000000800130e      0x142 build/gd32vf103_i2c.o
                0x000000000800130e                i2c_clock_config
 .text.i2c_ack_config
                0x0000000008001450       0x18 build/gd32vf103_i2c.o
                0x0000000008001450                i2c_ack_config
 .text.i2c_master_addressing
                0x0000000008001468       0x12 build/gd32vf103_i2c.o
                0x0000000008001468                i2c_master_addressing
 .text.i2c_enable
                0x000000000800147a        0xa build/gd32vf103_i2c.o
                0x000000000800147a                i2c_enable
 .text.i2c_start_on_bus
                0x0000000008001484        0xa build/gd32vf103_i2c.o
                0x0000000008001484                i2c_start_on_bus
 .text.i2c_stop_on_bus
                0x000000000800148e        0xa build/gd32vf103_i2c.o
                0x000000000800148e                i2c_stop_on_bus
 .text.i2c_data_transmit
                0x0000000008001498        0x4 build/gd32vf103_i2c.o
                0x0000000008001498                i2c_data_transmit
 .text.i2c_data_receive
                0x000000000800149c        0x8 build/gd32vf103_i2c.o
                0x000000000800149c                i2c_data_receive
 .text.i2c_flag_get
                0x00000000080014a4       0x14 build/gd32vf103_i2c.o
                0x00000000080014a4                i2c_flag_get
 .text.i2c_flag_clear
                0x00000000080014b8       0x2a build/gd32vf103_i2c.o
                0x00000000080014b8                i2c_flag_clear
 .text.dma_flag_clear
                0x00000000080014e2        0xe build/gd32vf103_dma.o
                0x00000000080014e2                dma_flag_clear
 .text.dma_interrupt_flag_get
                0x00000000080014f0       0x70 build/gd32vf103_dma.o
                0x00000000080014f0                dma_interrupt_flag_get
 .text.dma_interrupt_flag_clear
                0x0000000008001560        0x8 build/gd32vf103_dma.o
                0x0000000008001560                dma_interrupt_flag_clear
 .text.eclic_global_interrupt_enable
                0x0000000008001568        0x6 build/gd32vf103_eclic.o
                0x0000000008001568                eclic_global_interrupt_enable
 .text.eclic_priority_group_set
                0x000000000800156e        0x8 build/gd32vf103_eclic.o
                0x000000000800156e                eclic_priority_group_set
 .text.eclic_irq_enable
                0x0000000008001576       0x34 build/gd32vf103_eclic.o
                0x0000000008001576                eclic_irq_enable
 .text.SystemInit
                0x00000000080015aa      0x11c build/system_gd32vf103.o
                0x00000000080015aa                SystemInit
 .text.SystemCoreClockUpdate
                0x00000000080016c6       0xca build/system_gd32vf103.o
                0x00000000080016c6                SystemCoreClockUpdate
 .text.write_hex
                0x0000000008001790       0x7c build/write_hex.o
                0x0000000008001790                write_hex
 .text._sbrk    0x000000000800180c       0x2e build/sbrk.o
                0x000000000800180c                _sbrk
 .text._close   0x000000000800183a        0x4 build/close.o
                0x000000000800183a                _close
 .text._lseek   0x000000000800183e       0x1a build/lseek.o
                0x000000000800183e                _lseek
 .text._exit    0x0000000008001858       0x4c build/_exit.o
                0x0000000008001858                _exit
 .text._isatty  0x00000000080018a4        0x8 build/isatty.o
                0x00000000080018a4                _isatty
 .text._fstat   0x00000000080018ac       0x22 build/fstat.o
                0x00000000080018ac                _fstat
 .text._read    0x00000000080018ce        0x4 build/read.o
                0x00000000080018ce                _read
 .text.get_timer_value
                0x00000000080018d2       0x10 build/n200_func.o
                0x00000000080018d2                get_timer_value
 .text.eclic_init
                0x00000000080018e2       0x22 build/n200_func.o
                0x00000000080018e2                eclic_init
 .text.eclic_enable_interrupt
                0x0000000008001904       0x12 build/n200_func.o
                0x0000000008001904                eclic_enable_interrupt
 .text.eclic_set_nlbits
                0x0000000008001916       0x18 build/n200_func.o
                0x0000000008001916                eclic_set_nlbits
 .text.eclic_get_nlbits
                0x000000000800192e        0xe build/n200_func.o
                0x000000000800192e                eclic_get_nlbits
 .text.eclic_set_irq_lvl_abs
                0x000000000800193c       0x58 build/n200_func.o
                0x000000000800193c                eclic_set_irq_lvl_abs
 .text.eclic_set_irq_priority
                0x0000000008001994       0x52 build/n200_func.o
                0x0000000008001994                eclic_set_irq_priority
 .text.eclic_mode_enable
                0x00000000080019e6       0x12 build/n200_func.o
                0x00000000080019e6                eclic_mode_enable
 .text.handle_nmi
                0x00000000080019f8       0x22 build/handlers.o
                0x00000000080019f8                handle_nmi
 .text.handle_trap
                0x0000000008001a1a       0x38 build/handlers.o
                0x0000000008001a1a                handle_trap
 .text._init    0x0000000008001a52       0x2c build/init.o
                0x0000000008001a52                _init
 .text._fini    0x0000000008001a7e        0x2 build/init.o
                0x0000000008001a7e                _fini
 .text.config_clic_irqs
                0x0000000008001a80       0x2a build/dma.o
                0x0000000008001a80                config_clic_irqs
 .text.DMA0_Channel6_IRQHandler
                0x0000000008001aaa       0x40 build/dma.o
                0x0000000008001aaa                DMA0_Channel6_IRQHandler
 .text.eclic_mtip_handler
                0x0000000008001aea       0x52 build/eclicw.o
                0x0000000008001aea                eclic_mtip_handler
 .text.USART0_IRQHandler
                0x0000000008001b3c       0x52 build/eclicw.o
                0x0000000008001b3c                USART0_IRQHandler
 .text.tf_start_timer
                0x0000000008001b8e       0x5a build/tf_delay.o
                0x0000000008001b8e                tf_start_timer
 .text.tf_timer_done
                0x0000000008001be8       0x3e build/tf_delay.o
                0x0000000008001be8                tf_timer_done
 .text.xchg_spi
                0x0000000008001c26       0x62 build/tf_card.o
 .text.deselect
                0x0000000008001c88       0x22 build/tf_card.o
 .text.wait_ready
                0x0000000008001caa       0xe4 build/tf_card.o
 .text._select  0x0000000008001d8e       0x42 build/tf_card.o
 .text.send_cmd
                0x0000000008001dd0       0xec build/tf_card.o
 .text.rcvr_datablock
                0x0000000008001ebc       0x80 build/tf_card.o
 .text.xmit_datablock.part.1
                0x0000000008001f3c       0x60 build/tf_card.o
 .text.disk_initialize
                0x0000000008001f9c      0x27c build/tf_card.o
                0x0000000008001f9c                disk_initialize
 .text.disk_status
                0x0000000008002218       0x14 build/tf_card.o
                0x0000000008002218                disk_status
 .text.disk_read
                0x000000000800222c       0xa2 build/tf_card.o
                0x000000000800222c                disk_read
 .text.disk_write
                0x00000000080022ce      0x108 build/tf_card.o
                0x00000000080022ce                disk_write
 .text.disk_ioctl
                0x00000000080023d6      0x21e build/tf_card.o
                0x00000000080023d6                disk_ioctl
 .text.set_fattime
                0x00000000080025f4       0x22 build/gd32v_tf_card_if.o
                0x00000000080025f4                set_fattime
 .text.get_fattime
                0x0000000008002616       0x3a build/gd32v_tf_card_if.o
                0x0000000008002616                get_fattime
 .text.ld_dword
                0x0000000008002650       0x1e build/ff.o
 .text.st_dword
                0x000000000800266e       0x1c build/ff.o
 .text.mem_cmp  0x000000000800268a       0x1a build/ff.o
 .text.clst2sect
                0x00000000080026a4       0x1c build/ff.o
 .text.get_ldnumber
                0x00000000080026c0       0x3e build/ff.o
 .text.validate
                0x00000000080026fe       0x4e build/ff.o
 .text.mem_cpy.part.0
                0x000000000800274c       0x1a build/ff.o
 .text.ld_clust.isra.1
                0x0000000008002766       0x26 build/ff.o
 .text.sync_window.part.3
                0x000000000800278c       0x64 build/ff.o
 .text.move_window
                0x00000000080027f0       0x4e build/ff.o
 .text.check_fs
                0x000000000800283e       0x92 build/ff.o
 .text.find_volume
                0x00000000080028d0      0x342 build/ff.o
 .text.put_fat  0x0000000008002c12      0x154 build/ff.o
 .text.get_fat.isra.7
                0x0000000008002d66       0xf6 build/ff.o
 .text.create_chain
                0x0000000008002e5c      0x128 build/ff.o
 .text.dir_next
                0x0000000008002f84      0x14a build/ff.o
 .text.dir_sdi.constprop.9
                0x00000000080030ce       0x98 build/ff.o
 .text.f_mount  0x0000000008003166       0x5c build/ff.o
                0x0000000008003166                f_mount
 .text.f_open   0x00000000080031c2      0x526 build/ff.o
                0x00000000080031c2                f_open
 .text.f_write  0x00000000080036e8      0x208 build/ff.o
                0x00000000080036e8                f_write
 .text.f_sync   0x00000000080038f0      0x1b0 build/ff.o
                0x00000000080038f0                f_sync
 .text.f_close  0x0000000008003aa0       0x2c build/ff.o
                0x0000000008003aa0                f_close
 .text.read_mpu
                0x0000000008003acc       0x1a build/mpu6500_driver.o
                0x0000000008003acc                read_mpu
 .text.write_mpu
                0x0000000008003ae6       0x1a build/mpu6500_driver.o
                0x0000000008003ae6                write_mpu
 .text.mpu6500_init
                0x0000000008003b00      0x126 build/mpu6500_driver.o
                0x0000000008003b00                mpu6500_init
 .text.mpu6500_getAccel
                0x0000000008003c26       0x76 build/mpu6500_driver.o
                0x0000000008003c26                mpu6500_getAccel
 .text.mpu_delay
                0x0000000008003c9c       0xce build/gd32v_mpu6500_if.o
                0x0000000008003c9c                mpu_delay
 .text.i2c_master_read_register
                0x0000000008003d6a      0x140 build/gd32v_mpu6500_if.o
                0x0000000008003d6a                i2c_master_read_register
 .text.i2c_master_write_register
                0x0000000008003eaa       0xea build/gd32v_mpu6500_if.o
                0x0000000008003eaa                i2c_master_write_register
 .text.i2c_master_init_400k
                0x0000000008003f94       0x2a build/gd32v_mpu6500_if.o
                0x0000000008003f94                i2c_master_init_400k
 .text.mpu6500_install
                0x0000000008003fbe       0x40 build/gd32v_mpu6500_if.o
                0x0000000008003fbe                mpu6500_install
 .text.init_q   0x0000000008003ffe       0x20 build/queue.o
                0x0000000008003ffe                init_q
 .text.enqueue_string
                0x000000000800401e       0x6c build/queue.o
                0x000000000800401e                enqueue_string
 .text.queue_str_len
                0x000000000800408a        0xc build/queue.o
                0x000000000800408a                queue_str_len
 .text.fuseStrings
                0x0000000008004096       0x26 build/queue.o
                0x0000000008004096                fuseStrings
 .text.dequeue_string
                0x00000000080040bc       0x7c build/queue.o
                0x00000000080040bc                dequeue_string
 .text.empty_string_queue
                0x0000000008004138       0x6c build/queue.o
                0x0000000008004138                empty_string_queue
 .text.clear_queues
                0x00000000080041a4       0x3e build/queue.o
                0x00000000080041a4                clear_queues
 .text.delay_1ms
                0x00000000080041e2       0xce build/systick.o
                0x00000000080041e2                delay_1ms
 .text._usb_std_reserved
                0x00000000080042b0        0x4 build/usbd_enum.o
 .text._usb_dev_desc_get
                0x00000000080042b4        0xe build/usbd_enum.o
 .text._usb_config_desc_get
                0x00000000080042c2        0xe build/usbd_enum.o
 .text._usb_str_desc_get
                0x00000000080042d0       0x14 build/usbd_enum.o
 .text._usb_std_getdescriptor
                0x00000000080042e4       0xfa build/usbd_enum.o
 .text._usb_std_setconfiguration
                0x00000000080043de       0xa8 build/usbd_enum.o
 .text._usb_std_getstatus
                0x0000000008004486       0xba build/usbd_enum.o
 .text._usb_std_getconfiguration
                0x0000000008004540       0x3c build/usbd_enum.o
 .text._usb_std_getinterface
                0x000000000800457c       0x2c build/usbd_enum.o
 .text._usb_std_setinterface
                0x00000000080045a8       0x2a build/usbd_enum.o
 .text._usb_std_setaddress
                0x00000000080045d2       0x64 build/usbd_enum.o
 .text._usb_std_setfeature
                0x0000000008004636       0x80 build/usbd_enum.o
 .text._usb_std_clearfeature
                0x00000000080046b6       0x98 build/usbd_enum.o
 .text._usb_std_setdescriptor
                0x000000000800474e        0x4 build/usbd_enum.o
 .text._usb_std_synchframe
                0x0000000008004752        0x4 build/usbd_enum.o
 .text.usbd_standard_request
                0x0000000008004756       0x18 build/usbd_enum.o
                0x0000000008004756                usbd_standard_request
 .text.usbd_class_request
                0x000000000800476e       0x2c build/usbd_enum.o
                0x000000000800476e                usbd_class_request
 .text.usbd_vendor_request
                0x000000000800479a        0x4 build/usbd_enum.o
                0x000000000800479a                usbd_vendor_request
 .text.usbd_enum_error
                0x000000000800479e       0x30 build/usbd_enum.o
                0x000000000800479e                usbd_enum_error
 .text.usb_delay_1ms
                0x00000000080047ce       0x72 build/usb_delay.o
                0x00000000080047ce                usb_delay_1ms
 .text.usb_delay_1us
                0x0000000008004840       0x74 build/usb_delay.o
                0x0000000008004840                usb_delay_1us
 .text.USBFS_IRQHandler
                0x00000000080048b4       0x10 build/gd32vf103_usb_it.o
                0x00000000080048b4                USBFS_IRQHandler
 .text.USBFS_WKUP_IRQHandler
                0x00000000080048c4       0x56 build/gd32vf103_usb_it.o
                0x00000000080048c4                USBFS_WKUP_IRQHandler
 .text.usbd_ctl_send
                0x000000000800491a       0x38 build/usbd_transc.o
                0x000000000800491a                usbd_ctl_send
 .text.usbd_ctl_recev
                0x0000000008004952       0x38 build/usbd_transc.o
                0x0000000008004952                usbd_ctl_recev
 .text.usbd_ctl_status_send
                0x000000000800498a       0x30 build/usbd_transc.o
                0x000000000800498a                usbd_ctl_status_send
 .text.usbd_ctl_status_recev
                0x00000000080049ba       0x30 build/usbd_transc.o
                0x00000000080049ba                usbd_ctl_status_recev
 .text.usbd_setup_transc
                0x00000000080049ea       0x94 build/usbd_transc.o
                0x00000000080049ea                usbd_setup_transc
 .text.usbd_out_transc
                0x0000000008004a7e       0xe6 build/usbd_transc.o
                0x0000000008004a7e                usbd_out_transc
 .text.usbd_in_transc
                0x0000000008004b64      0x10c build/usbd_transc.o
                0x0000000008004b64                usbd_in_transc
 .text.usb_basic_init
                0x0000000008004c70       0xe8 build/drv_usb_core.o
                0x0000000008004c70                usb_basic_init
 .text.usb_core_init
                0x0000000008004d58       0xca build/drv_usb_core.o
                0x0000000008004d58                usb_core_init
 .text.usb_txfifo_write
                0x0000000008004e22       0x3a build/drv_usb_core.o
                0x0000000008004e22                usb_txfifo_write
 .text.usb_rxfifo_read
                0x0000000008004e5c       0x32 build/drv_usb_core.o
                0x0000000008004e5c                usb_rxfifo_read
 .text.usb_txfifo_flush
                0x0000000008004e8e       0x28 build/drv_usb_core.o
                0x0000000008004e8e                usb_txfifo_flush
 .text.usb_rxfifo_flush
                0x0000000008004eb6       0x22 build/drv_usb_core.o
                0x0000000008004eb6                usb_rxfifo_flush
 .text.usb_rcu_config
                0x0000000008004ed8       0x7e build/gd32vf103_hw.o
                0x0000000008004ed8                usb_rcu_config
 .text.usb_intr_config
                0x0000000008004f56       0x5c build/gd32vf103_hw.o
                0x0000000008004f56                usb_intr_config
 .text.usb_timer_init
                0x0000000008004fb2        0x2 build/gd32vf103_hw.o
                0x0000000008004fb2                usb_timer_init
 .text.usb_udelay
                0x0000000008004fb4        0x8 build/gd32vf103_hw.o
                0x0000000008004fb4                usb_udelay
 .text.usb_mdelay
                0x0000000008004fbc        0x8 build/gd32vf103_hw.o
                0x0000000008004fbc                usb_mdelay
 .text.usbd_isr
                0x0000000008004fc4      0x140 build/drv_usbd_int.o
                0x0000000008004fc4                usbd_isr
 .text.usbd_int_epout
                0x0000000008005104       0xfe build/drv_usbd_int.o
 .text.usbd_int_epin
                0x0000000008005202       0xbc build/drv_usbd_int.o
 .text.usbd_int_rxfifo
                0x00000000080052be       0xc6 build/drv_usbd_int.o
 .text.usbd_int_reset
                0x0000000008005384       0xd2 build/drv_usbd_int.o
 .text.usbd_int_enumfinish
                0x0000000008005456       0x68 build/drv_usbd_int.o
 .text.usbd_emptytxfifo_write
                0x00000000080054be       0xe6 build/drv_usbd_int.o
 .text.configure_usb_serial
                0x00000000080055a4       0x58 build/usb_serial_if.o
                0x00000000080055a4                configure_usb_serial
 .text.usb_serial_available
                0x00000000080055fc       0x14 build/usb_serial_if.o
                0x00000000080055fc                usb_serial_available
 .text._write   0x0000000008005610       0xb0 build/usb_serial_if.o
                0x0000000008005610                _write
 .text.set_usb_clock_96m_hxtal
                0x00000000080056c0       0xee build/usb_serial_if.o
                0x00000000080056c0                set_usb_clock_96m_hxtal
 .text.cdc_acm_init
                0x00000000080057ae       0x46 build/cdc_acm_core.o
                0x00000000080057ae                cdc_acm_init
 .text.cdc_acm_deinit
                0x00000000080057f4       0x38 build/cdc_acm_core.o
                0x00000000080057f4                cdc_acm_deinit
 .text.cdc_acm_data_out_handler
                0x000000000800582c       0x4c build/cdc_acm_core.o
                0x000000000800582c                cdc_acm_data_out_handler
 .text.cdc_acm_data_in_handler
                0x0000000008005878       0x40 build/cdc_acm_core.o
                0x0000000008005878                cdc_acm_data_in_handler
 .text.cdc_acm_req_handler
                0x00000000080058b8       0xa4 build/cdc_acm_core.o
                0x00000000080058b8                cdc_acm_req_handler
 .text.cdc_acm_EP0_RxReady
                0x000000000800595c       0x5e build/cdc_acm_core.o
                0x000000000800595c                cdc_acm_EP0_RxReady
 .text.usbd_ep_setup
                0x00000000080059ba       0x9a build/usbd_core.o
                0x00000000080059ba                usbd_ep_setup
 .text.usbd_ep_clear
                0x0000000008005a54       0x3a build/usbd_core.o
                0x0000000008005a54                usbd_ep_clear
 .text.usbd_ep_recev
                0x0000000008005a8e       0x40 build/usbd_core.o
                0x0000000008005a8e                usbd_ep_recev
 .text.usbd_ep_send
                0x0000000008005ace       0x40 build/usbd_core.o
                0x0000000008005ace                usbd_ep_send
 .text.usbd_ep_stall
                0x0000000008005b0e       0x40 build/usbd_core.o
                0x0000000008005b0e                usbd_ep_stall
 .text.usbd_ep_stall_clear
                0x0000000008005b4e       0x3e build/usbd_core.o
                0x0000000008005b4e                usbd_ep_stall_clear
 .text.usbd_addr_set
                0x0000000008005b8c        0x8 build/usbd_core.o
                0x0000000008005b8c                usbd_addr_set
 .text.usbd_rxcount_get
                0x0000000008005b94        0xe build/usbd_core.o
                0x0000000008005b94                usbd_rxcount_get
 .text.usbd_connect
                0x0000000008005ba2       0x1a build/usbd_core.o
                0x0000000008005ba2                usbd_connect
 .text.usbd_disconnect
                0x0000000008005bbc       0x1a build/usbd_core.o
                0x0000000008005bbc                usbd_disconnect
 .text.usbd_init
                0x0000000008005bd6       0x5a build/usbd_core.o
                0x0000000008005bd6                usbd_init
 .text.usb_devint_enable
                0x0000000008005c30       0x3e build/drv_usb_dev.o
                0x0000000008005c30                usb_devint_enable
 .text.usb_devcore_init
                0x0000000008005c6e      0x10e build/drv_usb_dev.o
                0x0000000008005c6e                usb_devcore_init
 .text.usb_dev_disconnect
                0x0000000008005d7c        0xc build/drv_usb_dev.o
                0x0000000008005d7c                usb_dev_disconnect
 .text.usb_dev_connect
                0x0000000008005d88        0xa build/drv_usb_dev.o
                0x0000000008005d88                usb_dev_connect
 .text.usb_devaddr_set
                0x0000000008005d92       0x14 build/drv_usb_dev.o
                0x0000000008005d92                usb_devaddr_set
 .text.usb_transc_active
                0x0000000008005da6       0x9e build/drv_usb_dev.o
                0x0000000008005da6                usb_transc_active
 .text.usb_transc_deactivate
                0x0000000008005e44       0x46 build/drv_usb_dev.o
                0x0000000008005e44                usb_transc_deactivate
 .text.usb_transc_inxfer
                0x0000000008005e8a       0xea build/drv_usb_dev.o
                0x0000000008005e8a                usb_transc_inxfer
 .text.usb_transc_outxfer
                0x0000000008005f74       0x8c build/drv_usb_dev.o
                0x0000000008005f74                usb_transc_outxfer
 .text.usb_transc_stall
                0x0000000008006000       0x3a build/drv_usb_dev.o
                0x0000000008006000                usb_transc_stall
 .text.usb_transc_clrstall
                0x000000000800603a       0x46 build/drv_usb_dev.o
                0x000000000800603a                usb_transc_clrstall
 .text.usb_oepintnum_read
                0x0000000008006080       0x10 build/drv_usb_dev.o
                0x0000000008006080                usb_oepintnum_read
 .text.usb_oepintr_read
                0x0000000008006090       0x12 build/drv_usb_dev.o
                0x0000000008006090                usb_oepintr_read
 .text.usb_iepintnum_read
                0x00000000080060a2        0xe build/drv_usb_dev.o
                0x00000000080060a2                usb_iepintnum_read
 .text.usb_iepintr_read
                0x00000000080060b0       0x20 build/drv_usb_dev.o
                0x00000000080060b0                usb_iepintr_read
 .text.usb_ctlep_startout
                0x00000000080060d0       0x26 build/drv_usb_dev.o
                0x00000000080060d0                usb_ctlep_startout
 .text.usb_clock_active
                0x00000000080060f6       0x1a build/drv_usb_dev.o
                0x00000000080060f6                usb_clock_active
 .text.TIMER1_IRQHandler
                0x0000000008006110      0x11a build/main.o
                0x0000000008006110                TIMER1_IRQHandler
 .text.ledInit  0x000000000800622a       0x2a build/main.o
                0x000000000800622a                ledInit
 .text.led_on_B0
                0x0000000008006254       0x14 build/main.o
                0x0000000008006254                led_on_B0
 .text.led_off_B0
                0x0000000008006268       0x14 build/main.o
                0x0000000008006268                led_off_B0
 .text.led_on_off_B1
                0x000000000800627c       0x14 build/main.o
                0x000000000800627c                led_on_off_B1
 .text.init_mpu
                0x0000000008006290       0x54 build/main.o
                0x0000000008006290                init_mpu
 .text.timer_interrupt_config
                0x00000000080062e4       0xfa build/main.o
                0x00000000080062e4                timer_interrupt_config
 .text.int_to_string
                0x00000000080063de       0x88 build/main.o
                0x00000000080063de                int_to_string
 .text.append_int_to_string
                0x0000000008006466       0x30 build/main.o
                0x0000000008006466                append_int_to_string
 *fill*         0x0000000008006496       0x2a 
 .text.trap     0x00000000080064c0       0x82 build/entry.o
                0x00000000080064c0                trap_entry
 *fill*         0x0000000008006542        0x2 
 .text.irq      0x0000000008006544       0x72 build/entry.o
                0x0000000008006544                irq_entry
 .text          0x00000000080065b6      0x546 c:/users/jesper/documents/ml_sommarjobb/toolchain-gd32v-v201-win/toolchain-gd32v-v201-win/compiler/bin/../lib/gcc/riscv64-unknown-elf/8.3.0/rv32imac/ilp32\libgcc.a(divdf3.o)
                0x00000000080065b6                __divdf3
 .text          0x0000000008006afc       0xa4 c:/users/jesper/documents/ml_sommarjobb/toolchain-gd32v-v201-win/toolchain-gd32v-v201-win/compiler/bin/../lib/gcc/riscv64-unknown-elf/8.3.0/rv32imac/ilp32\libgcc.a(ledf2.o)
                0x0000000008006afc                __ledf2
                0x0000000008006afc                __ltdf2
 .text          0x0000000008006ba0      0x44c c:/users/jesper/documents/ml_sommarjobb/toolchain-gd32v-v201-win/toolchain-gd32v-v201-win/compiler/bin/../lib/gcc/riscv64-unknown-elf/8.3.0/rv32imac/ilp32\libgcc.a(muldf3.o)
                0x0000000008006ba0                __muldf3
 .text          0x0000000008006fec       0x70 c:/users/jesper/documents/ml_sommarjobb/toolchain-gd32v-v201-win/toolchain-gd32v-v201-win/compiler/bin/../lib/gcc/riscv64-unknown-elf/8.3.0/rv32imac/ilp32\libgcc.a(floatsidf.o)
                0x0000000008006fec                __floatsidf
 .text          0x000000000800705c       0x56 c:/users/jesper/documents/ml_sommarjobb/toolchain-gd32v-v201-win/toolchain-gd32v-v201-win/compiler/bin/../lib/gcc/riscv64-unknown-elf/8.3.0/rv32imac/ilp32\libgcc.a(floatunsidf.o)
                0x000000000800705c                __floatunsidf
 .text          0x00000000080070b2      0x166 c:/users/jesper/documents/ml_sommarjobb/toolchain-gd32v-v201-win/toolchain-gd32v-v201-win/compiler/bin/../lib/gcc/riscv64-unknown-elf/8.3.0/rv32imac/ilp32\libgcc.a(floatundidf.o)
                0x00000000080070b2                __floatundidf
 .text          0x0000000008007218       0x60 c:/users/jesper/documents/ml_sommarjobb/toolchain-gd32v-v201-win/toolchain-gd32v-v201-win/compiler/bin/../lib/gcc/riscv64-unknown-elf/8.3.0/rv32imac/ilp32\libgcc.a(fixsfsi.o)
                0x0000000008007218                __fixsfsi
 .text          0x0000000008007278       0xc0 c:/users/jesper/documents/ml_sommarjobb/toolchain-gd32v-v201-win/toolchain-gd32v-v201-win/compiler/bin/../lib/gcc/riscv64-unknown-elf/8.3.0/rv32imac/ilp32\libgcc.a(floatsisf.o)
                0x0000000008007278                __floatsisf
 .text          0x0000000008007338       0x2a c:/users/jesper/documents/ml_sommarjobb/toolchain-gd32v-v201-win/toolchain-gd32v-v201-win/compiler/bin/../lib/gcc/riscv64-unknown-elf/8.3.0/rv32imac/ilp32\libgcc.a(_lshrdi3.o)
                0x0000000008007338                __lshrdi3
 .text          0x0000000008007362       0x2a c:/users/jesper/documents/ml_sommarjobb/toolchain-gd32v-v201-win/toolchain-gd32v-v201-win/compiler/bin/../lib/gcc/riscv64-unknown-elf/8.3.0/rv32imac/ilp32\libgcc.a(_ashldi3.o)
                0x0000000008007362                __ashldi3
 .text          0x000000000800738c       0x3c c:/users/jesper/documents/ml_sommarjobb/toolchain-gd32v-v201-win/toolchain-gd32v-v201-win/compiler/bin/../lib/gcc/riscv64-unknown-elf/8.3.0/rv32imac/ilp32\libgcc.a(_clzsi2.o)
                0x000000000800738c                __clzsi2
 .text.atexit   0x00000000080073c8       0x10 c:/users/jesper/documents/ml_sommarjobb/toolchain-gd32v-v201-win/toolchain-gd32v-v201-win/compiler/bin/../lib/gcc/riscv64-unknown-elf/8.3.0/../../../../riscv64-unknown-elf/lib/rv32imac/ilp32\libc_nano.a(lib_a-atexit.o)
                0x00000000080073c8                atexit
 .text.exit     0x00000000080073d8       0x36 c:/users/jesper/documents/ml_sommarjobb/toolchain-gd32v-v201-win/toolchain-gd32v-v201-win/compiler/bin/../lib/gcc/riscv64-unknown-elf/8.3.0/../../../../riscv64-unknown-elf/lib/rv32imac/ilp32\libc_nano.a(lib_a-exit.o)
                0x00000000080073d8                exit
 .text.__sflush_r
                0x000000000800740e      0x150 c:/users/jesper/documents/ml_sommarjobb/toolchain-gd32v-v201-win/toolchain-gd32v-v201-win/compiler/bin/../lib/gcc/riscv64-unknown-elf/8.3.0/../../../../riscv64-unknown-elf/lib/rv32imac/ilp32\libc_nano.a(lib_a-fflush.o)
                0x000000000800740e                __sflush_r
 .text._fflush_r
                0x000000000800755e       0x70 c:/users/jesper/documents/ml_sommarjobb/toolchain-gd32v-v201-win/toolchain-gd32v-v201-win/compiler/bin/../lib/gcc/riscv64-unknown-elf/8.3.0/../../../../riscv64-unknown-elf/lib/rv32imac/ilp32\libc_nano.a(lib_a-fflush.o)
                0x000000000800755e                _fflush_r
 .text.fflush   0x00000000080075ce       0x30 c:/users/jesper/documents/ml_sommarjobb/toolchain-gd32v-v201-win/toolchain-gd32v-v201-win/compiler/bin/../lib/gcc/riscv64-unknown-elf/8.3.0/../../../../riscv64-unknown-elf/lib/rv32imac/ilp32\libc_nano.a(lib_a-fflush.o)
                0x00000000080075ce                fflush
 .text.std      0x00000000080075fe       0x6e c:/users/jesper/documents/ml_sommarjobb/toolchain-gd32v-v201-win/toolchain-gd32v-v201-win/compiler/bin/../lib/gcc/riscv64-unknown-elf/8.3.0/../../../../riscv64-unknown-elf/lib/rv32imac/ilp32\libc_nano.a(lib_a-findfp.o)
 .text._cleanup_r
                0x000000000800766c       0x10 c:/users/jesper/documents/ml_sommarjobb/toolchain-gd32v-v201-win/toolchain-gd32v-v201-win/compiler/bin/../lib/gcc/riscv64-unknown-elf/8.3.0/../../../../riscv64-unknown-elf/lib/rv32imac/ilp32\libc_nano.a(lib_a-findfp.o)
                0x000000000800766c                _cleanup_r
 .text.__sfmoreglue
                0x000000000800767c       0x50 c:/users/jesper/documents/ml_sommarjobb/toolchain-gd32v-v201-win/toolchain-gd32v-v201-win/compiler/bin/../lib/gcc/riscv64-unknown-elf/8.3.0/../../../../riscv64-unknown-elf/lib/rv32imac/ilp32\libc_nano.a(lib_a-findfp.o)
                0x000000000800767c                __sfmoreglue
 .text.__sinit  0x00000000080076cc       0x8e c:/users/jesper/documents/ml_sommarjobb/toolchain-gd32v-v201-win/toolchain-gd32v-v201-win/compiler/bin/../lib/gcc/riscv64-unknown-elf/8.3.0/../../../../riscv64-unknown-elf/lib/rv32imac/ilp32\libc_nano.a(lib_a-findfp.o)
                0x00000000080076cc                __sinit
 .text.__sfp    0x000000000800775a       0xb0 c:/users/jesper/documents/ml_sommarjobb/toolchain-gd32v-v201-win/toolchain-gd32v-v201-win/compiler/bin/../lib/gcc/riscv64-unknown-elf/8.3.0/../../../../riscv64-unknown-elf/lib/rv32imac/ilp32\libc_nano.a(lib_a-findfp.o)
                0x000000000800775a                __sfp
 .text.__libc_fini_array
                0x000000000800780a       0x38 c:/users/jesper/documents/ml_sommarjobb/toolchain-gd32v-v201-win/toolchain-gd32v-v201-win/compiler/bin/../lib/gcc/riscv64-unknown-elf/8.3.0/../../../../riscv64-unknown-elf/lib/rv32imac/ilp32\libc_nano.a(lib_a-fini.o)
                0x000000000800780a                __libc_fini_array
 .text._fwalk_reent
                0x0000000008007842       0x6c c:/users/jesper/documents/ml_sommarjobb/toolchain-gd32v-v201-win/toolchain-gd32v-v201-win/compiler/bin/../lib/gcc/riscv64-unknown-elf/8.3.0/../../../../riscv64-unknown-elf/lib/rv32imac/ilp32\libc_nano.a(lib_a-fwalk.o)
                0x0000000008007842                _fwalk_reent
 .text.__libc_init_array
                0x00000000080078ae       0x6a c:/users/jesper/documents/ml_sommarjobb/toolchain-gd32v-v201-win/toolchain-gd32v-v201-win/compiler/bin/../lib/gcc/riscv64-unknown-elf/8.3.0/../../../../riscv64-unknown-elf/lib/rv32imac/ilp32\libc_nano.a(lib_a-init.o)
                0x00000000080078ae                __libc_init_array
 .text          0x0000000008007918       0x16 c:/users/jesper/documents/ml_sommarjobb/toolchain-gd32v-v201-win/toolchain-gd32v-v201-win/compiler/bin/../lib/gcc/riscv64-unknown-elf/8.3.0/../../../../riscv64-unknown-elf/lib/rv32imac/ilp32\libc_nano.a(lib_a-memcpy-asm.o)
                0x0000000008007918                memcpy
 .text          0x000000000800792e       0x10 c:/users/jesper/documents/ml_sommarjobb/toolchain-gd32v-v201-win/toolchain-gd32v-v201-win/compiler/bin/../lib/gcc/riscv64-unknown-elf/8.3.0/../../../../riscv64-unknown-elf/lib/rv32imac/ilp32\libc_nano.a(lib_a-memset.o)
                0x000000000800792e                memset
 .text._free_r  0x000000000800793e       0xb8 c:/users/jesper/documents/ml_sommarjobb/toolchain-gd32v-v201-win/toolchain-gd32v-v201-win/compiler/bin/../lib/gcc/riscv64-unknown-elf/8.3.0/../../../../riscv64-unknown-elf/lib/rv32imac/ilp32\libc_nano.a(lib_a-nano-freer.o)
                0x000000000800793e                _free_r
 .text._malloc_r
                0x00000000080079f6      0x102 c:/users/jesper/documents/ml_sommarjobb/toolchain-gd32v-v201-win/toolchain-gd32v-v201-win/compiler/bin/../lib/gcc/riscv64-unknown-elf/8.3.0/../../../../riscv64-unknown-elf/lib/rv32imac/ilp32\libc_nano.a(lib_a-nano-mallocr.o)
                0x00000000080079f6                _malloc_r
 .text.printf   0x0000000008007af8       0x4e c:/users/jesper/documents/ml_sommarjobb/toolchain-gd32v-v201-win/toolchain-gd32v-v201-win/compiler/bin/../lib/gcc/riscv64-unknown-elf/8.3.0/../../../../riscv64-unknown-elf/lib/rv32imac/ilp32\libc_nano.a(lib_a-printf.o)
                0x0000000008007af8                iprintf
                0x0000000008007af8                printf
 .text._puts_r  0x0000000008007b46       0xf8 c:/users/jesper/documents/ml_sommarjobb/toolchain-gd32v-v201-win/toolchain-gd32v-v201-win/compiler/bin/../lib/gcc/riscv64-unknown-elf/8.3.0/../../../../riscv64-unknown-elf/lib/rv32imac/ilp32\libc_nano.a(lib_a-puts.o)
                0x0000000008007b46                _puts_r
 .text.puts     0x0000000008007c3e       0x14 c:/users/jesper/documents/ml_sommarjobb/toolchain-gd32v-v201-win/toolchain-gd32v-v201-win/compiler/bin/../lib/gcc/riscv64-unknown-elf/8.3.0/../../../../riscv64-unknown-elf/lib/rv32imac/ilp32\libc_nano.a(lib_a-puts.o)
                0x0000000008007c3e                puts
 .text._sbrk_r  0x0000000008007c52       0x36 c:/users/jesper/documents/ml_sommarjobb/toolchain-gd32v-v201-win/toolchain-gd32v-v201-win/compiler/bin/../lib/gcc/riscv64-unknown-elf/8.3.0/../../../../riscv64-unknown-elf/lib/rv32imac/ilp32\libc_nano.a(lib_a-sbrkr.o)
                0x0000000008007c52                _sbrk_r
 .text.snprintf
                0x0000000008007c88       0x7a c:/users/jesper/documents/ml_sommarjobb/toolchain-gd32v-v201-win/toolchain-gd32v-v201-win/compiler/bin/../lib/gcc/riscv64-unknown-elf/8.3.0/../../../../riscv64-unknown-elf/lib/rv32imac/ilp32\libc_nano.a(lib_a-snprintf.o)
                0x0000000008007c88                sniprintf
                0x0000000008007c88                snprintf
 .text.__sread  0x0000000008007d02       0x36 c:/users/jesper/documents/ml_sommarjobb/toolchain-gd32v-v201-win/toolchain-gd32v-v201-win/compiler/bin/../lib/gcc/riscv64-unknown-elf/8.3.0/../../../../riscv64-unknown-elf/lib/rv32imac/ilp32\libc_nano.a(lib_a-stdio.o)
                0x0000000008007d02                __sread
 .text.__swrite
                0x0000000008007d38       0x5a c:/users/jesper/documents/ml_sommarjobb/toolchain-gd32v-v201-win/toolchain-gd32v-v201-win/compiler/bin/../lib/gcc/riscv64-unknown-elf/8.3.0/../../../../riscv64-unknown-elf/lib/rv32imac/ilp32\libc_nano.a(lib_a-stdio.o)
                0x0000000008007d38                __swrite
 .text.__sseek  0x0000000008007d92       0x3c c:/users/jesper/documents/ml_sommarjobb/toolchain-gd32v-v201-win/toolchain-gd32v-v201-win/compiler/bin/../lib/gcc/riscv64-unknown-elf/8.3.0/../../../../riscv64-unknown-elf/lib/rv32imac/ilp32\libc_nano.a(lib_a-stdio.o)
                0x0000000008007d92                __sseek
 .text.__sclose
                0x0000000008007dce        0xc c:/users/jesper/documents/ml_sommarjobb/toolchain-gd32v-v201-win/toolchain-gd32v-v201-win/compiler/bin/../lib/gcc/riscv64-unknown-elf/8.3.0/../../../../riscv64-unknown-elf/lib/rv32imac/ilp32\libc_nano.a(lib_a-stdio.o)
                0x0000000008007dce                __sclose
 .text.strcat   0x0000000008007dda       0x20 c:/users/jesper/documents/ml_sommarjobb/toolchain-gd32v-v201-win/toolchain-gd32v-v201-win/compiler/bin/../lib/gcc/riscv64-unknown-elf/8.3.0/../../../../riscv64-unknown-elf/lib/rv32imac/ilp32\libc_nano.a(lib_a-strcat.o)
                0x0000000008007dda                strcat
 .text.strlen   0x0000000008007dfa       0x12 c:/users/jesper/documents/ml_sommarjobb/toolchain-gd32v-v201-win/toolchain-gd32v-v201-win/compiler/bin/../lib/gcc/riscv64-unknown-elf/8.3.0/../../../../riscv64-unknown-elf/lib/rv32imac/ilp32\libc_nano.a(lib_a-strlen.o)
                0x0000000008007dfa                strlen
 .text.strncat  0x0000000008007e0c       0x2e c:/users/jesper/documents/ml_sommarjobb/toolchain-gd32v-v201-win/toolchain-gd32v-v201-win/compiler/bin/../lib/gcc/riscv64-unknown-elf/8.3.0/../../../../riscv64-unknown-elf/lib/rv32imac/ilp32\libc_nano.a(lib_a-strncat.o)
                0x0000000008007e0c                strncat
 .text.isatty   0x0000000008007e3a        0x8 c:/users/jesper/documents/ml_sommarjobb/toolchain-gd32v-v201-win/toolchain-gd32v-v201-win/compiler/bin/../lib/gcc/riscv64-unknown-elf/8.3.0/../../../../riscv64-unknown-elf/lib/rv32imac/ilp32\libc_nano.a(lib_a-sysisatty.o)
                0x0000000008007e3a                isatty
 .text.write    0x0000000008007e42       0x18 c:/users/jesper/documents/ml_sommarjobb/toolchain-gd32v-v201-win/toolchain-gd32v-v201-win/compiler/bin/../lib/gcc/riscv64-unknown-elf/8.3.0/../../../../riscv64-unknown-elf/lib/rv32imac/ilp32\libc_nano.a(lib_a-syswrite.o)
                0x0000000008007e42                write
 .text.__swbuf_r
                0x0000000008007e5a       0xd8 c:/users/jesper/documents/ml_sommarjobb/toolchain-gd32v-v201-win/toolchain-gd32v-v201-win/compiler/bin/../lib/gcc/riscv64-unknown-elf/8.3.0/../../../../riscv64-unknown-elf/lib/rv32imac/ilp32\libc_nano.a(lib_a-wbuf.o)
                0x0000000008007e5a                __swbuf_r
 .text._write_r
                0x0000000008007f32       0x3a c:/users/jesper/documents/ml_sommarjobb/toolchain-gd32v-v201-win/toolchain-gd32v-v201-win/compiler/bin/../lib/gcc/riscv64-unknown-elf/8.3.0/../../../../riscv64-unknown-elf/lib/rv32imac/ilp32\libc_nano.a(lib_a-writer.o)
                0x0000000008007f32                _write_r
 .text.__swsetup_r
                0x0000000008007f6c      0x122 c:/users/jesper/documents/ml_sommarjobb/toolchain-gd32v-v201-win/toolchain-gd32v-v201-win/compiler/bin/../lib/gcc/riscv64-unknown-elf/8.3.0/../../../../riscv64-unknown-elf/lib/rv32imac/ilp32\libc_nano.a(lib_a-wsetup.o)
                0x0000000008007f6c                __swsetup_r
 .text.__register_exitproc
                0x000000000800808e       0x8c c:/users/jesper/documents/ml_sommarjobb/toolchain-gd32v-v201-win/toolchain-gd32v-v201-win/compiler/bin/../lib/gcc/riscv64-unknown-elf/8.3.0/../../../../riscv64-unknown-elf/lib/rv32imac/ilp32\libc_nano.a(lib_a-__atexit.o)
                0x000000000800808e                __register_exitproc
 .text.__call_exitprocs
                0x000000000800811a       0xc8 c:/users/jesper/documents/ml_sommarjobb/toolchain-gd32v-v201-win/toolchain-gd32v-v201-win/compiler/bin/../lib/gcc/riscv64-unknown-elf/8.3.0/../../../../riscv64-unknown-elf/lib/rv32imac/ilp32\libc_nano.a(lib_a-__call_atexit.o)
                0x000000000800811a                __call_exitprocs
 .text._close_r
                0x00000000080081e2       0x36 c:/users/jesper/documents/ml_sommarjobb/toolchain-gd32v-v201-win/toolchain-gd32v-v201-win/compiler/bin/../lib/gcc/riscv64-unknown-elf/8.3.0/../../../../riscv64-unknown-elf/lib/rv32imac/ilp32\libc_nano.a(lib_a-closer.o)
                0x00000000080081e2                _close_r
 .text._lseek_r
                0x0000000008008218       0x3a c:/users/jesper/documents/ml_sommarjobb/toolchain-gd32v-v201-win/toolchain-gd32v-v201-win/compiler/bin/../lib/gcc/riscv64-unknown-elf/8.3.0/../../../../riscv64-unknown-elf/lib/rv32imac/ilp32\libc_nano.a(lib_a-lseekr.o)
                0x0000000008008218                _lseek_r
 .text.__swhatbuf_r
                0x0000000008008252       0x5e c:/users/jesper/documents/ml_sommarjobb/toolchain-gd32v-v201-win/toolchain-gd32v-v201-win/compiler/bin/../lib/gcc/riscv64-unknown-elf/8.3.0/../../../../riscv64-unknown-elf/lib/rv32imac/ilp32\libc_nano.a(lib_a-makebuf.o)
                0x0000000008008252                __swhatbuf_r
 .text.__smakebuf_r
                0x00000000080082b0       0xae c:/users/jesper/documents/ml_sommarjobb/toolchain-gd32v-v201-win/toolchain-gd32v-v201-win/compiler/bin/../lib/gcc/riscv64-unknown-elf/8.3.0/../../../../riscv64-unknown-elf/lib/rv32imac/ilp32\libc_nano.a(lib_a-makebuf.o)
                0x00000000080082b0                __smakebuf_r
 .text.__malloc_lock
                0x000000000800835e        0x2 c:/users/jesper/documents/ml_sommarjobb/toolchain-gd32v-v201-win/toolchain-gd32v-v201-win/compiler/bin/../lib/gcc/riscv64-unknown-elf/8.3.0/../../../../riscv64-unknown-elf/lib/rv32imac/ilp32\libc_nano.a(lib_a-mlock.o)
                0x000000000800835e                __malloc_lock
 .text.__malloc_unlock
                0x0000000008008360        0x2 c:/users/jesper/documents/ml_sommarjobb/toolchain-gd32v-v201-win/toolchain-gd32v-v201-win/compiler/bin/../lib/gcc/riscv64-unknown-elf/8.3.0/../../../../riscv64-unknown-elf/lib/rv32imac/ilp32\libc_nano.a(lib_a-mlock.o)
                0x0000000008008360                __malloc_unlock
 .text.__ssputs_r
                0x0000000008008362      0x102 c:/users/jesper/documents/ml_sommarjobb/toolchain-gd32v-v201-win/toolchain-gd32v-v201-win/compiler/bin/../lib/gcc/riscv64-unknown-elf/8.3.0/../../../../riscv64-unknown-elf/lib/rv32imac/ilp32\libc_nano.a(lib_a-nano-svfprintf.o)
                0x0000000008008362                __ssputs_r
 .text._svfprintf_r
                0x0000000008008464      0x29a c:/users/jesper/documents/ml_sommarjobb/toolchain-gd32v-v201-win/toolchain-gd32v-v201-win/compiler/bin/../lib/gcc/riscv64-unknown-elf/8.3.0/../../../../riscv64-unknown-elf/lib/rv32imac/ilp32\libc_nano.a(lib_a-nano-svfprintf.o)
                0x0000000008008464                _svfiprintf_r
                0x0000000008008464                _svfprintf_r
 .text._printf_common
                0x00000000080086fe      0x10c c:/users/jesper/documents/ml_sommarjobb/toolchain-gd32v-v201-win/toolchain-gd32v-v201-win/compiler/bin/../lib/gcc/riscv64-unknown-elf/8.3.0/../../../../riscv64-unknown-elf/lib/rv32imac/ilp32\libc_nano.a(lib_a-nano-vfprintf_i.o)
                0x00000000080086fe                _printf_common
 .text._printf_i
                0x000000000800880a      0x2ae c:/users/jesper/documents/ml_sommarjobb/toolchain-gd32v-v201-win/toolchain-gd32v-v201-win/compiler/bin/../lib/gcc/riscv64-unknown-elf/8.3.0/../../../../riscv64-unknown-elf/lib/rv32imac/ilp32\libc_nano.a(lib_a-nano-vfprintf_i.o)
                0x000000000800880a                _printf_i
 .text.__sfputc_r
                0x0000000008008ab8       0x2e c:/users/jesper/documents/ml_sommarjobb/toolchain-gd32v-v201-win/toolchain-gd32v-v201-win/compiler/bin/../lib/gcc/riscv64-unknown-elf/8.3.0/../../../../riscv64-unknown-elf/lib/rv32imac/ilp32\libc_nano.a(lib_a-nano-vfprintf.o)
 .text.__sfputs_r
                0x0000000008008ae6       0x48 c:/users/jesper/documents/ml_sommarjobb/toolchain-gd32v-v201-win/toolchain-gd32v-v201-win/compiler/bin/../lib/gcc/riscv64-unknown-elf/8.3.0/../../../../riscv64-unknown-elf/lib/rv32imac/ilp32\libc_nano.a(lib_a-nano-vfprintf.o)
                0x0000000008008ae6                __sfputs_r
 .text._vfprintf_r
                0x0000000008008b2e      0x2c0 c:/users/jesper/documents/ml_sommarjobb/toolchain-gd32v-v201-win/toolchain-gd32v-v201-win/compiler/bin/../lib/gcc/riscv64-unknown-elf/8.3.0/../../../../riscv64-unknown-elf/lib/rv32imac/ilp32\libc_nano.a(lib_a-nano-vfprintf.o)
                0x0000000008008b2e                _vfprintf_r
                0x0000000008008b2e                _vfiprintf_r
 .text._read_r  0x0000000008008dee       0x3a c:/users/jesper/documents/ml_sommarjobb/toolchain-gd32v-v201-win/toolchain-gd32v-v201-win/compiler/bin/../lib/gcc/riscv64-unknown-elf/8.3.0/../../../../riscv64-unknown-elf/lib/rv32imac/ilp32\libc_nano.a(lib_a-readr.o)
                0x0000000008008dee                _read_r
 .text._fstat_r
                0x0000000008008e28       0x38 c:/users/jesper/documents/ml_sommarjobb/toolchain-gd32v-v201-win/toolchain-gd32v-v201-win/compiler/bin/../lib/gcc/riscv64-unknown-elf/8.3.0/../../../../riscv64-unknown-elf/lib/rv32imac/ilp32\libc_nano.a(lib_a-fstatr.o)
                0x0000000008008e28                _fstat_r
 .text._isatty_r
                0x0000000008008e60       0x36 c:/users/jesper/documents/ml_sommarjobb/toolchain-gd32v-v201-win/toolchain-gd32v-v201-win/compiler/bin/../lib/gcc/riscv64-unknown-elf/8.3.0/../../../../riscv64-unknown-elf/lib/rv32imac/ilp32\libc_nano.a(lib_a-isattyr.o)
                0x0000000008008e60                _isatty_r
 .text.memchr   0x0000000008008e96       0x1a c:/users/jesper/documents/ml_sommarjobb/toolchain-gd32v-v201-win/toolchain-gd32v-v201-win/compiler/bin/../lib/gcc/riscv64-unknown-elf/8.3.0/../../../../riscv64-unknown-elf/lib/rv32imac/ilp32\libc_nano.a(lib_a-memchr.o)
                0x0000000008008e96                memchr
 .text          0x0000000008008eb0       0x26 c:/users/jesper/documents/ml_sommarjobb/toolchain-gd32v-v201-win/toolchain-gd32v-v201-win/compiler/bin/../lib/gcc/riscv64-unknown-elf/8.3.0/../../../../riscv64-unknown-elf/lib/rv32imac/ilp32\libc_nano.a(lib_a-memmove.o)
                0x0000000008008eb0                memmove
 .text._realloc_r
                0x0000000008008ed6       0x72 c:/users/jesper/documents/ml_sommarjobb/toolchain-gd32v-v201-win/toolchain-gd32v-v201-win/compiler/bin/../lib/gcc/riscv64-unknown-elf/8.3.0/../../../../riscv64-unknown-elf/lib/rv32imac/ilp32\libc_nano.a(lib_a-nano-reallocr.o)
                0x0000000008008ed6                _realloc_r
 .text._malloc_usable_size_r
                0x0000000008008f48       0x14 c:/users/jesper/documents/ml_sommarjobb/toolchain-gd32v-v201-win/toolchain-gd32v-v201-win/compiler/bin/../lib/gcc/riscv64-unknown-elf/8.3.0/../../../../riscv64-unknown-elf/lib/rv32imac/ilp32\libc_nano.a(lib_a-nano-msizer.o)
                0x0000000008008f48                _malloc_usable_size_r
 *(.gnu.linkonce.t.*)

.sdata2.USB_SPEED
                0x0000000008008f5c        0x4
 .sdata2.USB_SPEED
                0x0000000008008f5c        0x4 build/drv_usbd_int.o

.sdata2.usbd_language_id_desc
                0x0000000008008f60        0x4
 .sdata2.usbd_language_id_desc
                0x0000000008008f60        0x4 build/cdc_acm_core.o
                0x0000000008008f60                usbd_language_id_desc

.sdata2.EP0_MAXLEN
                0x0000000008008f64        0x4
 .sdata2.EP0_MAXLEN
                0x0000000008008f64        0x4 build/drv_usb_dev.o

.sdata2._global_impure_ptr
                0x0000000008008f68        0x4
 .sdata2._global_impure_ptr
                0x0000000008008f68        0x4 c:/users/jesper/documents/ml_sommarjobb/toolchain-gd32v-v201-win/toolchain-gd32v-v201-win/compiler/bin/../lib/gcc/riscv64-unknown-elf/8.3.0/../../../../riscv64-unknown-elf/lib/rv32imac/ilp32\libc_nano.a(lib_a-impure.o)
                0x0000000008008f68                _global_impure_ptr

.rela.dyn       0x0000000008008f6c        0x0
 .rela.text._sbrk
                0x0000000008008f6c        0x0 build/gd32vf103_exti.o
 .rela.sdata.curbrk.1524
                0x0000000008008f6c        0x0 build/gd32vf103_exti.o
 .rela.text.handle_trap
                0x0000000008008f6c        0x0 build/gd32vf103_exti.o
 .rela.text.read_mpu
                0x0000000008008f6c        0x0 build/gd32vf103_exti.o
 .rela.text.write_mpu
                0x0000000008008f6c        0x0 build/gd32vf103_exti.o
 .rela.text.mpu6500_init
                0x0000000008008f6c        0x0 build/gd32vf103_exti.o
 .rela.text.mpu6500_install
                0x0000000008008f6c        0x0 build/gd32vf103_exti.o
 .rela.text.init_q
                0x0000000008008f6c        0x0 build/gd32vf103_exti.o
 .rela.text.enqueue_string
                0x0000000008008f6c        0x0 build/gd32vf103_exti.o
 .rela.text.queue_str_len
                0x0000000008008f6c        0x0 build/gd32vf103_exti.o
 .rela.text.dequeue_string
                0x0000000008008f6c        0x0 build/gd32vf103_exti.o
 .rela.text.empty_string_queue
                0x0000000008008f6c        0x0 build/gd32vf103_exti.o
 .rela.text.clear_queues
                0x0000000008008f6c        0x0 build/gd32vf103_exti.o
 .rela.text.usb_rcu_config
                0x0000000008008f6c        0x0 build/gd32vf103_exti.o
 .rela.text.cdc_acm_req_handler
                0x0000000008008f6c        0x0 build/gd32vf103_exti.o
 .rela.text.cdc_acm_EP0_RxReady
                0x0000000008008f6c        0x0 build/gd32vf103_exti.o
 .rela.init     0x0000000008008f6c        0x0 build/gd32vf103_exti.o
 .rela.text.trap
                0x0000000008008f6c        0x0 build/gd32vf103_exti.o
 .rela.text.__libc_fini_array
                0x0000000008008f6c        0x0 build/gd32vf103_exti.o
 .rela.text.__libc_init_array
                0x0000000008008f6c        0x0 build/gd32vf103_exti.o
 .rela.text._sbrk_r
                0x0000000008008f6c        0x0 build/gd32vf103_exti.o
 .rela.text._write_r
                0x0000000008008f6c        0x0 build/gd32vf103_exti.o
 .rela.text.__register_exitproc
                0x0000000008008f6c        0x0 build/gd32vf103_exti.o
 .rela.text._close_r
                0x0000000008008f6c        0x0 build/gd32vf103_exti.o
 .rela.text._lseek_r
                0x0000000008008f6c        0x0 build/gd32vf103_exti.o
 .rela.text._svfprintf_r
                0x0000000008008f6c        0x0 build/gd32vf103_exti.o
 .rela.text._vfprintf_r
                0x0000000008008f6c        0x0 build/gd32vf103_exti.o
 .rela.text._read_r
                0x0000000008008f6c        0x0 build/gd32vf103_exti.o
 .rela.text._fstat_r
                0x0000000008008f6c        0x0 build/gd32vf103_exti.o
 .rela.text._isatty_r
                0x0000000008008f6c        0x0 build/gd32vf103_exti.o

.fini
 *(SORT_NONE(.fini))
                0x0000000008008f6c                . = ALIGN (0x4)
                [!provide]                        PROVIDE (__etext = .)
                [!provide]                        PROVIDE (_etext = .)
                [!provide]                        PROVIDE (etext = .)
                [!provide]                        PROVIDE (_eilm = .)

.preinit_array  0x0000000008008f6c        0x0
                0x0000000008008f6c                PROVIDE (__preinit_array_start = .)
 *(.preinit_array)
                0x0000000008008f6c                PROVIDE (__preinit_array_end = .)

.init_array     0x0000000008008f6c        0x0
                0x0000000008008f6c                PROVIDE (__init_array_start = .)
 *(SORT_BY_INIT_PRIORITY(.init_array.*) SORT_BY_INIT_PRIORITY(.ctors.*))
 *(.init_array EXCLUDE_FILE(*crtend?.o *crtend.o *crtbegin?.o *crtbegin.o) .ctors)
                0x0000000008008f6c                PROVIDE (__init_array_end = .)

.fini_array     0x0000000008008f6c        0x0
                0x0000000008008f6c                PROVIDE (__fini_array_start = .)
 *(SORT_BY_INIT_PRIORITY(.fini_array.*) SORT_BY_INIT_PRIORITY(.dtors.*))
 *(.fini_array EXCLUDE_FILE(*crtend?.o *crtend.o *crtbegin?.o *crtbegin.o) .dtors)
                0x0000000008008f6c                PROVIDE (__fini_array_end = .)

.ctors
 *crtbegin.o(.ctors)
 *crtbegin?.o(.ctors)
 *(EXCLUDE_FILE(*crtend?.o *crtend.o) .ctors)
 *(SORT_BY_NAME(.ctors.*))
 *(.ctors)

.dtors
 *crtbegin.o(.dtors)
 *crtbegin?.o(.dtors)
 *(EXCLUDE_FILE(*crtend?.o *crtend.o) .dtors)
 *(SORT_BY_NAME(.dtors.*))
 *(.dtors)
                0x0000000008008f6c                . = ALIGN (0x4)
                [!provide]                        PROVIDE (_eilm = .)

.lalign         0x0000000008008f6c        0x0
                0x0000000008008f6c                . = ALIGN (0x4)
                0x0000000008008f6c                PROVIDE (_data_lma = .)

.dalign         0x0000000020000000        0x0 load address 0x0000000008008f6c
                0x0000000020000000                . = ALIGN (0x4)
                0x0000000020000000                PROVIDE (_data = .)

.data           0x0000000020000000      0x570 load address 0x0000000008008f6c
 *(.rdata)
 *(.gnu.linkonce.r.*)
 *(.data .data.*)
 .data.USB_OTG_dev
                0x0000000020000000      0x434 build/usb_serial_if.o
                0x0000000020000000                USB_OTG_dev
 .data.configuration_descriptor
                0x0000000020000434       0x43 build/cdc_acm_core.o
                0x0000000020000434                configuration_descriptor
 *fill*         0x0000000020000477        0x1 
 .data.usbd_cdc_cb
                0x0000000020000478       0x24 build/cdc_acm_core.o
                0x0000000020000478                usbd_cdc_cb
 .data.current_label
                0x000000002000049c        0xa build/main.o
                0x000000002000049c                current_label
 *fill*         0x00000000200004a6        0x2 
 .data.header   0x00000000200004a8       0x19 build/main.o
                0x00000000200004a8                header
 *fill*         0x00000000200004c1        0x3 
 .data.labels   0x00000000200004c4       0x1e build/main.o
                0x00000000200004c4                labels
 *fill*         0x00000000200004e2        0x2 
 .data.impure_data
                0x00000000200004e4       0x60 c:/users/jesper/documents/ml_sommarjobb/toolchain-gd32v-v201-win/toolchain-gd32v-v201-win/compiler/bin/../lib/gcc/riscv64-unknown-elf/8.3.0/../../../../riscv64-unknown-elf/lib/rv32imac/ilp32\libc_nano.a(lib_a-impure.o)
 *(.gnu.linkonce.d.*)
                0x0000000020000548                . = ALIGN (0x8)
 *fill*         0x0000000020000544        0x4 
                0x0000000020000d48                PROVIDE (__global_pointer$ = (. + 0x800))
 *(.sdata .sdata.*)
 .sdata.SystemCoreClock
                0x0000000020000548        0x4 build/system_gd32vf103.o
                0x0000000020000548                SystemCoreClock
 .sdata.curbrk.1524
                0x000000002000054c        0x4 build/sbrk.o
 .sdata.Stat    0x0000000020000550        0x1 build/tf_card.o
 *fill*         0x0000000020000551        0x3 
 .sdata.time    0x0000000020000554        0x8 build/gd32v_tf_card_if.o
                0x0000000020000554                time
 .sdata.cdc_cmd
                0x000000002000055c        0x4 build/cdc_acm_core.o
 .sdata.linecoding
                0x0000000020000560        0x8 build/cdc_acm_core.o
                0x0000000020000560                linecoding
 .sdata.packet_receive
                0x0000000020000568        0x1 build/cdc_acm_core.o
                0x0000000020000568                packet_receive
 .sdata.packet_sent
                0x0000000020000569        0x1 build/cdc_acm_core.o
                0x0000000020000569                packet_sent
 *fill*         0x000000002000056a        0x2 
 .sdata._impure_ptr
                0x000000002000056c        0x4 c:/users/jesper/documents/ml_sommarjobb/toolchain-gd32v-v201-win/toolchain-gd32v-v201-win/compiler/bin/../lib/gcc/riscv64-unknown-elf/8.3.0/../../../../riscv64-unknown-elf/lib/rv32imac/ilp32\libc_nano.a(lib_a-impure.o)
                0x000000002000056c                _impure_ptr
 *(.gnu.linkonce.s.*)
                0x0000000020000570                . = ALIGN (0x8)
 *(.srodata.cst16)
 *(.srodata.cst8)
 *(.srodata.cst4)
 *(.srodata.cst2)
 *(.srodata .srodata.*)
                0x0000000020000570                . = ALIGN (0x4)
                0x0000000020000570                PROVIDE (_edata = .)
                [!provide]                        PROVIDE (edata = .)
                [!provide]                        PROVIDE (_fbss = .)
                0x0000000020000570                PROVIDE (__bss_start = .)

.bss            0x0000000020000570     0x4358
 *(.sbss*)
 .sbss.pmtisr   0x0000000020000570        0x4 build/eclicw.o
 .sbss.pu0tbeisr
                0x0000000020000574        0x4 build/eclicw.o
 .sbss.tf_current_time
                0x0000000020000578        0x8 build/tf_delay.o
                0x0000000020000578                tf_current_time
 .sbss.tf_delay_until
                0x0000000020000580        0x8 build/tf_delay.o
                0x0000000020000580                tf_delay_until
 .sbss.CardType
                0x0000000020000588        0x1 build/tf_card.o
 *fill*         0x0000000020000589        0x3 
 .sbss.FatFs    0x000000002000058c        0x4 build/ff.o
 .sbss.Fsid     0x0000000020000590        0x2 build/ff.o
 .sbss.config.4766
                0x0000000020000592        0x1 build/usbd_enum.o
 *fill*         0x0000000020000593        0x1 
 .sbss.status.4696
                0x0000000020000594        0x2 build/usbd_enum.o
 *fill*         0x0000000020000596        0x2 
 .sbss.usbfs_prescaler
                0x0000000020000598        0x4 build/gd32vf103_hw.o
                0x0000000020000598                usbfs_prescaler
 .sbss.setupc_flag
                0x000000002000059c        0x1 build/drv_usbd_int.o
                0x000000002000059c                setupc_flag
 *fill*         0x000000002000059d        0x3 
 .sbss.receive_length
                0x00000000200005a0        0x4 build/cdc_acm_core.o
                0x00000000200005a0                receive_length
 .sbss.rx_custom_cb
                0x00000000200005a4        0x4 build/cdc_acm_core.o
                0x00000000200005a4                rx_custom_cb
 .sbss.usb_serial_connected
                0x00000000200005a8        0x4 build/cdc_acm_core.o
 .sbss.last_Sample_buffer
                0x00000000200005ac        0x6 build/main.o
                0x00000000200005ac                last_Sample_buffer
 *fill*         0x00000000200005b2        0x2 
 .sbss.measurments_taken
                0x00000000200005b4        0x4 build/main.o
                0x00000000200005b4                measurments_taken
 .sbss.__malloc_free_list
                0x00000000200005b8        0x4 c:/users/jesper/documents/ml_sommarjobb/toolchain-gd32v-v201-win/toolchain-gd32v-v201-win/compiler/bin/../lib/gcc/riscv64-unknown-elf/8.3.0/../../../../riscv64-unknown-elf/lib/rv32imac/ilp32\libc_nano.a(lib_a-nano-mallocr.o)
                0x00000000200005b8                __malloc_free_list
 .sbss.__malloc_sbrk_start
                0x00000000200005bc        0x4 c:/users/jesper/documents/ml_sommarjobb/toolchain-gd32v-v201-win/toolchain-gd32v-v201-win/compiler/bin/../lib/gcc/riscv64-unknown-elf/8.3.0/../../../../riscv64-unknown-elf/lib/rv32imac/ilp32\libc_nano.a(lib_a-nano-mallocr.o)
                0x00000000200005bc                __malloc_sbrk_start
 .sbss._global_atexit
                0x00000000200005c0        0x4 c:/users/jesper/documents/ml_sommarjobb/toolchain-gd32v-v201-win/toolchain-gd32v-v201-win/compiler/bin/../lib/gcc/riscv64-unknown-elf/8.3.0/../../../../riscv64-unknown-elf/lib/rv32imac/ilp32\libc_nano.a(lib_a-__call_atexit.o)
                0x00000000200005c0                _global_atexit
 *(.gnu.linkonce.sb.*)
 *(.bss .bss.*)
 .bss.tx_buffer
                0x00000000200005c4      0x200 build/usb_serial_if.o
                0x00000000200005c4                tx_buffer
 .bss._global_atexit0
                0x00000000200007c4       0x8c c:/users/jesper/documents/ml_sommarjobb/toolchain-gd32v-v201-win/toolchain-gd32v-v201-win/compiler/bin/../lib/gcc/riscv64-unknown-elf/8.3.0/../../../../riscv64-unknown-elf/lib/rv32imac/ilp32\libc_nano.a(lib_a-__atexit.o)
 *(.gnu.linkonce.b.*)
 *(COMMON)
 COMMON         0x0000000020000850       0x10 build/mpu6500_driver.o
                0x0000000020000850                cb
 COMMON         0x0000000020000860        0x4 build/gd32v_mpu6500_if.o
                0x0000000020000860                i2c_port
 COMMON         0x0000000020000864     0x4014 build/queue.o
                0x0000000020000864                w
 COMMON         0x0000000020004878        0x4 build/gd32vf103_hw.o
                0x0000000020004878                timer_prescaler
 COMMON         0x000000002000487c       0x48 build/cdc_acm_core.o
                0x000000002000487c                usb_data_buffer
                0x00000000200048bc                usb_cmd_buffer
 COMMON         0x00000000200048c4        0x4 c:/users/jesper/documents/ml_sommarjobb/toolchain-gd32v-v201-win/toolchain-gd32v-v201-win/compiler/bin/../lib/gcc/riscv64-unknown-elf/8.3.0/../../../../riscv64-unknown-elf/lib/rv32imac/ilp32\libc_nano.a(lib_a-reent.o)
                0x00000000200048c4                errno
                0x00000000200048c8                . = ALIGN (0x4)
                0x00000000200048c8                . = ALIGN (0x8)
                0x00000000200048c8                PROVIDE (_end = .)
                [!provide]                        PROVIDE (end = .)

.stack          0x0000000020007000     0x1000 load address 0x00000000200048c8
                0x0000000020007000                PROVIDE (_heap_end = .)
                0x0000000000001000                . = __stack_size
 *fill*         0x0000000020007000     0x1000 
                0x0000000020008000                PROVIDE (_sp = .)
                0x0000000000001000                . = (__dbg_stack_size + __stack_size)
                [!provide]                        PROVIDE (_dbg_sp = .)
OUTPUT(build/gd32vf103.elf elf32-littleriscv)

.debug_info     0x0000000000000000    0x2ba03
 .debug_info    0x0000000000000000      0x3e9 build/gd32vf103_exti.o
 .debug_info    0x00000000000003e9      0xa73 build/gd32vf103_spi.o
 .debug_info    0x0000000000000e5c      0xf51 build/gd32vf103_rcu.o
 .debug_info    0x0000000000001dad      0x6f6 build/gd32vf103_gpio.o
 .debug_info    0x00000000000024a3     0x16ec build/gd32vf103_timer.o
 .debug_info    0x0000000000003b8f      0xbfd build/gd32vf103_i2c.o
 .debug_info    0x000000000000478c      0xe20 build/gd32vf103_dma.o
 .debug_info    0x00000000000055ac      0x2ac build/gd32vf103_eclic.o
 .debug_info    0x0000000000005858      0x203 build/system_gd32vf103.o
 .debug_info    0x0000000000005a5b      0x1bb build/write_hex.o
 .debug_info    0x0000000000005c16       0xd0 build/sbrk.o
 .debug_info    0x0000000000005ce6      0xacd build/close.o
 .debug_info    0x00000000000067b3      0xb29 build/lseek.o
 .debug_info    0x00000000000072dc      0x1d3 build/_exit.o
 .debug_info    0x00000000000074af      0x108 build/isatty.o
 .debug_info    0x00000000000075b7      0xd59 build/fstat.o
 .debug_info    0x0000000000008310      0xb01 build/read.o
 .debug_info    0x0000000000008e11     0x18a2 build/n200_func.o
 .debug_info    0x000000000000a6b3      0xb4f build/handlers.o
 .debug_info    0x000000000000b202      0xcb0 build/init.o
 .debug_info    0x000000000000beb2      0x8ed build/dma.o
 .debug_info    0x000000000000c79f      0x3da build/eclicw.o
 .debug_info    0x000000000000cb79      0x17c build/tf_delay.o
 .debug_info    0x000000000000ccf5     0x1bb1 build/tf_card.o
 .debug_info    0x000000000000e8a6      0xb63 build/gd32v_tf_card_if.o
 .debug_info    0x000000000000f409     0x2a42 build/ff.o
 .debug_info    0x0000000000011e4b     0x10aa build/mpu6500_driver.o
 .debug_info    0x0000000000012ef5     0x14d3 build/gd32v_mpu6500_if.o
 .debug_info    0x00000000000143c8      0x4bd build/queue.o
 .debug_info    0x0000000000014885      0x1a9 build/systick.o
 .debug_info    0x0000000000014a2e     0x2128 build/usbd_enum.o
 .debug_info    0x0000000000016b56      0x1a9 build/usb_delay.o
 .debug_info    0x0000000000016cff     0x1cb4 build/gd32vf103_usb_it.o
 .debug_info    0x00000000000189b3     0x1a23 build/usbd_transc.o
 .debug_info    0x000000000001a3d6      0xb4e build/drv_usb_core.o
 .debug_info    0x000000000001af24     0x10bb build/gd32vf103_hw.o
 .debug_info    0x000000000001bfdf     0x12e8 build/drv_usbd_int.o
 .debug_info    0x000000000001d2c7     0x1e9b build/usb_serial_if.o
 .debug_info    0x000000000001f162     0x21a4 build/cdc_acm_core.o
 .debug_info    0x0000000000021306     0x1304 build/usbd_core.o
 .debug_info    0x000000000002260a     0x13ce build/drv_usb_dev.o
 .debug_info    0x00000000000239d8     0x31ed build/main.o
 .debug_info    0x0000000000026bc5       0x26 build/start.o
 .debug_info    0x0000000000026beb       0x22 build/entry.o
 .debug_info    0x0000000000026c0d      0x734 c:/users/jesper/documents/ml_sommarjobb/toolchain-gd32v-v201-win/toolchain-gd32v-v201-win/compiler/bin/../lib/gcc/riscv64-unknown-elf/8.3.0/rv32imac/ilp32\libgcc.a(divdf3.o)
 .debug_info    0x0000000000027341      0x286 c:/users/jesper/documents/ml_sommarjobb/toolchain-gd32v-v201-win/toolchain-gd32v-v201-win/compiler/bin/../lib/gcc/riscv64-unknown-elf/8.3.0/rv32imac/ilp32\libgcc.a(ledf2.o)
 .debug_info    0x00000000000275c7      0x76c c:/users/jesper/documents/ml_sommarjobb/toolchain-gd32v-v201-win/toolchain-gd32v-v201-win/compiler/bin/../lib/gcc/riscv64-unknown-elf/8.3.0/rv32imac/ilp32\libgcc.a(muldf3.o)
 .debug_info    0x0000000000027d33      0x2c0 c:/users/jesper/documents/ml_sommarjobb/toolchain-gd32v-v201-win/toolchain-gd32v-v201-win/compiler/bin/../lib/gcc/riscv64-unknown-elf/8.3.0/rv32imac/ilp32\libgcc.a(floatsidf.o)
 .debug_info    0x0000000000027ff3      0x2af c:/users/jesper/documents/ml_sommarjobb/toolchain-gd32v-v201-win/toolchain-gd32v-v201-win/compiler/bin/../lib/gcc/riscv64-unknown-elf/8.3.0/rv32imac/ilp32\libgcc.a(floatunsidf.o)
 .debug_info    0x00000000000282a2      0x2e8 c:/users/jesper/documents/ml_sommarjobb/toolchain-gd32v-v201-win/toolchain-gd32v-v201-win/compiler/bin/../lib/gcc/riscv64-unknown-elf/8.3.0/rv32imac/ilp32\libgcc.a(floatundidf.o)
 .debug_info    0x000000000002858a      0x1f7 c:/users/jesper/documents/ml_sommarjobb/toolchain-gd32v-v201-win/toolchain-gd32v-v201-win/compiler/bin/../lib/gcc/riscv64-unknown-elf/8.3.0/rv32imac/ilp32\libgcc.a(fixsfsi.o)
 .debug_info    0x0000000000028781      0x25d c:/users/jesper/documents/ml_sommarjobb/toolchain-gd32v-v201-win/toolchain-gd32v-v201-win/compiler/bin/../lib/gcc/riscv64-unknown-elf/8.3.0/rv32imac/ilp32\libgcc.a(floatsisf.o)
 .debug_info    0x00000000000289de      0xc72 c:/users/jesper/documents/ml_sommarjobb/toolchain-gd32v-v201-win/toolchain-gd32v-v201-win/compiler/bin/../lib/gcc/riscv64-unknown-elf/8.3.0/rv32imac/ilp32\libgcc.a(_lshrdi3.o)
 .debug_info    0x0000000000029650      0xc72 c:/users/jesper/documents/ml_sommarjobb/toolchain-gd32v-v201-win/toolchain-gd32v-v201-win/compiler/bin/../lib/gcc/riscv64-unknown-elf/8.3.0/rv32imac/ilp32\libgcc.a(_ashldi3.o)
 .debug_info    0x000000000002a2c2      0xbd7 c:/users/jesper/documents/ml_sommarjobb/toolchain-gd32v-v201-win/toolchain-gd32v-v201-win/compiler/bin/../lib/gcc/riscv64-unknown-elf/8.3.0/rv32imac/ilp32\libgcc.a(_clzsi2.o)
 .debug_info    0x000000000002ae99      0xb6a c:/users/jesper/documents/ml_sommarjobb/toolchain-gd32v-v201-win/toolchain-gd32v-v201-win/compiler/bin/../lib/gcc/riscv64-unknown-elf/8.3.0/rv32imac/ilp32\libgcc.a(_clz.o)

.debug_abbrev   0x0000000000000000     0x7720
 .debug_abbrev  0x0000000000000000      0x15c build/gd32vf103_exti.o
 .debug_abbrev  0x000000000000015c      0x21a build/gd32vf103_spi.o
 .debug_abbrev  0x0000000000000376      0x259 build/gd32vf103_rcu.o
 .debug_abbrev  0x00000000000005cf      0x228 build/gd32vf103_gpio.o
 .debug_abbrev  0x00000000000007f7      0x2c1 build/gd32vf103_timer.o
 .debug_abbrev  0x0000000000000ab8      0x1e9 build/gd32vf103_i2c.o
 .debug_abbrev  0x0000000000000ca1      0x20f build/gd32vf103_dma.o
 .debug_abbrev  0x0000000000000eb0      0x112 build/gd32vf103_eclic.o
 .debug_abbrev  0x0000000000000fc2       0xe0 build/system_gd32vf103.o
 .debug_abbrev  0x00000000000010a2       0xfa build/write_hex.o
 .debug_abbrev  0x000000000000119c       0xac build/sbrk.o
 .debug_abbrev  0x0000000000001248      0x1eb build/close.o
 .debug_abbrev  0x0000000000001433      0x218 build/lseek.o
 .debug_abbrev  0x000000000000164b       0xec build/_exit.o
 .debug_abbrev  0x0000000000001737       0x75 build/isatty.o
 .debug_abbrev  0x00000000000017ac      0x218 build/fstat.o
 .debug_abbrev  0x00000000000019c4      0x1fc build/read.o
 .debug_abbrev  0x0000000000001bc0      0x4db build/n200_func.o
 .debug_abbrev  0x000000000000209b      0x234 build/handlers.o
 .debug_abbrev  0x00000000000022cf      0x22b build/init.o
 .debug_abbrev  0x00000000000024fa      0x1b3 build/dma.o
 .debug_abbrev  0x00000000000026ad      0x117 build/eclicw.o
 .debug_abbrev  0x00000000000027c4       0xd2 build/tf_delay.o
 .debug_abbrev  0x0000000000002896      0x4a3 build/tf_card.o
 .debug_abbrev  0x0000000000002d39      0x200 build/gd32v_tf_card_if.o
 .debug_abbrev  0x0000000000002f39      0x340 build/ff.o
 .debug_abbrev  0x0000000000003279      0x2dc build/mpu6500_driver.o
 .debug_abbrev  0x0000000000003555      0x2cb build/gd32v_mpu6500_if.o
 .debug_abbrev  0x0000000000003820      0x248 build/queue.o
 .debug_abbrev  0x0000000000003a68       0xcb build/systick.o
 .debug_abbrev  0x0000000000003b33      0x511 build/usbd_enum.o
 .debug_abbrev  0x0000000000004044       0xcb build/usb_delay.o
 .debug_abbrev  0x000000000000410f      0x2a8 build/gd32vf103_usb_it.o
 .debug_abbrev  0x00000000000043b7      0x2ab build/usbd_transc.o
 .debug_abbrev  0x0000000000004662      0x2a9 build/drv_usb_core.o
 .debug_abbrev  0x000000000000490b      0x318 build/gd32vf103_hw.o
 .debug_abbrev  0x0000000000004c23      0x305 build/drv_usbd_int.o
 .debug_abbrev  0x0000000000004f28      0x3b3 build/usb_serial_if.o
 .debug_abbrev  0x00000000000052db      0x3f7 build/cdc_acm_core.o
 .debug_abbrev  0x00000000000056d2      0x2a8 build/usbd_core.o
 .debug_abbrev  0x000000000000597a      0x335 build/drv_usb_dev.o
 .debug_abbrev  0x0000000000005caf      0x4c6 build/main.o
 .debug_abbrev  0x0000000000006175       0x14 build/start.o
 .debug_abbrev  0x0000000000006189       0x12 build/entry.o
 .debug_abbrev  0x000000000000619b      0x187 c:/users/jesper/documents/ml_sommarjobb/toolchain-gd32v-v201-win/toolchain-gd32v-v201-win/compiler/bin/../lib/gcc/riscv64-unknown-elf/8.3.0/rv32imac/ilp32\libgcc.a(divdf3.o)
 .debug_abbrev  0x0000000000006322      0x199 c:/users/jesper/documents/ml_sommarjobb/toolchain-gd32v-v201-win/toolchain-gd32v-v201-win/compiler/bin/../lib/gcc/riscv64-unknown-elf/8.3.0/rv32imac/ilp32\libgcc.a(ledf2.o)
 .debug_abbrev  0x00000000000064bb      0x197 c:/users/jesper/documents/ml_sommarjobb/toolchain-gd32v-v201-win/toolchain-gd32v-v201-win/compiler/bin/../lib/gcc/riscv64-unknown-elf/8.3.0/rv32imac/ilp32\libgcc.a(muldf3.o)
 .debug_abbrev  0x0000000000006652      0x181 c:/users/jesper/documents/ml_sommarjobb/toolchain-gd32v-v201-win/toolchain-gd32v-v201-win/compiler/bin/../lib/gcc/riscv64-unknown-elf/8.3.0/rv32imac/ilp32\libgcc.a(floatsidf.o)
 .debug_abbrev  0x00000000000067d3      0x178 c:/users/jesper/documents/ml_sommarjobb/toolchain-gd32v-v201-win/toolchain-gd32v-v201-win/compiler/bin/../lib/gcc/riscv64-unknown-elf/8.3.0/rv32imac/ilp32\libgcc.a(floatunsidf.o)
 .debug_abbrev  0x000000000000694b      0x19f c:/users/jesper/documents/ml_sommarjobb/toolchain-gd32v-v201-win/toolchain-gd32v-v201-win/compiler/bin/../lib/gcc/riscv64-unknown-elf/8.3.0/rv32imac/ilp32\libgcc.a(floatundidf.o)
 .debug_abbrev  0x0000000000006aea      0x18a c:/users/jesper/documents/ml_sommarjobb/toolchain-gd32v-v201-win/toolchain-gd32v-v201-win/compiler/bin/../lib/gcc/riscv64-unknown-elf/8.3.0/rv32imac/ilp32\libgcc.a(fixsfsi.o)
 .debug_abbrev  0x0000000000006c74      0x198 c:/users/jesper/documents/ml_sommarjobb/toolchain-gd32v-v201-win/toolchain-gd32v-v201-win/compiler/bin/../lib/gcc/riscv64-unknown-elf/8.3.0/rv32imac/ilp32\libgcc.a(floatsisf.o)
 .debug_abbrev  0x0000000000006e0c      0x275 c:/users/jesper/documents/ml_sommarjobb/toolchain-gd32v-v201-win/toolchain-gd32v-v201-win/compiler/bin/../lib/gcc/riscv64-unknown-elf/8.3.0/rv32imac/ilp32\libgcc.a(_lshrdi3.o)
 .debug_abbrev  0x0000000000007081      0x275 c:/users/jesper/documents/ml_sommarjobb/toolchain-gd32v-v201-win/toolchain-gd32v-v201-win/compiler/bin/../lib/gcc/riscv64-unknown-elf/8.3.0/rv32imac/ilp32\libgcc.a(_ashldi3.o)
 .debug_abbrev  0x00000000000072f6      0x242 c:/users/jesper/documents/ml_sommarjobb/toolchain-gd32v-v201-win/toolchain-gd32v-v201-win/compiler/bin/../lib/gcc/riscv64-unknown-elf/8.3.0/rv32imac/ilp32\libgcc.a(_clzsi2.o)
 .debug_abbrev  0x0000000000007538      0x1e8 c:/users/jesper/documents/ml_sommarjobb/toolchain-gd32v-v201-win/toolchain-gd32v-v201-win/compiler/bin/../lib/gcc/riscv64-unknown-elf/8.3.0/rv32imac/ilp32\libgcc.a(_clz.o)

.debug_loc      0x0000000000000000    0x10142
 .debug_loc     0x0000000000000000      0x1c8 build/gd32vf103_exti.o
 .debug_loc     0x00000000000001c8      0x54e build/gd32vf103_spi.o
 .debug_loc     0x0000000000000716      0xcf4 build/gd32vf103_rcu.o
 .debug_loc     0x000000000000140a      0x4ba build/gd32vf103_gpio.o
 .debug_loc     0x00000000000018c4      0xef4 build/gd32vf103_timer.o
 .debug_loc     0x00000000000027b8      0x8a1 build/gd32vf103_i2c.o
 .debug_loc     0x0000000000003059      0xd54 build/gd32vf103_dma.o
 .debug_loc     0x0000000000003dad       0xe7 build/gd32vf103_eclic.o
 .debug_loc     0x0000000000003e94      0x173 build/system_gd32vf103.o
 .debug_loc     0x0000000000004007      0x101 build/write_hex.o
 .debug_loc     0x0000000000004108       0x21 build/sbrk.o
 .debug_loc     0x0000000000004129       0x21 build/close.o
 .debug_loc     0x000000000000414a       0x8f build/lseek.o
 .debug_loc     0x00000000000041d9       0x3e build/_exit.o
 .debug_loc     0x0000000000004217       0x2e build/isatty.o
 .debug_loc     0x0000000000004245       0x90 build/fstat.o
 .debug_loc     0x00000000000042d5       0x21 build/read.o
 .debug_loc     0x00000000000042f6      0xa1d build/n200_func.o
 .debug_loc     0x0000000000004d13       0x7f build/handlers.o
 .debug_loc     0x0000000000004d92       0x2c build/init.o
 .debug_loc     0x0000000000004dbe      0x101 build/dma.o
 .debug_loc     0x0000000000004ebf      0x16e build/eclicw.o
 .debug_loc     0x000000000000502d       0x84 build/tf_delay.o
 .debug_loc     0x00000000000050b1      0xc7a build/tf_card.o
 .debug_loc     0x0000000000005d2b     0x318f build/ff.o
 .debug_loc     0x0000000000008eba      0x471 build/mpu6500_driver.o
 .debug_loc     0x000000000000932b      0x50d build/gd32v_mpu6500_if.o
 .debug_loc     0x0000000000009838      0x32b build/queue.o
 .debug_loc     0x0000000000009b63      0x110 build/systick.o
 .debug_loc     0x0000000000009c73      0xb83 build/usbd_enum.o
 .debug_loc     0x000000000000a7f6      0x130 build/usb_delay.o
 .debug_loc     0x000000000000a926       0x2c build/gd32vf103_usb_it.o
 .debug_loc     0x000000000000a952      0x4ec build/usbd_transc.o
 .debug_loc     0x000000000000ae3e      0x53e build/drv_usb_core.o
 .debug_loc     0x000000000000b37c      0x106 build/gd32vf103_hw.o
 .debug_loc     0x000000000000b482      0x69a build/drv_usbd_int.o
 .debug_loc     0x000000000000bb1c      0x2a3 build/usb_serial_if.o
 .debug_loc     0x000000000000bdbf      0x3df build/cdc_acm_core.o
 .debug_loc     0x000000000000c19e      0x730 build/usbd_core.o
 .debug_loc     0x000000000000c8ce      0x83b build/drv_usb_dev.o
 .debug_loc     0x000000000000d109      0x4f9 build/main.o
 .debug_loc     0x000000000000d602     0x129b c:/users/jesper/documents/ml_sommarjobb/toolchain-gd32v-v201-win/toolchain-gd32v-v201-win/compiler/bin/../lib/gcc/riscv64-unknown-elf/8.3.0/rv32imac/ilp32\libgcc.a(divdf3.o)
 .debug_loc     0x000000000000e89d      0x156 c:/users/jesper/documents/ml_sommarjobb/toolchain-gd32v-v201-win/toolchain-gd32v-v201-win/compiler/bin/../lib/gcc/riscv64-unknown-elf/8.3.0/rv32imac/ilp32\libgcc.a(ledf2.o)
 .debug_loc     0x000000000000e9f3      0xd6e c:/users/jesper/documents/ml_sommarjobb/toolchain-gd32v-v201-win/toolchain-gd32v-v201-win/compiler/bin/../lib/gcc/riscv64-unknown-elf/8.3.0/rv32imac/ilp32\libgcc.a(muldf3.o)
 .debug_loc     0x000000000000f761      0x159 c:/users/jesper/documents/ml_sommarjobb/toolchain-gd32v-v201-win/toolchain-gd32v-v201-win/compiler/bin/../lib/gcc/riscv64-unknown-elf/8.3.0/rv32imac/ilp32\libgcc.a(floatsidf.o)
 .debug_loc     0x000000000000f8ba      0x15c c:/users/jesper/documents/ml_sommarjobb/toolchain-gd32v-v201-win/toolchain-gd32v-v201-win/compiler/bin/../lib/gcc/riscv64-unknown-elf/8.3.0/rv32imac/ilp32\libgcc.a(floatunsidf.o)
 .debug_loc     0x000000000000fa16      0x2ec c:/users/jesper/documents/ml_sommarjobb/toolchain-gd32v-v201-win/toolchain-gd32v-v201-win/compiler/bin/../lib/gcc/riscv64-unknown-elf/8.3.0/rv32imac/ilp32\libgcc.a(floatundidf.o)
 .debug_loc     0x000000000000fd02      0x12d c:/users/jesper/documents/ml_sommarjobb/toolchain-gd32v-v201-win/toolchain-gd32v-v201-win/compiler/bin/../lib/gcc/riscv64-unknown-elf/8.3.0/rv32imac/ilp32\libgcc.a(fixsfsi.o)
 .debug_loc     0x000000000000fe2f      0x1ac c:/users/jesper/documents/ml_sommarjobb/toolchain-gd32v-v201-win/toolchain-gd32v-v201-win/compiler/bin/../lib/gcc/riscv64-unknown-elf/8.3.0/rv32imac/ilp32\libgcc.a(floatsisf.o)
 .debug_loc     0x000000000000ffdb       0x7e c:/users/jesper/documents/ml_sommarjobb/toolchain-gd32v-v201-win/toolchain-gd32v-v201-win/compiler/bin/../lib/gcc/riscv64-unknown-elf/8.3.0/rv32imac/ilp32\libgcc.a(_lshrdi3.o)
 .debug_loc     0x0000000000010059       0x7e c:/users/jesper/documents/ml_sommarjobb/toolchain-gd32v-v201-win/toolchain-gd32v-v201-win/compiler/bin/../lib/gcc/riscv64-unknown-elf/8.3.0/rv32imac/ilp32\libgcc.a(_ashldi3.o)
 .debug_loc     0x00000000000100d7       0x6b c:/users/jesper/documents/ml_sommarjobb/toolchain-gd32v-v201-win/toolchain-gd32v-v201-win/compiler/bin/../lib/gcc/riscv64-unknown-elf/8.3.0/rv32imac/ilp32\libgcc.a(_clzsi2.o)

.debug_aranges  0x0000000000000000     0x1460
 .debug_aranges
                0x0000000000000000       0x70 build/gd32vf103_exti.o
 .debug_aranges
                0x0000000000000070      0x128 build/gd32vf103_spi.o
 .debug_aranges
                0x0000000000000198      0x160 build/gd32vf103_rcu.o
 .debug_aranges
                0x00000000000002f8       0xa0 build/gd32vf103_gpio.o
 .debug_aranges
                0x0000000000000398      0x240 build/gd32vf103_timer.o
 .debug_aranges
                0x00000000000005d8      0x110 build/gd32vf103_i2c.o
 .debug_aranges
                0x00000000000006e8       0xe8 build/gd32vf103_dma.o
 .debug_aranges
                0x00000000000007d0       0x50 build/gd32vf103_eclic.o
 .debug_aranges
                0x0000000000000820       0x28 build/system_gd32vf103.o
 .debug_aranges