Archive member included to satisfy reference by file (symbol)

c:/users/jesper/documents/ml_sommarjobb/toolchain-gd32v-v201-win/toolchain-gd32v-v201-win/compiler/bin/../lib/gcc/riscv64-unknown-elf/8.3.0/rv32imac/ilp32\libgcc.a(_udivdi3.o)
                              build/main.o (__udivdi3)
c:/users/jesper/documents/ml_sommarjobb/toolchain-gd32v-v201-win/toolchain-gd32v-v201-win/compiler/bin/../lib/gcc/riscv64-unknown-elf/8.3.0/rv32imac/ilp32\libgcc.a(divdf3.o)
                              build/tf_card.o (__divdf3)
c:/users/jesper/documents/ml_sommarjobb/toolchain-gd32v-v201-win/toolchain-gd32v-v201-win/compiler/bin/../lib/gcc/riscv64-unknown-elf/8.3.0/rv32imac/ilp32\libgcc.a(ledf2.o)
                              build/tf_card.o (__ltdf2)
c:/users/jesper/documents/ml_sommarjobb/toolchain-gd32v-v201-win/toolchain-gd32v-v201-win/compiler/bin/../lib/gcc/riscv64-unknown-elf/8.3.0/rv32imac/ilp32\libgcc.a(muldf3.o)
                              build/tf_card.o (__muldf3)
c:/users/jesper/documents/ml_sommarjobb/toolchain-gd32v-v201-win/toolchain-gd32v-v201-win/compiler/bin/../lib/gcc/riscv64-unknown-elf/8.3.0/rv32imac/ilp32\libgcc.a(fixdfsi.o)
                              build/main.o (__fixdfsi)
c:/users/jesper/documents/ml_sommarjobb/toolchain-gd32v-v201-win/toolchain-gd32v-v201-win/compiler/bin/../lib/gcc/riscv64-unknown-elf/8.3.0/rv32imac/ilp32\libgcc.a(floatsidf.o)
                              build/gd32v_mpu6500_if.o (__floatsidf)
c:/users/jesper/documents/ml_sommarjobb/toolchain-gd32v-v201-win/toolchain-gd32v-v201-win/compiler/bin/../lib/gcc/riscv64-unknown-elf/8.3.0/rv32imac/ilp32\libgcc.a(floatunsidf.o)
                              build/tf_card.o (__floatunsidf)
c:/users/jesper/documents/ml_sommarjobb/toolchain-gd32v-v201-win/toolchain-gd32v-v201-win/compiler/bin/../lib/gcc/riscv64-unknown-elf/8.3.0/rv32imac/ilp32\libgcc.a(floatundidf.o)
                              build/tf_card.o (__floatundidf)
c:/users/jesper/documents/ml_sommarjobb/toolchain-gd32v-v201-win/toolchain-gd32v-v201-win/compiler/bin/../lib/gcc/riscv64-unknown-elf/8.3.0/rv32imac/ilp32\libgcc.a(fixsfsi.o)
                              build/main.o (__fixsfsi)
c:/users/jesper/documents/ml_sommarjobb/toolchain-gd32v-v201-win/toolchain-gd32v-v201-win/compiler/bin/../lib/gcc/riscv64-unknown-elf/8.3.0/rv32imac/ilp32\libgcc.a(floatsisf.o)
                              build/mpu6500_driver.o (__floatsisf)
c:/users/jesper/documents/ml_sommarjobb/toolchain-gd32v-v201-win/toolchain-gd32v-v201-win/compiler/bin/../lib/gcc/riscv64-unknown-elf/8.3.0/rv32imac/ilp32\libgcc.a(_lshrdi3.o)
                              c:/users/jesper/documents/ml_sommarjobb/toolchain-gd32v-v201-win/toolchain-gd32v-v201-win/compiler/bin/../lib/gcc/riscv64-unknown-elf/8.3.0/rv32imac/ilp32\libgcc.a(floatundidf.o) (__lshrdi3)
c:/users/jesper/documents/ml_sommarjobb/toolchain-gd32v-v201-win/toolchain-gd32v-v201-win/compiler/bin/../lib/gcc/riscv64-unknown-elf/8.3.0/rv32imac/ilp32\libgcc.a(_ashldi3.o)
                              c:/users/jesper/documents/ml_sommarjobb/toolchain-gd32v-v201-win/toolchain-gd32v-v201-win/compiler/bin/../lib/gcc/riscv64-unknown-elf/8.3.0/rv32imac/ilp32\libgcc.a(floatundidf.o) (__ashldi3)
c:/users/jesper/documents/ml_sommarjobb/toolchain-gd32v-v201-win/toolchain-gd32v-v201-win/compiler/bin/../lib/gcc/riscv64-unknown-elf/8.3.0/rv32imac/ilp32\libgcc.a(_clz.o)
                              c:/users/jesper/documents/ml_sommarjobb/toolchain-gd32v-v201-win/toolchain-gd32v-v201-win/compiler/bin/../lib/gcc/riscv64-unknown-elf/8.3.0/rv32imac/ilp32\libgcc.a(_udivdi3.o) (__clz_tab)
c:/users/jesper/documents/ml_sommarjobb/toolchain-gd32v-v201-win/toolchain-gd32v-v201-win/compiler/bin/../lib/gcc/riscv64-unknown-elf/8.3.0/rv32imac/ilp32\libgcc.a(_clzsi2.o)
                              c:/users/jesper/documents/ml_sommarjobb/toolchain-gd32v-v201-win/toolchain-gd32v-v201-win/compiler/bin/../lib/gcc/riscv64-unknown-elf/8.3.0/rv32imac/ilp32\libgcc.a(divdf3.o) (__clzsi2)
c:/users/jesper/documents/ml_sommarjobb/toolchain-gd32v-v201-win/toolchain-gd32v-v201-win/compiler/bin/../lib/gcc/riscv64-unknown-elf/8.3.0/../../../../riscv64-unknown-elf/lib/rv32imac/ilp32\libc_nano.a(lib_a-atexit.o)
                              build/start.o (atexit)
c:/users/jesper/documents/ml_sommarjobb/toolchain-gd32v-v201-win/toolchain-gd32v-v201-win/compiler/bin/../lib/gcc/riscv64-unknown-elf/8.3.0/../../../../riscv64-unknown-elf/lib/rv32imac/ilp32\libc_nano.a(lib_a-exit.o)
                              build/start.o (exit)
c:/users/jesper/documents/ml_sommarjobb/toolchain-gd32v-v201-win/toolchain-gd32v-v201-win/compiler/bin/../lib/gcc/riscv64-unknown-elf/8.3.0/../../../../riscv64-unknown-elf/lib/rv32imac/ilp32\libc_nano.a(lib_a-fflush.o)
                              build/main.o (fflush)
[...]
Memory Configuration

Name             Origin             Length             Attributes
flash            0x0000000008000000 0x0000000000020000 axrl !w
ram              0x0000000020000000 0x0000000000008000 axw !rl
*default*        0x0000000000000000 0xffffffffffffffff

Linker script and memory map

LOAD build/gd32vf103_exti.o
LOAD build/gd32vf103_bkp.o
LOAD build/gd32vf103_spi.o
LOAD build/gd32vf103_rcu.o
LOAD build/gd32vf103_wwdgt.o
LOAD build/gd32vf103_adc.o
LOAD build/gd32vf103_pmu.o
LOAD build/gd32vf103_dbg.o
LOAD build/gd32vf103_usart.o
LOAD build/gd32vf103_crc.o
LOAD build/gd32vf103_gpio.o
LOAD build/gd32vf103_fwdgt.o
LOAD build/gd32vf103_timer.o
LOAD build/gd32vf103_fmc.o
LOAD build/gd32vf103_i2c.o
LOAD build/gd32vf103_rtc.o
LOAD build/gd32vf103_can.o
LOAD build/gd32vf103_dac.o
LOAD build/gd32vf103_exmc.o
LOAD build/gd32vf103_dma.o
LOAD build/gd32vf103_eclic.o
LOAD build/system_gd32vf103.o
LOAD build/write_hex.o
LOAD build/sbrk.o
LOAD build/close.o
LOAD build/lseek.o
LOAD build/write.o
LOAD build/_exit.o
LOAD build/isatty.o
LOAD build/fstat.o
LOAD build/read.o
LOAD build/n200_func.o
LOAD build/handlers.o
LOAD build/init.o
LOAD build/dma.o
LOAD build/eclicw.o
LOAD build/tf_delay.o
LOAD build/tf_card.o
LOAD build/gd32v_tf_card_if.o
LOAD build/ffunicode.o
LOAD build/ff.o
LOAD build/ffsystem.o
LOAD build/mpu6500_driver.o
LOAD build/gd32v_mpu6500_if.o
LOAD build/queue.o
LOAD build/systick.o
LOAD build/usbd_enum.o
LOAD build/usb_delay.o
LOAD build/gd32vf103_usb_it.o
LOAD build/usbd_transc.o
LOAD build/drv_usb_core.o
LOAD build/gd32vf103_hw.o
LOAD build/drv_usbd_int.o
LOAD build/usb_serial_if.o
LOAD build/cdc_acm_core.o
LOAD build/usbd_core.o
LOAD build/drv_usb_dev.o
LOAD build/weak.o
LOAD build/main.o
LOAD build/start.o
LOAD build/entry.o
LOAD c:/users/jesper/documents/ml_sommarjobb/toolchain-gd32v-v201-win/toolchain-gd32v-v201-win/compiler/bin/../lib/gcc/riscv64-unknown-elf/8.3.0/rv32imac/ilp32\libgcc.a
LOAD c:/users/jesper/documents/ml_sommarjobb/toolchain-gd32v-v201-win/toolchain-gd32v-v201-win/compiler/bin/../lib/gcc/riscv64-unknown-elf/8.3.0/../../../../riscv64-unknown-elf/lib/rv32imac/ilp32\libc_nano.a
LOAD c:/users/jesper/documents/ml_sommarjobb/toolchain-gd32v-v201-win/toolchain-gd32v-v201-win/compiler/bin/../lib/gcc/riscv64-unknown-elf/8.3.0/rv32imac/ilp32\libgcc.a
START GROUP
LOAD c:/users/jesper/documents/ml_sommarjobb/toolchain-gd32v-v201-win/toolchain-gd32v-v201-win/compiler/bin/../lib/gcc/riscv64-unknown-elf/8.3.0/rv32imac/ilp32\libgcc.a
LOAD c:/users/jesper/documents/ml_sommarjobb/toolchain-gd32v-v201-win/toolchain-gd32v-v201-win/compiler/bin/../lib/gcc/riscv64-unknown-elf/8.3.0/../../../../riscv64-unknown-elf/lib/rv32imac/ilp32\libc_nano.a
LOAD c:/users/jesper/documents/ml_sommarjobb/toolchain-gd32v-v201-win/toolchain-gd32v-v201-win/compiler/bin/../lib/gcc/riscv64-unknown-elf/8.3.0/../../../../riscv64-unknown-elf/lib/rv32imac/ilp32\libgloss_nano.a
END GROUP
                0x0000000000001000                __stack_size = DEFINED (__stack_size)?__stack_size:0x1000
                0x0000000000000000                __dbg_stack_size = DEFINED (__dbg_stack_size)?__dbg_stack_size:0x0

.init           0x0000000008000000      0x254
 *(SORT_NONE(.init))
 .init          0x0000000008000000      0x254 build/start.o
                0x000000000800015c                _start
                0x0000000008000246                disable_mcycle_minstret
                0x000000000800024c                enable_mcycle_minstret

.ilalign        0x0000000008000254        0x0
                0x0000000008000254                . = ALIGN (0x4)
                [!provide]                        PROVIDE (_ilm_lma = .)

.ialign         0x0000000008000254        0x0
                [!provide]                        PROVIDE (_ilm = .)

.text           0x0000000008000280     0x8b0e
 *(.rodata .rodata.*)
 .rodata        0x0000000008000280       0x10 build/gd32vf103_rcu.o
 .rodata.write_hex.str1.4
                0x0000000008000290        0x3 build/write_hex.o
 *fill*         0x0000000008000293        0x1 
 .rodata._exit.str1.4
                0x0000000008000294       0x1f build/_exit.o
                                         0x23 (size before relaxing)
 *fill*         0x00000000080002b3        0x1 
 .rodata.handle_nmi.str1.4
                0x00000000080002b4        0x5 build/handlers.o
 *fill*         0x00000000080002b9        0x3 
 .rodata.handle_trap.str1.4
                0x00000000080002bc        0x6 build/handlers.o
 *fill*         0x00000000080002c2        0x6 
 .rodata.wait_ready.cst8
                0x00000000080002c8        0x8 build/tf_card.o
 .rodata.check_fs.str1.4
                0x00000000080002d0        0xa build/ff.o
 *fill*         0x00000000080002da        0x2 
 .rodata.f_open.str1.4
                0x00000000080002dc        0xf build/ff.o
 .rodata.mpu_delay.cst8
                0x00000000080002eb        0x8 build/gd32v_mpu6500_if.o
 .rodata.delay_1ms.cst8
                0x00000000080002eb        0x8 build/systick.o
 *fill*         0x00000000080002eb        0x1 
 .rodata._std_dev_req
                0x00000000080002ec       0x34 build/usbd_enum.o
 .rodata.__compound_literal.0
                0x0000000008000320       0x18 build/cdc_acm_core.o
 .rodata.__compound_literal.1
                0x0000000008000338       0x3a build/cdc_acm_core.o
 *fill*         0x0000000008000372        0x2 
 .rodata.__compound_literal.2
                0x0000000008000374       0x30 build/cdc_acm_core.o
 .rodata.device_descriptor
                0x00000000080003a4       0x12 build/cdc_acm_core.o
                0x00000000080003a4                device_descriptor
 *fill*         0x00000000080003b6        0x2 
 .rodata.usbd_strings
                0x00000000080003b8       0x10 build/cdc_acm_core.o
                0x00000000080003b8                usbd_strings
 .rodata.ep_type
                0x00000000080003c8       0x10 build/usbd_core.o
                0x00000000080003c8                ep_type
 .rodata        0x00000000080003d8       0x80 build/main.o
 .rodata        0x0000000008000458       0x3c c:/users/jesper/documents/ml_sommarjobb/toolchain-gd32v-v201-win/toolchain-gd32v-v201-win/compiler/bin/../lib/gcc/riscv64-unknown-elf/8.3.0/rv32imac/ilp32\libgcc.a(divdf3.o)
 .rodata        0x0000000008000494       0x3c c:/users/jesper/documents/ml_sommarjobb/toolchain-gd32v-v201-win/toolchain-gd32v-v201-win/compiler/bin/../lib/gcc/riscv64-unknown-elf/8.3.0/rv32imac/ilp32\libgcc.a(muldf3.o)
 .rodata        0x00000000080004d0      0x100 c:/users/jesper/documents/ml_sommarjobb/toolchain-gd32v-v201-win/toolchain-gd32v-v201-win/compiler/bin/../lib/gcc/riscv64-unknown-elf/8.3.0/rv32imac/ilp32\libgcc.a(_clz.o)
                0x00000000080004d0                __clz_tab
 .rodata.__sf_fake_stderr
                0x00000000080005d0       0x20 c:/users/jesper/documents/ml_sommarjobb/toolchain-gd32v-v201-win/toolchain-gd32v-v201-win/compiler/bin/../lib/gcc/riscv64-unknown-elf/8.3.0/../../../../riscv64-unknown-elf/lib/rv32imac/ilp32\libc_nano.a(lib_a-findfp.o)
                0x00000000080005d0                __sf_fake_stderr
 .rodata.__sf_fake_stdin
                0x00000000080005f0       0x20 c:/users/jesper/documents/ml_sommarjobb/toolchain-gd32v-v201-win/toolchain-gd32v-v201-win/compiler/bin/../lib/gcc/riscv64-unknown-elf/8.3.0/../../../../riscv64-unknown-elf/lib/rv32imac/ilp32\libc_nano.a(lib_a-findfp.o)
                0x00000000080005f0                __sf_fake_stdin
 .rodata.__sf_fake_stdout
                0x0000000008000610       0x20 c:/users/jesper/documents/ml_sommarjobb/toolchain-gd32v-v201-win/toolchain-gd32v-v201-win/compiler/bin/../lib/gcc/riscv64-unknown-elf/8.3.0/../../../../riscv64-unknown-elf/lib/rv32imac/ilp32\libc_nano.a(lib_a-findfp.o)
                0x0000000008000610                __sf_fake_stdout
 .rodata._vfprintf_r.str1.4
                0x0000000008000630       0x13 c:/users/jesper/documents/ml_sommarjobb/toolchain-gd32v-v201-win/toolchain-gd32v-v201-win/compiler/bin/../lib/gcc/riscv64-unknown-elf/8.3.0/../../../../riscv64-unknown-elf/lib/rv32imac/ilp32\libc_nano.a(lib_a-nano-vfprintf.o)
 *fill*         0x0000000008000643        0x1 
 .rodata._printf_i.str1.4
                0x0000000008000644       0x28 c:/users/jesper/documents/ml_sommarjobb/toolchain-gd32v-v201-win/toolchain-gd32v-v201-win/compiler/bin/../lib/gcc/riscv64-unknown-elf/8.3.0/../../../../riscv64-unknown-elf/lib/rv32imac/ilp32\libc_nano.a(lib_a-nano-vfprintf_i.o)
                                         0x25 (size before relaxing)
 *(.text.unlikely .text.unlikely.*)
 *(.text.startup .text.startup.*)
 .text.startup.main
                0x000000000800066c      0x3bc build/main.o
                0x000000000800066c                main
 *(.text .text.*)
 .text.exti_init
                0x0000000008000a28       0xa0 build/gd32vf103_exti.o
                0x0000000008000a28                exti_init
 .text.exti_interrupt_enable
                0x0000000008000ac8       0x10 build/gd32vf103_exti.o
                0x0000000008000ac8                exti_interrupt_enable
 .text.exti_interrupt_flag_clear
                0x0000000008000ad8        0xa build/gd32vf103_exti.o
                0x0000000008000ad8                exti_interrupt_flag_clear
 .text.spi_init
                0x0000000008000ae2       0x36 build/gd32vf103_spi.o
                0x0000000008000ae2                spi_init
 .text.spi_enable
                0x0000000008000b18        0xa build/gd32vf103_spi.o
                0x0000000008000b18                spi_enable
 .text.spi_i2s_data_transmit
                0x0000000008000b22        0x4 build/gd32vf103_spi.o
                0x0000000008000b22                spi_i2s_data_transmit
 .text.spi_i2s_data_receive
                0x0000000008000b26        0x8 build/gd32vf103_spi.o
                0x0000000008000b26                spi_i2s_data_receive
 .text.spi_crc_polynomial_set
                0x0000000008000b2e        0xc build/gd32vf103_spi.o
                0x0000000008000b2e                spi_crc_polynomial_set
 .text.spi_i2s_flag_get
                0x0000000008000b3a        0xa build/gd32vf103_spi.o
                0x0000000008000b3a                spi_i2s_flag_get
 .text.rcu_periph_clock_enable
                0x0000000008000b44       0x18 build/gd32vf103_rcu.o
                0x0000000008000b44                rcu_periph_clock_enable
 .text.rcu_periph_reset_enable
                0x0000000008000b5c       0x18 build/gd32vf103_rcu.o
                0x0000000008000b5c                rcu_periph_reset_enable
 .text.rcu_periph_reset_disable
                0x0000000008000b74       0x1c build/gd32vf103_rcu.o
                0x0000000008000b74                rcu_periph_reset_disable
 .text.rcu_usb_clock_config
                0x0000000008000b90       0x14 build/gd32vf103_rcu.o
                0x0000000008000b90                rcu_usb_clock_config
 .text.rcu_clock_freq_get
                0x0000000008000ba4      0x13a build/gd32vf103_rcu.o
                0x0000000008000ba4                rcu_clock_freq_get
 .text.gpio_init
                0x0000000008000cde       0xa4 build/gd32vf103_gpio.o
                0x0000000008000cde                gpio_init
 .text.gpio_bit_set
                0x0000000008000d82        0x4 build/gd32vf103_gpio.o
                0x0000000008000d82                gpio_bit_set
 .text.gpio_bit_reset
                0x0000000008000d86        0x4 build/gd32vf103_gpio.o
                0x0000000008000d86                gpio_bit_reset
 .text.gpio_bit_write
                0x0000000008000d8a        0xa build/gd32vf103_gpio.o
                0x0000000008000d8a                gpio_bit_write
 .text.timer_deinit
                0x0000000008000d94       0xd2 build/gd32vf103_timer.o
                0x0000000008000d94                timer_deinit
 .text.timer_struct_para_init
                0x0000000008000e66       0x18 build/gd32vf103_timer.o
                0x0000000008000e66                timer_struct_para_init
 .text.timer_init
                0x0000000008000e7e       0x8e build/gd32vf103_timer.o
                0x0000000008000e7e                timer_init
 .text.timer_enable
                0x0000000008000f0c        0xa build/gd32vf103_timer.o
                0x0000000008000f0c                timer_enable
 .text.timer_channel_output_struct_para_init
                0x0000000008000f16       0x1a build/gd32vf103_timer.o
                0x0000000008000f16                timer_channel_output_struct_para_init
 .text.timer_channel_output_config
                0x0000000008000f30      0x23c build/gd32vf103_timer.o
                0x0000000008000f30                timer_channel_output_config
 .text.timer_channel_output_mode_config
                0x000000000800116c       0x56 build/gd32vf103_timer.o
                0x000000000800116c                timer_channel_output_mode_config
 .text.timer_channel_output_pulse_value_config
                0x00000000080011c2       0x26 build/gd32vf103_timer.o
                0x00000000080011c2                timer_channel_output_pulse_value_config
 .text.timer_channel_output_shadow_config
                0x00000000080011e8       0x56 build/gd32vf103_timer.o
                0x00000000080011e8                timer_channel_output_shadow_config
 .text.timer_interrupt_enable
                0x000000000800123e        0x8 build/gd32vf103_timer.o
                0x000000000800123e                timer_interrupt_enable
 .text.timer_interrupt_disable
                0x0000000008001246        0xc build/gd32vf103_timer.o
                0x0000000008001246                timer_interrupt_disable
 .text.timer_interrupt_flag_get
                0x0000000008001252       0x12 build/gd32vf103_timer.o
                0x0000000008001252                timer_interrupt_flag_get
 .text.timer_interrupt_flag_clear
                0x0000000008001264        0x8 build/gd32vf103_timer.o
                0x0000000008001264                timer_interrupt_flag_clear
 .text.i2c_clock_config
                0x000000000800126c      0x142 build/gd32vf103_i2c.o
                0x000000000800126c                i2c_clock_config
 .text.i2c_ack_config
                0x00000000080013ae       0x18 build/gd32vf103_i2c.o
                0x00000000080013ae                i2c_ack_config
 .text.i2c_master_addressing
                0x00000000080013c6       0x12 build/gd32vf103_i2c.o
                0x00000000080013c6                i2c_master_addressing
 .text.i2c_enable
                0x00000000080013d8        0xa build/gd32vf103_i2c.o
                0x00000000080013d8                i2c_enable
 .text.i2c_start_on_bus
                0x00000000080013e2        0xa build/gd32vf103_i2c.o
                0x00000000080013e2                i2c_start_on_bus
 .text.i2c_stop_on_bus
                0x00000000080013ec        0xa build/gd32vf103_i2c.o
                0x00000000080013ec                i2c_stop_on_bus
 .text.i2c_data_transmit
                0x00000000080013f6        0x4 build/gd32vf103_i2c.o
                0x00000000080013f6                i2c_data_transmit
 .text.i2c_data_receive
                0x00000000080013fa        0x8 build/gd32vf103_i2c.o
                0x00000000080013fa                i2c_data_receive
 .text.i2c_flag_get
                0x0000000008001402       0x14 build/gd32vf103_i2c.o
                0x0000000008001402                i2c_flag_get
 .text.i2c_flag_clear
                0x0000000008001416       0x2a build/gd32vf103_i2c.o
                0x0000000008001416                i2c_flag_clear
 .text.dma_flag_clear
                0x0000000008001440        0xe build/gd32vf103_dma.o
                0x0000000008001440                dma_flag_clear
 .text.dma_interrupt_flag_get
                0x000000000800144e       0x70 build/gd32vf103_dma.o
                0x000000000800144e                dma_interrupt_flag_get
 .text.dma_interrupt_flag_clear
                0x00000000080014be        0x8 build/gd32vf103_dma.o
                0x00000000080014be                dma_interrupt_flag_clear
 .text.eclic_global_interrupt_enable
                0x00000000080014c6        0x6 build/gd32vf103_eclic.o
                0x00000000080014c6                eclic_global_interrupt_enable
 .text.eclic_priority_group_set
                0x00000000080014cc        0x8 build/gd32vf103_eclic.o
                0x00000000080014cc                eclic_priority_group_set
 .text.eclic_irq_enable
                0x00000000080014d4       0x34 build/gd32vf103_eclic.o
                0x00000000080014d4                eclic_irq_enable
 .text.SystemInit
                0x0000000008001508      0x11c build/system_gd32vf103.o
                0x0000000008001508                SystemInit
 .text.SystemCoreClockUpdate
                0x0000000008001624       0xca build/system_gd32vf103.o
                0x0000000008001624                SystemCoreClockUpdate
 .text.write_hex
                0x00000000080016ee       0x7c build/write_hex.o
                0x00000000080016ee                write_hex
 .text._sbrk    0x000000000800176a       0x2e build/sbrk.o
                0x000000000800176a                _sbrk
 .text._close   0x0000000008001798        0x4 build/close.o
                0x0000000008001798                _close
 .text._lseek   0x000000000800179c       0x1a build/lseek.o
                0x000000000800179c                _lseek
 .text._exit    0x00000000080017b6       0x4c build/_exit.o
                0x00000000080017b6                _exit
 .text._isatty  0x0000000008001802        0x8 build/isatty.o
                0x0000000008001802                _isatty
 .text._fstat   0x000000000800180a       0x22 build/fstat.o
                0x000000000800180a                _fstat
 .text._read    0x000000000800182c        0x4 build/read.o
                0x000000000800182c                _read
 .text.get_timer_value
                0x0000000008001830       0x10 build/n200_func.o
                0x0000000008001830                get_timer_value
 .text.eclic_init
                0x0000000008001840       0x22 build/n200_func.o
                0x0000000008001840                eclic_init
 .text.eclic_enable_interrupt
                0x0000000008001862       0x12 build/n200_func.o
                0x0000000008001862                eclic_enable_interrupt
 .text.eclic_set_nlbits
                0x0000000008001874       0x18 build/n200_func.o
                0x0000000008001874                eclic_set_nlbits
 .text.eclic_get_nlbits
                0x000000000800188c        0xe build/n200_func.o
                0x000000000800188c                eclic_get_nlbits
 .text.eclic_set_irq_lvl_abs
                0x000000000800189a       0x58 build/n200_func.o
                0x000000000800189a                eclic_set_irq_lvl_abs
 .text.eclic_set_irq_priority
                0x00000000080018f2       0x52 build/n200_func.o
                0x00000000080018f2                eclic_set_irq_priority
 .text.eclic_mode_enable
                0x0000000008001944       0x12 build/n200_func.o
                0x0000000008001944                eclic_mode_enable
 .text.handle_nmi
                0x0000000008001956       0x22 build/handlers.o
                0x0000000008001956                handle_nmi
 .text.handle_trap
                0x0000000008001978       0x38 build/handlers.o
                0x0000000008001978                handle_trap
 .text._init    0x00000000080019b0       0x2c build/init.o
                0x00000000080019b0                _init
 .text._fini    0x00000000080019dc        0x2 build/init.o
                0x00000000080019dc                _fini
 .text.config_clic_irqs
                0x00000000080019de       0x2a build/dma.o
                0x00000000080019de                config_clic_irqs
 .text.DMA0_Channel6_IRQHandler
                0x0000000008001a08       0x40 build/dma.o
                0x0000000008001a08                DMA0_Channel6_IRQHandler
 .text.eclic_mtip_handler
                0x0000000008001a48       0x52 build/eclicw.o
                0x0000000008001a48                eclic_mtip_handler
 .text.USART0_IRQHandler
                0x0000000008001a9a       0x52 build/eclicw.o
                0x0000000008001a9a                USART0_IRQHandler
 .text.tf_start_timer
                0x0000000008001aec       0x5a build/tf_delay.o
                0x0000000008001aec                tf_start_timer
 .text.tf_timer_done
                0x0000000008001b46       0x3e build/tf_delay.o
                0x0000000008001b46                tf_timer_done
 .text.xchg_spi
                0x0000000008001b84       0x62 build/tf_card.o
 .text.deselect
                0x0000000008001be6       0x22 build/tf_card.o
 .text.wait_ready
                0x0000000008001c08       0xe4 build/tf_card.o
 .text._select  0x0000000008001cec       0x42 build/tf_card.o
 .text.send_cmd
                0x0000000008001d2e       0xec build/tf_card.o
 .text.rcvr_datablock
                0x0000000008001e1a       0x80 build/tf_card.o
 .text.xmit_datablock.part.1
                0x0000000008001e9a       0x60 build/tf_card.o
 .text.disk_initialize
                0x0000000008001efa      0x27c build/tf_card.o
                0x0000000008001efa                disk_initialize
 .text.disk_status
                0x0000000008002176       0x14 build/tf_card.o
                0x0000000008002176                disk_status
 .text.disk_read
                0x000000000800218a       0xa2 build/tf_card.o
                0x000000000800218a                disk_read
 .text.disk_write
                0x000000000800222c      0x108 build/tf_card.o
                0x000000000800222c                disk_write
 .text.disk_ioctl
                0x0000000008002334      0x21e build/tf_card.o
                0x0000000008002334                disk_ioctl
 .text.set_fattime
                0x0000000008002552       0x22 build/gd32v_tf_card_if.o
                0x0000000008002552                set_fattime
 .text.get_fattime
                0x0000000008002574       0x3a build/gd32v_tf_card_if.o
                0x0000000008002574                get_fattime
 .text.ld_dword
                0x00000000080025ae       0x1e build/ff.o
 .text.st_dword
                0x00000000080025cc       0x1c build/ff.o
 .text.mem_cmp  0x00000000080025e8       0x1a build/ff.o
 .text.clst2sect
                0x0000000008002602       0x1c build/ff.o
 .text.get_ldnumber
                0x000000000800261e       0x3e build/ff.o
 .text.validate
                0x000000000800265c       0x4e build/ff.o
 .text.mem_cpy.part.0
                0x00000000080026aa       0x1a build/ff.o
 .text.ld_clust.isra.1
                0x00000000080026c4       0x26 build/ff.o
 .text.sync_window.part.3
                0x00000000080026ea       0x64 build/ff.o
 .text.move_window
                0x000000000800274e       0x4e build/ff.o
 .text.check_fs
                0x000000000800279c       0x92 build/ff.o
 .text.find_volume
                0x000000000800282e      0x342 build/ff.o
 .text.put_fat  0x0000000008002b70      0x154 build/ff.o
 .text.get_fat.isra.7
                0x0000000008002cc4       0xf6 build/ff.o
 .text.create_chain
                0x0000000008002dba      0x128 build/ff.o
 .text.dir_next
                0x0000000008002ee2      0x14a build/ff.o
 .text.dir_sdi.constprop.9
                0x000000000800302c       0x98 build/ff.o
 .text.f_mount  0x00000000080030c4       0x5c build/ff.o
                0x00000000080030c4                f_mount
 .text.f_open   0x0000000008003120      0x526 build/ff.o
                0x0000000008003120                f_open
 .text.f_write  0x0000000008003646      0x208 build/ff.o
                0x0000000008003646                f_write
 .text.f_sync   0x000000000800384e      0x1b0 build/ff.o
                0x000000000800384e                f_sync
 .text.f_close  0x00000000080039fe       0x2c build/ff.o
                0x00000000080039fe                f_close
 .text.read_mpu
                0x0000000008003a2a       0x1a build/mpu6500_driver.o
                0x0000000008003a2a                read_mpu
 .text.write_mpu
                0x0000000008003a44       0x1a build/mpu6500_driver.o
                0x0000000008003a44                write_mpu
 .text.mpu6500_init
                0x0000000008003a5e      0x126 build/mpu6500_driver.o
                0x0000000008003a5e                mpu6500_init
 .text.mpu6500_getAccel
                0x0000000008003b84       0x76 build/mpu6500_driver.o
                0x0000000008003b84                mpu6500_getAccel
 .text.mpu_delay
                0x0000000008003bfa       0xce build/gd32v_mpu6500_if.o
                0x0000000008003bfa                mpu_delay
 .text.i2c_master_read_register
                0x0000000008003cc8      0x140 build/gd32v_mpu6500_if.o
                0x0000000008003cc8                i2c_master_read_register
 .text.i2c_master_write_register
                0x0000000008003e08       0xea build/gd32v_mpu6500_if.o
                0x0000000008003e08                i2c_master_write_register
 .text.i2c_master_init_400k
                0x0000000008003ef2       0x2a build/gd32v_mpu6500_if.o
                0x0000000008003ef2                i2c_master_init_400k
 .text.mpu6500_install
                0x0000000008003f1c       0x40 build/gd32v_mpu6500_if.o
                0x0000000008003f1c                mpu6500_install
 .text.init_q   0x0000000008003f5c       0x20 build/queue.o
                0x0000000008003f5c                init_q
 .text.enqueue_string
                0x0000000008003f7c       0x6c build/queue.o
                0x0000000008003f7c                enqueue_string
 .text.queue_str_len
                0x0000000008003fe8        0xc build/queue.o
                0x0000000008003fe8                queue_str_len
 .text.fuseStrings
                0x0000000008003ff4       0x26 build/queue.o
                0x0000000008003ff4                fuseStrings
 .text.dequeue_string
                0x000000000800401a       0x7c build/queue.o
                0x000000000800401a                dequeue_string
 .text.empty_string_queue
                0x0000000008004096       0x6c build/queue.o
                0x0000000008004096                empty_string_queue
 .text.clear_queues
                0x0000000008004102       0x3e build/queue.o
                0x0000000008004102                clear_queues
 .text.delay_1ms
                0x0000000008004140       0xce build/systick.o
                0x0000000008004140                delay_1ms
 .text._usb_std_reserved
                0x000000000800420e        0x4 build/usbd_enum.o
 .text._usb_dev_desc_get
                0x0000000008004212        0xe build/usbd_enum.o
 .text._usb_config_desc_get
                0x0000000008004220        0xe build/usbd_enum.o
 .text._usb_str_desc_get
                0x000000000800422e       0x14 build/usbd_enum.o
 .text._usb_std_getdescriptor
                0x0000000008004242       0xfa build/usbd_enum.o
 .text._usb_std_setconfiguration
                0x000000000800433c       0xa8 build/usbd_enum.o
 .text._usb_std_getstatus
                0x00000000080043e4       0xba build/usbd_enum.o
 .text._usb_std_getconfiguration
                0x000000000800449e       0x3c build/usbd_enum.o
 .text._usb_std_getinterface
                0x00000000080044da       0x2c build/usbd_enum.o
 .text._usb_std_setinterface
                0x0000000008004506       0x2a build/usbd_enum.o
 .text._usb_std_setaddress
                0x0000000008004530       0x64 build/usbd_enum.o
 .text._usb_std_setfeature
                0x0000000008004594       0x80 build/usbd_enum.o
 .text._usb_std_clearfeature
                0x0000000008004614       0x98 build/usbd_enum.o
 .text._usb_std_setdescriptor
                0x00000000080046ac        0x4 build/usbd_enum.o
 .text._usb_std_synchframe
                0x00000000080046b0        0x4 build/usbd_enum.o
 .text.usbd_standard_request
                0x00000000080046b4       0x18 build/usbd_enum.o
                0x00000000080046b4                usbd_standard_request
 .text.usbd_class_request
                0x00000000080046cc       0x2c build/usbd_enum.o
                0x00000000080046cc                usbd_class_request
 .text.usbd_vendor_request
                0x00000000080046f8        0x4 build/usbd_enum.o
                0x00000000080046f8                usbd_vendor_request
 .text.usbd_enum_error
                0x00000000080046fc       0x30 build/usbd_enum.o
                0x00000000080046fc                usbd_enum_error
 .text.usb_delay_1ms
                0x000000000800472c       0x72 build/usb_delay.o
                0x000000000800472c                usb_delay_1ms
 .text.usb_delay_1us
                0x000000000800479e       0x74 build/usb_delay.o
                0x000000000800479e                usb_delay_1us
 .text.USBFS_IRQHandler
                0x0000000008004812       0x10 build/gd32vf103_usb_it.o
                0x0000000008004812                USBFS_IRQHandler
 .text.USBFS_WKUP_IRQHandler
                0x0000000008004822       0x56 build/gd32vf103_usb_it.o
                0x0000000008004822                USBFS_WKUP_IRQHandler
 .text.usbd_ctl_send
                0x0000000008004878       0x38 build/usbd_transc.o
                0x0000000008004878                usbd_ctl_send
 .text.usbd_ctl_recev
                0x00000000080048b0       0x38 build/usbd_transc.o
                0x00000000080048b0                usbd_ctl_recev
 .text.usbd_ctl_status_send
                0x00000000080048e8       0x30 build/usbd_transc.o
                0x00000000080048e8                usbd_ctl_status_send
 .text.usbd_ctl_status_recev
                0x0000000008004918       0x30 build/usbd_transc.o
                0x0000000008004918                usbd_ctl_status_recev
 .text.usbd_setup_transc
                0x0000000008004948       0x94 build/usbd_transc.o
                0x0000000008004948                usbd_setup_transc
 .text.usbd_out_transc
                0x00000000080049dc       0xe6 build/usbd_transc.o
                0x00000000080049dc                usbd_out_transc
 .text.usbd_in_transc
                0x0000000008004ac2      0x10c build/usbd_transc.o
                0x0000000008004ac2                usbd_in_transc
 .text.usb_basic_init
                0x0000000008004bce       0xe8 build/drv_usb_core.o
                0x0000000008004bce                usb_basic_init
 .text.usb_core_init
                0x0000000008004cb6       0xca build/drv_usb_core.o
                0x0000000008004cb6                usb_core_init
 .text.usb_txfifo_write
                0x0000000008004d80       0x3a build/drv_usb_core.o
                0x0000000008004d80                usb_txfifo_write
 .text.usb_rxfifo_read
                0x0000000008004dba       0x32 build/drv_usb_core.o
                0x0000000008004dba                usb_rxfifo_read
 .text.usb_txfifo_flush
                0x0000000008004dec       0x28 build/drv_usb_core.o
                0x0000000008004dec                usb_txfifo_flush
 .text.usb_rxfifo_flush
                0x0000000008004e14       0x22 build/drv_usb_core.o
                0x0000000008004e14                usb_rxfifo_flush
 .text.usb_rcu_config
                0x0000000008004e36       0x7e build/gd32vf103_hw.o
                0x0000000008004e36                usb_rcu_config
 .text.usb_intr_config
                0x0000000008004eb4       0x5c build/gd32vf103_hw.o
                0x0000000008004eb4                usb_intr_config
 .text.usb_timer_init
                0x0000000008004f10        0x2 build/gd32vf103_hw.o
                0x0000000008004f10                usb_timer_init
 .text.usb_udelay
                0x0000000008004f12        0x8 build/gd32vf103_hw.o
                0x0000000008004f12                usb_udelay
 .text.usb_mdelay
                0x0000000008004f1a        0x8 build/gd32vf103_hw.o
                0x0000000008004f1a                usb_mdelay
 .text.usbd_isr
                0x0000000008004f22      0x140 build/drv_usbd_int.o
                0x0000000008004f22                usbd_isr
 .text.usbd_int_epout
                0x0000000008005062       0xfe build/drv_usbd_int.o
 .text.usbd_int_epin
                0x0000000008005160       0xbc build/drv_usbd_int.o
 .text.usbd_int_rxfifo
                0x000000000800521c       0xc6 build/drv_usbd_int.o
 .text.usbd_int_reset
                0x00000000080052e2       0xd2 build/drv_usbd_int.o
 .text.usbd_int_enumfinish
                0x00000000080053b4       0x68 build/drv_usbd_int.o
 .text.usbd_emptytxfifo_write
                0x000000000800541c       0xe6 build/drv_usbd_int.o
 .text.configure_usb_serial
                0x0000000008005502       0x58 build/usb_serial_if.o
                0x0000000008005502                configure_usb_serial
 .text.usb_serial_available
                0x000000000800555a       0x14 build/usb_serial_if.o
                0x000000000800555a                usb_serial_available
 .text._write   0x000000000800556e       0xb0 build/usb_serial_if.o
                0x000000000800556e                _write
 .text.set_usb_clock_96m_hxtal
                0x000000000800561e       0xee build/usb_serial_if.o
                0x000000000800561e                set_usb_clock_96m_hxtal
 .text.cdc_acm_init
                0x000000000800570c       0x46 build/cdc_acm_core.o
                0x000000000800570c                cdc_acm_init
 .text.cdc_acm_deinit
                0x0000000008005752       0x38 build/cdc_acm_core.o
                0x0000000008005752                cdc_acm_deinit
 .text.cdc_acm_data_out_handler
                0x000000000800578a       0x4c build/cdc_acm_core.o
                0x000000000800578a                cdc_acm_data_out_handler
 .text.cdc_acm_data_in_handler
                0x00000000080057d6       0x40 build/cdc_acm_core.o
                0x00000000080057d6                cdc_acm_data_in_handler
 .text.cdc_acm_req_handler
                0x0000000008005816       0xa4 build/cdc_acm_core.o
                0x0000000008005816                cdc_acm_req_handler
 .text.cdc_acm_EP0_RxReady
                0x00000000080058ba       0x5e build/cdc_acm_core.o
                0x00000000080058ba                cdc_acm_EP0_RxReady
 .text.usbd_ep_setup
                0x0000000008005918       0x9a build/usbd_core.o
                0x0000000008005918                usbd_ep_setup
 .text.usbd_ep_clear
                0x00000000080059b2       0x3a build/usbd_core.o
                0x00000000080059b2                usbd_ep_clear
 .text.usbd_ep_recev
                0x00000000080059ec       0x40 build/usbd_core.o
                0x00000000080059ec                usbd_ep_recev
 .text.usbd_ep_send
                0x0000000008005a2c       0x40 build/usbd_core.o
                0x0000000008005a2c                usbd_ep_send
 .text.usbd_ep_stall
                0x0000000008005a6c       0x40 build/usbd_core.o
                0x0000000008005a6c                usbd_ep_stall
 .text.usbd_ep_stall_clear
                0x0000000008005aac       0x3e build/usbd_core.o
                0x0000000008005aac                usbd_ep_stall_clear
 .text.usbd_addr_set
                0x0000000008005aea        0x8 build/usbd_core.o
                0x0000000008005aea                usbd_addr_set
 .text.usbd_rxcount_get
                0x0000000008005af2        0xe build/usbd_core.o
                0x0000000008005af2                usbd_rxcount_get
 .text.usbd_connect
                0x0000000008005b00       0x1a build/usbd_core.o
                0x0000000008005b00                usbd_connect
 .text.usbd_disconnect
                0x0000000008005b1a       0x1a build/usbd_core.o
                0x0000000008005b1a                usbd_disconnect
 .text.usbd_init
                0x0000000008005b34       0x5a build/usbd_core.o
                0x0000000008005b34                usbd_init
 .text.usb_devint_enable
                0x0000000008005b8e       0x3e build/drv_usb_dev.o
                0x0000000008005b8e                usb_devint_enable
 .text.usb_devcore_init
                0x0000000008005bcc      0x10e build/drv_usb_dev.o
                0x0000000008005bcc                usb_devcore_init
 .text.usb_dev_disconnect
                0x0000000008005cda        0xc build/drv_usb_dev.o
                0x0000000008005cda                usb_dev_disconnect
 .text.usb_dev_connect
                0x0000000008005ce6        0xa build/drv_usb_dev.o
                0x0000000008005ce6                usb_dev_connect
 .text.usb_devaddr_set
                0x0000000008005cf0       0x14 build/drv_usb_dev.o
                0x0000000008005cf0                usb_devaddr_set
 .text.usb_transc_active
                0x0000000008005d04       0x9e build/drv_usb_dev.o
                0x0000000008005d04                usb_transc_active
 .text.usb_transc_deactivate
                0x0000000008005da2       0x46 build/drv_usb_dev.o
                0x0000000008005da2                usb_transc_deactivate
 .text.usb_transc_inxfer
                0x0000000008005de8       0xea build/drv_usb_dev.o
                0x0000000008005de8                usb_transc_inxfer
 .text.usb_transc_outxfer
                0x0000000008005ed2       0x8c build/drv_usb_dev.o
                0x0000000008005ed2                usb_transc_outxfer
 .text.usb_transc_stall
                0x0000000008005f5e       0x3a build/drv_usb_dev.o
                0x0000000008005f5e                usb_transc_stall
 .text.usb_transc_clrstall
                0x0000000008005f98       0x46 build/drv_usb_dev.o
                0x0000000008005f98                usb_transc_clrstall
 .text.usb_oepintnum_read
                0x0000000008005fde       0x10 build/drv_usb_dev.o
                0x0000000008005fde                usb_oepintnum_read
 .text.usb_oepintr_read
                0x0000000008005fee       0x12 build/drv_usb_dev.o
                0x0000000008005fee                usb_oepintr_read
 .text.usb_iepintnum_read
                0x0000000008006000        0xe build/drv_usb_dev.o
                0x0000000008006000                usb_iepintnum_read
 .text.usb_iepintr_read
                0x000000000800600e       0x20 build/drv_usb_dev.o
                0x000000000800600e                usb_iepintr_read
 .text.usb_ctlep_startout
                0x000000000800602e       0x26 build/drv_usb_dev.o
                0x000000000800602e                usb_ctlep_startout
 .text.usb_clock_active
                0x0000000008006054       0x1a build/drv_usb_dev.o
                0x0000000008006054                usb_clock_active
 .text.TIMER1_IRQHandler
                0x000000000800606e       0xec build/main.o
                0x000000000800606e                TIMER1_IRQHandler
 .text.ledInit  0x000000000800615a       0x2a build/main.o
                0x000000000800615a                ledInit
 .text.led_on_B0
                0x0000000008006184       0x14 build/main.o
                0x0000000008006184                led_on_B0
 .text.led_off_B0
                0x0000000008006198       0x14 build/main.o
                0x0000000008006198                led_off_B0
 .text.timer_interrupt_config
                0x00000000080061ac       0xfa build/main.o
                0x00000000080061ac                timer_interrupt_config
 .text.int_to_string
                0x00000000080062a6       0x88 build/main.o
                0x00000000080062a6                int_to_string
 .text.append_int_to_string
                0x000000000800632e       0x30 build/main.o
                0x000000000800632e                append_int_to_string
 .text.append_newLine
                0x000000000800635e        0xe build/main.o
                0x000000000800635e                append_newLine
 .text.millis   0x000000000800636c       0x62 build/main.o
                0x000000000800636c                millis
 .text.init_mpu
                0x00000000080063ce       0x54 build/main.o
                0x00000000080063ce                init_mpu
 *fill*         0x0000000008006422       0x1e 
 .text.trap     0x0000000008006440       0x82 build/entry.o
                0x0000000008006440                trap_entry
 *fill*         0x00000000080064c2        0x2 
 .text.irq      0x00000000080064c4       0x72 build/entry.o
                0x00000000080064c4                irq_entry
 .text          0x0000000008006536      0x35e c:/users/jesper/documents/ml_sommarjobb/toolchain-gd32v-v201-win/toolchain-gd32v-v201-win/compiler/bin/../lib/gcc/riscv64-unknown-elf/8.3.0/rv32imac/ilp32\libgcc.a(_udivdi3.o)
                0x0000000008006536                __udivdi3
 .text          0x0000000008006894      0x546 c:/users/jesper/documents/ml_sommarjobb/toolchain-gd32v-v201-win/toolchain-gd32v-v201-win/compiler/bin/../lib/gcc/riscv64-unknown-elf/8.3.0/rv32imac/ilp32\libgcc.a(divdf3.o)
                0x0000000008006894                __divdf3
 .text          0x0000000008006dda       0xa4 c:/users/jesper/documents/ml_sommarjobb/toolchain-gd32v-v201-win/toolchain-gd32v-v201-win/compiler/bin/../lib/gcc/riscv64-unknown-elf/8.3.0/rv32imac/ilp32\libgcc.a(ledf2.o)
                0x0000000008006dda                __ledf2
                0x0000000008006dda                __ltdf2
 .text          0x0000000008006e7e      0x44c c:/users/jesper/documents/ml_sommarjobb/toolchain-gd32v-v201-win/toolchain-gd32v-v201-win/compiler/bin/../lib/gcc/riscv64-unknown-elf/8.3.0/rv32imac/ilp32\libgcc.a(muldf3.o)
                0x0000000008006e7e                __muldf3
 .text          0x00000000080072ca       0x64 c:/users/jesper/documents/ml_sommarjobb/toolchain-gd32v-v201-win/toolchain-gd32v-v201-win/compiler/bin/../lib/gcc/riscv64-unknown-elf/8.3.0/rv32imac/ilp32\libgcc.a(fixdfsi.o)
                0x00000000080072ca                __fixdfsi
 .text          0x000000000800732e       0x70 c:/users/jesper/documents/ml_sommarjobb/toolchain-gd32v-v201-win/toolchain-gd32v-v201-win/compiler/bin/../lib/gcc/riscv64-unknown-elf/8.3.0/rv32imac/ilp32\libgcc.a(floatsidf.o)
                0x000000000800732e                __floatsidf
 .text          0x000000000800739e       0x56 c:/users/jesper/documents/ml_sommarjobb/toolchain-gd32v-v201-win/toolchain-gd32v-v201-win/compiler/bin/../lib/gcc/riscv64-unknown-elf/8.3.0/rv32imac/ilp32\libgcc.a(floatunsidf.o)
                0x000000000800739e                __floatunsidf
 .text          0x00000000080073f4      0x166 c:/users/jesper/documents/ml_sommarjobb/toolchain-gd32v-v201-win/toolchain-gd32v-v201-win/compiler/bin/../lib/gcc/riscv64-unknown-elf/8.3.0/rv32imac/ilp32\libgcc.a(floatundidf.o)
                0x00000000080073f4                __floatundidf
 .text          0x000000000800755a       0x60 c:/users/jesper/documents/ml_sommarjobb/toolchain-gd32v-v201-win/toolchain-gd32v-v201-win/compiler/bin/../lib/gcc/riscv64-unknown-elf/8.3.0/rv32imac/ilp32\libgcc.a(fixsfsi.o)
                0x000000000800755a                __fixsfsi
 .text          0x00000000080075ba       0xc0 c:/users/jesper/documents/ml_sommarjobb/toolchain-gd32v-v201-win/toolchain-gd32v-v201-win/compiler/bin/../lib/gcc/riscv64-unknown-elf/8.3.0/rv32imac/ilp32\libgcc.a(floatsisf.o)
                0x00000000080075ba                __floatsisf
 .text          0x000000000800767a       0x2a c:/users/jesper/documents/ml_sommarjobb/toolchain-gd32v-v201-win/toolchain-gd32v-v201-win/compiler/bin/../lib/gcc/riscv64-unknown-elf/8.3.0/rv32imac/ilp32\libgcc.a(_lshrdi3.o)
                0x000000000800767a                __lshrdi3
 .text          0x00000000080076a4       0x2a c:/users/jesper/documents/ml_sommarjobb/toolchain-gd32v-v201-win/toolchain-gd32v-v201-win/compiler/bin/../lib/gcc/riscv64-unknown-elf/8.3.0/rv32imac/ilp32\libgcc.a(_ashldi3.o)
                0x00000000080076a4                __ashldi3
 .text          0x00000000080076ce       0x3c c:/users/jesper/documents/ml_sommarjobb/toolchain-gd32v-v201-win/toolchain-gd32v-v201-win/compiler/bin/../lib/gcc/riscv64-unknown-elf/8.3.0/rv32imac/ilp32\libgcc.a(_clzsi2.o)
                0x00000000080076ce                __clzsi2
 .text.atexit   0x000000000800770a       0x10 c:/users/jesper/documents/ml_sommarjobb/toolchain-gd32v-v201-win/toolchain-gd32v-v201-win/compiler/bin/../lib/gcc/riscv64-unknown-elf/8.3.0/../../../../riscv64-unknown-elf/lib/rv32imac/ilp32\libc_nano.a(lib_a-atexit.o)
                0x000000000800770a                atexit
 .text.exit     0x000000000800771a       0x36 c:/users/jesper/documents/ml_sommarjobb/toolchain-gd32v-v201-win/toolchain-gd32v-v201-win/compiler/bin/../lib/gcc/riscv64-unknown-elf/8.3.0/../../../../riscv64-unknown-elf/lib/rv32imac/ilp32\libc_nano.a(lib_a-exit.o)
                0x000000000800771a                exit
 .text.__sflush_r
                0x0000000008007750      0x150 c:/users/jesper/documents/ml_sommarjobb/toolchain-gd32v-v201-win/toolchain-gd32v-v201-win/compiler/bin/../lib/gcc/riscv64-unknown-elf/8.3.0/../../../../riscv64-unknown-elf/lib/rv32imac/ilp32\libc_nano.a(lib_a-fflush.o)
                0x0000000008007750                __sflush_r
 .text._fflush_r
                0x00000000080078a0       0x70 c:/users/jesper/documents/ml_sommarjobb/toolchain-gd32v-v201-win/toolchain-gd32v-v201-win/compiler/bin/../lib/gcc/riscv64-unknown-elf/8.3.0/../../../../riscv64-unknown-elf/lib/rv32imac/ilp32\libc_nano.a(lib_a-fflush.o)
                0x00000000080078a0                _fflush_r
 .text.fflush   0x0000000008007910       0x30 c:/users/jesper/documents/ml_sommarjobb/toolchain-gd32v-v201-win/toolchain-gd32v-v201-win/compiler/bin/../lib/gcc/riscv64-unknown-elf/8.3.0/../../../../riscv64-unknown-elf/lib/rv32imac/ilp32\libc_nano.a(lib_a-fflush.o)
                0x0000000008007910                fflush
 .text.std      0x0000000008007940       0x6e c:/users/jesper/documents/ml_sommarjobb/toolchain-gd32v-v201-win/toolchain-gd32v-v201-win/compiler/bin/../lib/gcc/riscv64-unknown-elf/8.3.0/../../../../riscv64-unknown-elf/lib/rv32imac/ilp32\libc_nano.a(lib_a-findfp.o)
 .text._cleanup_r
                0x00000000080079ae       0x10 c:/users/jesper/documents/ml_sommarjobb/toolchain-gd32v-v201-win/toolchain-gd32v-v201-win/compiler/bin/../lib/gcc/riscv64-unknown-elf/8.3.0/../../../../riscv64-unknown-elf/lib/rv32imac/ilp32\libc_nano.a(lib_a-findfp.o)
                0x00000000080079ae                _cleanup_r
 .text.__sfmoreglue
                0x00000000080079be       0x50 c:/users/jesper/documents/ml_sommarjobb/toolchain-gd32v-v201-win/toolchain-gd32v-v201-win/compiler/bin/../lib/gcc/riscv64-unknown-elf/8.3.0/../../../../riscv64-unknown-elf/lib/rv32imac/ilp32\libc_nano.a(lib_a-findfp.o)
                0x00000000080079be                __sfmoreglue
 .text.__sinit  0x0000000008007a0e       0x8e c:/users/jesper/documents/ml_sommarjobb/toolchain-gd32v-v201-win/toolchain-gd32v-v201-win/compiler/bin/../lib/gcc/riscv64-unknown-elf/8.3.0/../../../../riscv64-unknown-elf/lib/rv32imac/ilp32\libc_nano.a(lib_a-findfp.o)
                0x0000000008007a0e                __sinit
 .text.__sfp    0x0000000008007a9c       0xb0 c:/users/jesper/documents/ml_sommarjobb/toolchain-gd32v-v201-win/toolchain-gd32v-v201-win/compiler/bin/../lib/gcc/riscv64-unknown-elf/8.3.0/../../../../riscv64-unknown-elf/lib/rv32imac/ilp32\libc_nano.a(lib_a-findfp.o)
                0x0000000008007a9c                __sfp
 .text.__libc_fini_array
                0x0000000008007b4c       0x38 c:/users/jesper/documents/ml_sommarjobb/toolchain-gd32v-v201-win/toolchain-gd32v-v201-win/compiler/bin/../lib/gcc/riscv64-unknown-elf/8.3.0/../../../../riscv64-unknown-elf/lib/rv32imac/ilp32\libc_nano.a(lib_a-fini.o)
                0x0000000008007b4c                __libc_fini_array
 .text._fwalk_reent
                0x0000000008007b84       0x6c c:/users/jesper/documents/ml_sommarjobb/toolchain-gd32v-v201-win/toolchain-gd32v-v201-win/compiler/bin/../lib/gcc/riscv64-unknown-elf/8.3.0/../../../../riscv64-unknown-elf/lib/rv32imac/ilp32\libc_nano.a(lib_a-fwalk.o)
                0x0000000008007b84                _fwalk_reent
 .text.__libc_init_array
                0x0000000008007bf0       0x6a c:/users/jesper/documents/ml_sommarjobb/toolchain-gd32v-v201-win/toolchain-gd32v-v201-win/compiler/bin/../lib/gcc/riscv64-unknown-elf/8.3.0/../../../../riscv64-unknown-elf/lib/rv32imac/ilp32\libc_nano.a(lib_a-init.o)
                0x0000000008007bf0                __libc_init_array
 .text          0x0000000008007c5a       0x16 c:/users/jesper/documents/ml_sommarjobb/toolchain-gd32v-v201-win/toolchain-gd32v-v201-win/compiler/bin/../lib/gcc/riscv64-unknown-elf/8.3.0/../../../../riscv64-unknown-elf/lib/rv32imac/ilp32\libc_nano.a(lib_a-memcpy-asm.o)
                0x0000000008007c5a                memcpy
 .text          0x0000000008007c70       0x10 c:/users/jesper/documents/ml_sommarjobb/toolchain-gd32v-v201-win/toolchain-gd32v-v201-win/compiler/bin/../lib/gcc/riscv64-unknown-elf/8.3.0/../../../../riscv64-unknown-elf/lib/rv32imac/ilp32\libc_nano.a(lib_a-memset.o)
                0x0000000008007c70                memset
 .text._free_r  0x0000000008007c80       0xb8 c:/users/jesper/documents/ml_sommarjobb/toolchain-gd32v-v201-win/toolchain-gd32v-v201-win/compiler/bin/../lib/gcc/riscv64-unknown-elf/8.3.0/../../../../riscv64-unknown-elf/lib/rv32imac/ilp32\libc_nano.a(lib_a-nano-freer.o)
                0x0000000008007c80                _free_r
 .text._malloc_r
                0x0000000008007d38      0x102 c:/users/jesper/documents/ml_sommarjobb/toolchain-gd32v-v201-win/toolchain-gd32v-v201-win/compiler/bin/../lib/gcc/riscv64-unknown-elf/8.3.0/../../../../riscv64-unknown-elf/lib/rv32imac/ilp32\libc_nano.a(lib_a-nano-mallocr.o)
                0x0000000008007d38                _malloc_r
 .text.printf   0x0000000008007e3a       0x4e c:/users/jesper/documents/ml_sommarjobb/toolchain-gd32v-v201-win/toolchain-gd32v-v201-win/compiler/bin/../lib/gcc/riscv64-unknown-elf/8.3.0/../../../../riscv64-unknown-elf/lib/rv32imac/ilp32\libc_nano.a(lib_a-printf.o)
                0x0000000008007e3a                iprintf
                0x0000000008007e3a                printf
 .text._puts_r  0x0000000008007e88       0xf8 c:/users/jesper/documents/ml_sommarjobb/toolchain-gd32v-v201-win/toolchain-gd32v-v201-win/compiler/bin/../lib/gcc/riscv64-unknown-elf/8.3.0/../../../../riscv64-unknown-elf/lib/rv32imac/ilp32\libc_nano.a(lib_a-puts.o)
                0x0000000008007e88                _puts_r
 .text.puts     0x0000000008007f80       0x14 c:/users/jesper/documents/ml_sommarjobb/toolchain-gd32v-v201-win/toolchain-gd32v-v201-win/compiler/bin/../lib/gcc/riscv64-unknown-elf/8.3.0/../../../../riscv64-unknown-elf/lib/rv32imac/ilp32\libc_nano.a(lib_a-puts.o)
                0x0000000008007f80                puts
 .text._sbrk_r  0x0000000008007f94       0x36 c:/users/jesper/documents/ml_sommarjobb/toolchain-gd32v-v201-win/toolchain-gd32v-v201-win/compiler/bin/../lib/gcc/riscv64-unknown-elf/8.3.0/../../../../riscv64-unknown-elf/lib/rv32imac/ilp32\libc_nano.a(lib_a-sbrkr.o)
                0x0000000008007f94                _sbrk_r
 .text.__sread  0x0000000008007fca       0x36 c:/users/jesper/documents/ml_sommarjobb/toolchain-gd32v-v201-win/toolchain-gd32v-v201-win/compiler/bin/../lib/gcc/riscv64-unknown-elf/8.3.0/../../../../riscv64-unknown-elf/lib/rv32imac/ilp32\libc_nano.a(lib_a-stdio.o)
                0x0000000008007fca                __sread
 .text.__swrite
                0x0000000008008000       0x5a c:/users/jesper/documents/ml_sommarjobb/toolchain-gd32v-v201-win/toolchain-gd32v-v201-win/compiler/bin/../lib/gcc/riscv64-unknown-elf/8.3.0/../../../../riscv64-unknown-elf/lib/rv32imac/ilp32\libc_nano.a(lib_a-stdio.o)
                0x0000000008008000                __swrite
 .text.__sseek  0x000000000800805a       0x3c c:/users/jesper/documents/ml_sommarjobb/toolchain-gd32v-v201-win/toolchain-gd32v-v201-win/compiler/bin/../lib/gcc/riscv64-unknown-elf/8.3.0/../../../../riscv64-unknown-elf/lib/rv32imac/ilp32\libc_nano.a(lib_a-stdio.o)
                0x000000000800805a                __sseek
 .text.__sclose
                0x0000000008008096        0xc c:/users/jesper/documents/ml_sommarjobb/toolchain-gd32v-v201-win/toolchain-gd32v-v201-win/compiler/bin/../lib/gcc/riscv64-unknown-elf/8.3.0/../../../../riscv64-unknown-elf/lib/rv32imac/ilp32\libc_nano.a(lib_a-stdio.o)
                0x0000000008008096                __sclose
 .text.strlen   0x00000000080080a2       0x12 c:/users/jesper/documents/ml_sommarjobb/toolchain-gd32v-v201-win/toolchain-gd32v-v201-win/compiler/bin/../lib/gcc/riscv64-unknown-elf/8.3.0/../../../../riscv64-unknown-elf/lib/rv32imac/ilp32\libc_nano.a(lib_a-strlen.o)
                0x00000000080080a2                strlen
 .text.isatty   0x00000000080080b4        0x8 c:/users/jesper/documents/ml_sommarjobb/toolchain-gd32v-v201-win/toolchain-gd32v-v201-win/compiler/bin/../lib/gcc/riscv64-unknown-elf/8.3.0/../../../../riscv64-unknown-elf/lib/rv32imac/ilp32\libc_nano.a(lib_a-sysisatty.o)
                0x00000000080080b4                isatty
 .text.write    0x00000000080080bc       0x18 c:/users/jesper/documents/ml_sommarjobb/toolchain-gd32v-v201-win/toolchain-gd32v-v201-win/compiler/bin/../lib/gcc/riscv64-unknown-elf/8.3.0/../../../../riscv64-unknown-elf/lib/rv32imac/ilp32\libc_nano.a(lib_a-syswrite.o)
                0x00000000080080bc                write
 .text.__swbuf_r
                0x00000000080080d4       0xd8 c:/users/jesper/documents/ml_sommarjobb/toolchain-gd32v-v201-win/toolchain-gd32v-v201-win/compiler/bin/../lib/gcc/riscv64-unknown-elf/8.3.0/../../../../riscv64-unknown-elf/lib/rv32imac/ilp32\libc_nano.a(lib_a-wbuf.o)
                0x00000000080080d4                __swbuf_r
 .text._write_r
                0x00000000080081ac       0x3a c:/users/jesper/documents/ml_sommarjobb/toolchain-gd32v-v201-win/toolchain-gd32v-v201-win/compiler/bin/../lib/gcc/riscv64-unknown-elf/8.3.0/../../../../riscv64-unknown-elf/lib/rv32imac/ilp32\libc_nano.a(lib_a-writer.o)
                0x00000000080081ac                _write_r
 .text.__swsetup_r
                0x00000000080081e6      0x122 c:/users/jesper/documents/ml_sommarjobb/toolchain-gd32v-v201-win/toolchain-gd32v-v201-win/compiler/bin/../lib/gcc/riscv64-unknown-elf/8.3.0/../../../../riscv64-unknown-elf/lib/rv32imac/ilp32\libc_nano.a(lib_a-wsetup.o)
                0x00000000080081e6                __swsetup_r
 .text.__register_exitproc
                0x0000000008008308       0x8c c:/users/jesper/documents/ml_sommarjobb/toolchain-gd32v-v201-win/toolchain-gd32v-v201-win/compiler/bin/../lib/gcc/riscv64-unknown-elf/8.3.0/../../../../riscv64-unknown-elf/lib/rv32imac/ilp32\libc_nano.a(lib_a-__atexit.o)
                0x0000000008008308                __register_exitproc
 .text.__call_exitprocs
                0x0000000008008394       0xc8 c:/users/jesper/documents/ml_sommarjobb/toolchain-gd32v-v201-win/toolchain-gd32v-v201-win/compiler/bin/../lib/gcc/riscv64-unknown-elf/8.3.0/../../../../riscv64-unknown-elf/lib/rv32imac/ilp32\libc_nano.a(lib_a-__call_atexit.o)
                0x0000000008008394                __call_exitprocs
 .text._close_r
                0x000000000800845c       0x36 c:/users/jesper/documents/ml_sommarjobb/toolchain-gd32v-v201-win/toolchain-gd32v-v201-win/compiler/bin/../lib/gcc/riscv64-unknown-elf/8.3.0/../../../../riscv64-unknown-elf/lib/rv32imac/ilp32\libc_nano.a(lib_a-closer.o)
                0x000000000800845c                _close_r
 .text._lseek_r
                0x0000000008008492       0x3a c:/users/jesper/documents/ml_sommarjobb/toolchain-gd32v-v201-win/toolchain-gd32v-v201-win/compiler/bin/../lib/gcc/riscv64-unknown-elf/8.3.0/../../../../riscv64-unknown-elf/lib/rv32imac/ilp32\libc_nano.a(lib_a-lseekr.o)
                0x0000000008008492                _lseek_r
 .text.__swhatbuf_r
                0x00000000080084cc       0x5e c:/users/jesper/documents/ml_sommarjobb/toolchain-gd32v-v201-win/toolchain-gd32v-v201-win/compiler/bin/../lib/gcc/riscv64-unknown-elf/8.3.0/../../../../riscv64-unknown-elf/lib/rv32imac/ilp32\libc_nano.a(lib_a-makebuf.o)
                0x00000000080084cc                __swhatbuf_r
 .text.__smakebuf_r
                0x000000000800852a       0xae c:/users/jesper/documents/ml_sommarjobb/toolchain-gd32v-v201-win/toolchain-gd32v-v201-win/compiler/bin/../lib/gcc/riscv64-unknown-elf/8.3.0/../../../../riscv64-unknown-elf/lib/rv32imac/ilp32\libc_nano.a(lib_a-makebuf.o)
                0x000000000800852a                __smakebuf_r
 .text.__malloc_lock
                0x00000000080085d8        0x2 c:/users/jesper/documents/ml_sommarjobb/toolchain-gd32v-v201-win/toolchain-gd32v-v201-win/compiler/bin/../lib/gcc/riscv64-unknown-elf/8.3.0/../../../../riscv64-unknown-elf/lib/rv32imac/ilp32\libc_nano.a(lib_a-mlock.o)
                0x00000000080085d8                __malloc_lock
 .text.__malloc_unlock
                0x00000000080085da        0x2 c:/users/jesper/documents/ml_sommarjobb/toolchain-gd32v-v201-win/toolchain-gd32v-v201-win/compiler/bin/../lib/gcc/riscv64-unknown-elf/8.3.0/../../../../riscv64-unknown-elf/lib/rv32imac/ilp32\libc_nano.a(lib_a-mlock.o)
                0x00000000080085da                __malloc_unlock
 .text.__sfputc_r
                0x00000000080085dc       0x2e c:/users/jesper/documents/ml_sommarjobb/toolchain-gd32v-v201-win/toolchain-gd32v-v201-win/compiler/bin/../lib/gcc/riscv64-unknown-elf/8.3.0/../../../../riscv64-unknown-elf/lib/rv32imac/ilp32\libc_nano.a(lib_a-nano-vfprintf.o)
 .text.__sfputs_r
                0x000000000800860a       0x48 c:/users/jesper/documents/ml_sommarjobb/toolchain-gd32v-v201-win/toolchain-gd32v-v201-win/compiler/bin/../lib/gcc/riscv64-unknown-elf/8.3.0/../../../../riscv64-unknown-elf/lib/rv32imac/ilp32\libc_nano.a(lib_a-nano-vfprintf.o)
                0x000000000800860a                __sfputs_r
 .text._vfprintf_r
                0x0000000008008652      0x2c0 c:/users/jesper/documents/ml_sommarjobb/toolchain-gd32v-v201-win/toolchain-gd32v-v201-win/compiler/bin/../lib/gcc/riscv64-unknown-elf/8.3.0/../../../../riscv64-unknown-elf/lib/rv32imac/ilp32\libc_nano.a(lib_a-nano-vfprintf.o)
                0x0000000008008652                _vfprintf_r
                0x0000000008008652                _vfiprintf_r
 .text._read_r  0x0000000008008912       0x3a c:/users/jesper/documents/ml_sommarjobb/toolchain-gd32v-v201-win/toolchain-gd32v-v201-win/compiler/bin/../lib/gcc/riscv64-unknown-elf/8.3.0/../../../../riscv64-unknown-elf/lib/rv32imac/ilp32\libc_nano.a(lib_a-readr.o)
                0x0000000008008912                _read_r
 .text._fstat_r
                0x000000000800894c       0x38 c:/users/jesper/documents/ml_sommarjobb/toolchain-gd32v-v201-win/toolchain-gd32v-v201-win/compiler/bin/../lib/gcc/riscv64-unknown-elf/8.3.0/../../../../riscv64-unknown-elf/lib/rv32imac/ilp32\libc_nano.a(lib_a-fstatr.o)
                0x000000000800894c                _fstat_r
 .text._isatty_r
                0x0000000008008984       0x36 c:/users/jesper/documents/ml_sommarjobb/toolchain-gd32v-v201-win/toolchain-gd32v-v201-win/compiler/bin/../lib/gcc/riscv64-unknown-elf/8.3.0/../../../../riscv64-unknown-elf/lib/rv32imac/ilp32\libc_nano.a(lib_a-isattyr.o)
                0x0000000008008984                _isatty_r
 .text.memchr   0x00000000080089ba       0x1a c:/users/jesper/documents/ml_sommarjobb/toolchain-gd32v-v201-win/toolchain-gd32v-v201-win/compiler/bin/../lib/gcc/riscv64-unknown-elf/8.3.0/../../../../riscv64-unknown-elf/lib/rv32imac/ilp32\libc_nano.a(lib_a-memchr.o)
                0x00000000080089ba                memchr
 .text._printf_common
                0x00000000080089d4      0x10c c:/users/jesper/documents/ml_sommarjobb/toolchain-gd32v-v201-win/toolchain-gd32v-v201-win/compiler/bin/../lib/gcc/riscv64-unknown-elf/8.3.0/../../../../riscv64-unknown-elf/lib/rv32imac/ilp32\libc_nano.a(lib_a-nano-vfprintf_i.o)
                0x00000000080089d4                _printf_common
 .text._printf_i
                0x0000000008008ae0      0x2ae c:/users/jesper/documents/ml_sommarjobb/toolchain-gd32v-v201-win/toolchain-gd32v-v201-win/compiler/bin/../lib/gcc/riscv64-unknown-elf/8.3.0/../../../../riscv64-unknown-elf/lib/rv32imac/ilp32\libc_nano.a(lib_a-nano-vfprintf_i.o)
                0x0000000008008ae0                _printf_i
 *(.gnu.linkonce.t.*)

.sdata2.USB_SPEED
                0x0000000008008d90        0x4
 .sdata2.USB_SPEED
                0x0000000008008d90        0x4 build/drv_usbd_int.o

.sdata2.usbd_language_id_desc
                0x0000000008008d94        0x4
 .sdata2.usbd_language_id_desc
                0x0000000008008d94        0x4 build/cdc_acm_core.o
                0x0000000008008d94                usbd_language_id_desc

.sdata2.EP0_MAXLEN
                0x0000000008008d98        0x4
 .sdata2.EP0_MAXLEN
                0x0000000008008d98        0x4 build/drv_usb_dev.o

.sdata2._global_impure_ptr
                0x0000000008008d9c        0x4
 .sdata2._global_impure_ptr
                0x0000000008008d9c        0x4 c:/users/jesper/documents/ml_sommarjobb/toolchain-gd32v-v201-win/toolchain-gd32v-v201-win/compiler/bin/../lib/gcc/riscv64-unknown-elf/8.3.0/../../../../riscv64-unknown-elf/lib/rv32imac/ilp32\libc_nano.a(lib_a-impure.o)
                0x0000000008008d9c                _global_impure_ptr

.rela.dyn       0x0000000008008da0        0x0
 .rela.text._sbrk
                0x0000000008008da0        0x0 build/gd32vf103_exti.o
 .rela.sdata.curbrk.1524
                0x0000000008008da0        0x0 build/gd32vf103_exti.o
 .rela.text.handle_trap
                0x0000000008008da0        0x0 build/gd32vf103_exti.o
 .rela.text.read_mpu
                0x0000000008008da0        0x0 build/gd32vf103_exti.o
 .rela.text.write_mpu
                0x0000000008008da0        0x0 build/gd32vf103_exti.o
 .rela.text.mpu6500_init
                0x0000000008008da0        0x0 build/gd32vf103_exti.o
 .rela.text.mpu6500_install
                0x0000000008008da0        0x0 build/gd32vf103_exti.o
 .rela.text.init_q
                0x0000000008008da0        0x0 build/gd32vf103_exti.o
 .rela.text.enqueue_string
                0x0000000008008da0        0x0 build/gd32vf103_exti.o
 .rela.text.queue_str_len
                0x0000000008008da0        0x0 build/gd32vf103_exti.o
 .rela.text.dequeue_string
                0x0000000008008da0        0x0 build/gd32vf103_exti.o
 .rela.text.empty_string_queue
                0x0000000008008da0        0x0 build/gd32vf103_exti.o
 .rela.text.clear_queues
                0x0000000008008da0        0x0 build/gd32vf103_exti.o
 .rela.text.usb_rcu_config
                0x0000000008008da0        0x0 build/gd32vf103_exti.o
 .rela.text.cdc_acm_req_handler
                0x0000000008008da0        0x0 build/gd32vf103_exti.o
 .rela.text.cdc_acm_EP0_RxReady
                0x0000000008008da0        0x0 build/gd32vf103_exti.o
 .rela.init     0x0000000008008da0        0x0 build/gd32vf103_exti.o
 .rela.text.trap
                0x0000000008008da0        0x0 build/gd32vf103_exti.o
 .rela.text.__libc_fini_array
                0x0000000008008da0        0x0 build/gd32vf103_exti.o
 .rela.text.__libc_init_array
                0x0000000008008da0        0x0 build/gd32vf103_exti.o
 .rela.text._sbrk_r
                0x0000000008008da0        0x0 build/gd32vf103_exti.o
 .rela.text._write_r
                0x0000000008008da0        0x0 build/gd32vf103_exti.o
 .rela.text.__register_exitproc
                0x0000000008008da0        0x0 build/gd32vf103_exti.o
 .rela.text._close_r
                0x0000000008008da0        0x0 build/gd32vf103_exti.o
 .rela.text._lseek_r
                0x0000000008008da0        0x0 build/gd32vf103_exti.o
 .rela.text._vfprintf_r
                0x0000000008008da0        0x0 build/gd32vf103_exti.o
 .rela.text._read_r
                0x0000000008008da0        0x0 build/gd32vf103_exti.o
 .rela.text._fstat_r
                0x0000000008008da0        0x0 build/gd32vf103_exti.o
 .rela.text._isatty_r
                0x0000000008008da0        0x0 build/gd32vf103_exti.o

.fini
 *(SORT_NONE(.fini))
                0x0000000008008da0                . = ALIGN (0x4)
                [!provide]                        PROVIDE (__etext = .)
                [!provide]                        PROVIDE (_etext = .)
                [!provide]                        PROVIDE (etext = .)
                [!provide]                        PROVIDE (_eilm = .)

.preinit_array  0x0000000008008da0        0x0
                0x0000000008008da0                PROVIDE (__preinit_array_start = .)
 *(.preinit_array)
                0x0000000008008da0                PROVIDE (__preinit_array_end = .)

.init_array     0x0000000008008da0        0x0
                0x0000000008008da0                PROVIDE (__init_array_start = .)
 *(SORT_BY_INIT_PRIORITY(.init_array.*) SORT_BY_INIT_PRIORITY(.ctors.*))
 *(.init_array EXCLUDE_FILE(*crtend?.o *crtend.o *crtbegin?.o *crtbegin.o) .ctors)
                0x0000000008008da0                PROVIDE (__init_array_end = .)

.fini_array     0x0000000008008da0        0x0
                0x0000000008008da0                PROVIDE (__fini_array_start = .)
 *(SORT_BY_INIT_PRIORITY(.fini_array.*) SORT_BY_INIT_PRIORITY(.dtors.*))
 *(.fini_array EXCLUDE_FILE(*crtend?.o *crtend.o *crtbegin?.o *crtbegin.o) .dtors)
                0x0000000008008da0                PROVIDE (__fini_array_end = .)

.ctors
 *crtbegin.o(.ctors)
 *crtbegin?.o(.ctors)
 *(EXCLUDE_FILE(*crtend?.o *crtend.o) .ctors)
 *(SORT_BY_NAME(.ctors.*))
 *(.ctors)

.dtors
 *crtbegin.o(.dtors)
 *crtbegin?.o(.dtors)
 *(EXCLUDE_FILE(*crtend?.o *crtend.o) .dtors)
 *(SORT_BY_NAME(.dtors.*))
 *(.dtors)
                0x0000000008008da0                . = ALIGN (0x4)
                [!provide]                        PROVIDE (_eilm = .)

.lalign         0x0000000008008da0        0x0
                0x0000000008008da0                . = ALIGN (0x4)
                0x0000000008008da0                PROVIDE (_data_lma = .)

.dalign         0x0000000020000000        0x0 load address 0x0000000008008da0
                0x0000000020000000                . = ALIGN (0x4)
                0x0000000020000000                PROVIDE (_data = .)

.data           0x0000000020000000      0x528 load address 0x0000000008008da0
 *(.rdata)
 *(.gnu.linkonce.r.*)
 *(.data .data.*)
 .data.USB_OTG_dev
                0x0000000020000000      0x434 build/usb_serial_if.o
                0x0000000020000000                USB_OTG_dev
 .data.configuration_descriptor
                0x0000000020000434       0x43 build/cdc_acm_core.o
                0x0000000020000434                configuration_descriptor
 *fill*         0x0000000020000477        0x1 
 .data.usbd_cdc_cb
                0x0000000020000478       0x24 build/cdc_acm_core.o
                0x0000000020000478                usbd_cdc_cb
 .data.impure_data
                0x000000002000049c       0x60 c:/users/jesper/documents/ml_sommarjobb/toolchain-gd32v-v201-win/toolchain-gd32v-v201-win/compiler/bin/../lib/gcc/riscv64-unknown-elf/8.3.0/../../../../riscv64-unknown-elf/lib/rv32imac/ilp32\libc_nano.a(lib_a-impure.o)
 *(.gnu.linkonce.d.*)
                0x0000000020000500                . = ALIGN (0x8)
 *fill*         0x00000000200004fc        0x4 
                0x0000000020000d00                PROVIDE (__global_pointer$ = (. + 0x800))
 *(.sdata .sdata.*)
 .sdata.SystemCoreClock
                0x0000000020000500        0x4 build/system_gd32vf103.o
                0x0000000020000500                SystemCoreClock
 .sdata.curbrk.1524
                0x0000000020000504        0x4 build/sbrk.o
 .sdata.Stat    0x0000000020000508        0x1 build/tf_card.o
 *fill*         0x0000000020000509        0x3 
 .sdata.time    0x000000002000050c        0x8 build/gd32v_tf_card_if.o
                0x000000002000050c                time
 .sdata.cdc_cmd
                0x0000000020000514        0x4 build/cdc_acm_core.o
 .sdata.linecoding
                0x0000000020000518        0x8 build/cdc_acm_core.o
                0x0000000020000518                linecoding
 .sdata.packet_receive
                0x0000000020000520        0x1 build/cdc_acm_core.o
                0x0000000020000520                packet_receive
 .sdata.packet_sent
                0x0000000020000521        0x1 build/cdc_acm_core.o
                0x0000000020000521                packet_sent
 *fill*         0x0000000020000522        0x2 
 .sdata._impure_ptr
                0x0000000020000524        0x4 c:/users/jesper/documents/ml_sommarjobb/toolchain-gd32v-v201-win/toolchain-gd32v-v201-win/compiler/bin/../lib/gcc/riscv64-unknown-elf/8.3.0/../../../../riscv64-unknown-elf/lib/rv32imac/ilp32\libc_nano.a(lib_a-impure.o)
                0x0000000020000524                _impure_ptr
 *(.gnu.linkonce.s.*)
                0x0000000020000528                . = ALIGN (0x8)
 *(.srodata.cst16)
 *(.srodata.cst8)
 *(.srodata.cst4)
 *(.srodata.cst2)
 *(.srodata .srodata.*)
                0x0000000020000528                . = ALIGN (0x4)
                0x0000000020000528                PROVIDE (_edata = .)
                [!provide]                        PROVIDE (edata = .)
                [!provide]                        PROVIDE (_fbss = .)
                0x0000000020000528                PROVIDE (__bss_start = .)

.bss            0x0000000020000528     0x4360
 *(.sbss*)
 .sbss.pmtisr   0x0000000020000528        0x4 build/eclicw.o
 .sbss.pu0tbeisr
                0x000000002000052c        0x4 build/eclicw.o
 .sbss.tf_current_time
                0x0000000020000530        0x8 build/tf_delay.o
                0x0000000020000530                tf_current_time
 .sbss.tf_delay_until
                0x0000000020000538        0x8 build/tf_delay.o
                0x0000000020000538                tf_delay_until
 .sbss.CardType
                0x0000000020000540        0x1 build/tf_card.o
 *fill*         0x0000000020000541        0x3 
 .sbss.FatFs    0x0000000020000544        0x4 build/ff.o
 .sbss.Fsid     0x0000000020000548        0x2 build/ff.o
 .sbss.config.4766
                0x000000002000054a        0x1 build/usbd_enum.o
 *fill*         0x000000002000054b        0x1 
 .sbss.status.4696
                0x000000002000054c        0x2 build/usbd_enum.o
 *fill*         0x000000002000054e        0x2 
 .sbss.usbfs_prescaler
                0x0000000020000550        0x4 build/gd32vf103_hw.o
                0x0000000020000550                usbfs_prescaler
 .sbss.setupc_flag
                0x0000000020000554        0x1 build/drv_usbd_int.o
                0x0000000020000554                setupc_flag
 *fill*         0x0000000020000555        0x3 
 .sbss.receive_length
                0x0000000020000558        0x4 build/cdc_acm_core.o
                0x0000000020000558                receive_length
 .sbss.rx_custom_cb
                0x000000002000055c        0x4 build/cdc_acm_core.o
                0x000000002000055c                rx_custom_cb
 .sbss.usb_serial_connected
                0x0000000020000560        0x4 build/cdc_acm_core.o
 .sbss.time_elapsed
                0x0000000020000564        0x4 build/main.o
                0x0000000020000564                time_elapsed
 .sbss.__malloc_free_list
                0x0000000020000568        0x4 c:/users/jesper/documents/ml_sommarjobb/toolchain-gd32v-v201-win/toolchain-gd32v-v201-win/compiler/bin/../lib/gcc/riscv64-unknown-elf/8.3.0/../../../../riscv64-unknown-elf/lib/rv32imac/ilp32\libc_nano.a(lib_a-nano-mallocr.o)
                0x0000000020000568                __malloc_free_list
 .sbss.__malloc_sbrk_start
                0x000000002000056c        0x4 c:/users/jesper/documents/ml_sommarjobb/toolchain-gd32v-v201-win/toolchain-gd32v-v201-win/compiler/bin/../lib/gcc/riscv64-unknown-elf/8.3.0/../../../../riscv64-unknown-elf/lib/rv32imac/ilp32\libc_nano.a(lib_a-nano-mallocr.o)
                0x000000002000056c                __malloc_sbrk_start
 .sbss._global_atexit
                0x0000000020000570        0x4 c:/users/jesper/documents/ml_sommarjobb/toolchain-gd32v-v201-win/toolchain-gd32v-v201-win/compiler/bin/../lib/gcc/riscv64-unknown-elf/8.3.0/../../../../riscv64-unknown-elf/lib/rv32imac/ilp32\libc_nano.a(lib_a-__call_atexit.o)
                0x0000000020000570                _global_atexit
 *(.gnu.linkonce.sb.*)
 *(.bss .bss.*)
 .bss.tx_buffer
                0x0000000020000574      0x200 build/usb_serial_if.o
                0x0000000020000574                tx_buffer
 .bss.last_Sample_buffer
                0x0000000020000774        0xe build/main.o
                0x0000000020000774                last_Sample_buffer
 *fill*         0x0000000020000782        0x2 
 .bss._global_atexit0
                0x0000000020000784       0x8c c:/users/jesper/documents/ml_sommarjobb/toolchain-gd32v-v201-win/toolchain-gd32v-v201-win/compiler/bin/../lib/gcc/riscv64-unknown-elf/8.3.0/../../../../riscv64-unknown-elf/lib/rv32imac/ilp32\libc_nano.a(lib_a-__atexit.o)
 *(.gnu.linkonce.b.*)
 *(COMMON)
 COMMON         0x0000000020000810       0x10 build/mpu6500_driver.o
                0x0000000020000810                cb
 COMMON         0x0000000020000820        0x4 build/gd32v_mpu6500_if.o
                0x0000000020000820                i2c_port
 COMMON         0x0000000020000824     0x4014 build/queue.o
                0x0000000020000824                w
 COMMON         0x0000000020004838        0x4 build/gd32vf103_hw.o
                0x0000000020004838                timer_prescaler
 COMMON         0x000000002000483c       0x48 build/cdc_acm_core.o
                0x000000002000483c                usb_data_buffer
                0x000000002000487c                usb_cmd_buffer
 COMMON         0x0000000020004884        0x4 c:/users/jesper/documents/ml_sommarjobb/toolchain-gd32v-v201-win/toolchain-gd32v-v201-win/compiler/bin/../lib/gcc/riscv64-unknown-elf/8.3.0/../../../../riscv64-unknown-elf/lib/rv32imac/ilp32\libc_nano.a(lib_a-reent.o)
                0x0000000020004884                errno
                0x0000000020004888                . = ALIGN (0x4)
                0x0000000020004888                . = ALIGN (0x8)
                0x0000000020004888                PROVIDE (_end = .)
                [!provide]                        PROVIDE (end = .)

.stack          0x0000000020007000     0x1000 load address 0x0000000020004888
                0x0000000020007000                PROVIDE (_heap_end = .)
                0x0000000000001000                . = __stack_size
 *fill*         0x0000000020007000     0x1000 
                0x0000000020008000                PROVIDE (_sp = .)
                0x0000000000001000                . = (__dbg_stack_size + __stack_size)
                [!provide]                        PROVIDE (_dbg_sp = .)
OUTPUT(build/gd32vf103.elf elf32-littleriscv)

.debug_info     0x0000000000000000    0x2ccf3
 .debug_info    0x0000000000000000      0x3e9 build/gd32vf103_exti.o
 .debug_info    0x00000000000003e9      0xa73 build/gd32vf103_spi.o
 .debug_info    0x0000000000000e5c      0xf51 build/gd32vf103_rcu.o
 .debug_info    0x0000000000001dad      0x6f6 build/gd32vf103_gpio.o
 .debug_info    0x00000000000024a3     0x16ec build/gd32vf103_timer.o
 .debug_info    0x0000000000003b8f      0xbfd build/gd32vf103_i2c.o
 .debug_info    0x000000000000478c      0xe20 build/gd32vf103_dma.o
 .debug_info    0x00000000000055ac      0x2ac build/gd32vf103_eclic.o
 .debug_info    0x0000000000005858      0x203 build/system_gd32vf103.o
 .debug_info    0x0000000000005a5b      0x1bb build/write_hex.o
 .debug_info    0x0000000000005c16       0xd0 build/sbrk.o
 .debug_info    0x0000000000005ce6      0xacd build/close.o
 .debug_info    0x00000000000067b3      0xb29 build/lseek.o
 .debug_info    0x00000000000072dc      0x1d3 build/_exit.o
 .debug_info    0x00000000000074af      0x108 build/isatty.o
 .debug_info    0x00000000000075b7      0xd59 build/fstat.o
 .debug_info    0x0000000000008310      0xb01 build/read.o
 .debug_info    0x0000000000008e11     0x18a2 build/n200_func.o
 .debug_info    0x000000000000a6b3      0xb4f build/handlers.o
 .debug_info    0x000000000000b202      0xcb0 build/init.o
 .debug_info    0x000000000000beb2      0x8ed build/dma.o
 .debug_info    0x000000000000c79f      0x3da build/eclicw.o
 .debug_info    0x000000000000cb79      0x17c build/tf_delay.o
 .debug_info    0x000000000000ccf5     0x1bb1 build/tf_card.o
 .debug_info    0x000000000000e8a6      0xb63 build/gd32v_tf_card_if.o
 .debug_info    0x000000000000f409     0x2a42 build/ff.o
 .debug_info    0x0000000000011e4b     0x10aa build/mpu6500_driver.o
 .debug_info    0x0000000000012ef5     0x14d3 build/gd32v_mpu6500_if.o
 .debug_info    0x00000000000143c8      0x4bd build/queue.o
 .debug_info    0x0000000000014885      0x1a9 build/systick.o
 .debug_info    0x0000000000014a2e     0x2128 build/usbd_enum.o
 .debug_info    0x0000000000016b56      0x1a9 build/usb_delay.o
 .debug_info    0x0000000000016cff     0x1cb4 build/gd32vf103_usb_it.o
 .debug_info    0x00000000000189b3     0x1a23 build/usbd_transc.o
 .debug_info    0x000000000001a3d6      0xb4e build/drv_usb_core.o
 .debug_info    0x000000000001af24     0x10bb build/gd32vf103_hw.o
 .debug_info    0x000000000001bfdf     0x12e8 build/drv_usbd_int.o
 .debug_info    0x000000000001d2c7     0x1e9b build/usb_serial_if.o
 .debug_info    0x000000000001f162     0x21a4 build/cdc_acm_core.o
 .debug_info    0x0000000000021306     0x1304 build/usbd_core.o
 .debug_info    0x000000000002260a     0x13ce build/drv_usb_dev.o
 .debug_info    0x00000000000239d8     0x3081 build/main.o
 .debug_info    0x0000000000026a59       0x26 build/start.o
 .debug_info    0x0000000000026a7f       0x22 build/entry.o
 .debug_info    0x0000000000026aa1     0x1245 c:/users/jesper/documents/ml_sommarjobb/toolchain-gd32v-v201-win/toolchain-gd32v-v201-win/compiler/bin/../lib/gcc/riscv64-unknown-elf/8.3.0/rv32imac/ilp32\libgcc.a(_udivdi3.o)
 .debug_info    0x0000000000027ce6      0x734 c:/users/jesper/documents/ml_sommarjobb/toolchain-gd32v-v201-win/toolchain-gd32v-v201-win/compiler/bin/../lib/gcc/riscv64-unknown-elf/8.3.0/rv32imac/ilp32\libgcc.a(divdf3.o)
 .debug_info    0x000000000002841a      0x286 c:/users/jesper/documents/ml_sommarjobb/toolchain-gd32v-v201-win/toolchain-gd32v-v201-win/compiler/bin/../lib/gcc/riscv64-unknown-elf/8.3.0/rv32imac/ilp32\libgcc.a(ledf2.o)
 .debug_info    0x00000000000286a0      0x76c c:/users/jesper/documents/ml_sommarjobb/toolchain-gd32v-v201-win/toolchain-gd32v-v201-win/compiler/bin/../lib/gcc/riscv64-unknown-elf/8.3.0/rv32imac/ilp32\libgcc.a(muldf3.o)
 .debug_info    0x0000000000028e0c      0x217 c:/users/jesper/documents/ml_sommarjobb/toolchain-gd32v-v201-win/toolchain-gd32v-v201-win/compiler/bin/../lib/gcc/riscv64-unknown-elf/8.3.0/rv32imac/ilp32\libgcc.a(fixdfsi.o)
 .debug_info    0x0000000000029023      0x2c0 c:/users/jesper/documents/ml_sommarjobb/toolchain-gd32v-v201-win/toolchain-gd32v-v201-win/compiler/bin/../lib/gcc/riscv64-unknown-elf/8.3.0/rv32imac/ilp32\libgcc.a(floatsidf.o)
 .debug_info    0x00000000000292e3      0x2af c:/users/jesper/documents/ml_sommarjobb/toolchain-gd32v-v201-win/toolchain-gd32v-v201-win/compiler/bin/../lib/gcc/riscv64-unknown-elf/8.3.0/rv32imac/ilp32\libgcc.a(floatunsidf.o)
 .debug_info    0x0000000000029592      0x2e8 c:/users/jesper/documents/ml_sommarjobb/toolchain-gd32v-v201-win/toolchain-gd32v-v201-win/compiler/bin/../lib/gcc/riscv64-unknown-elf/8.3.0/rv32imac/ilp32\libgcc.a(floatundidf.o)
 .debug_info    0x000000000002987a      0x1f7 c:/users/jesper/documents/ml_sommarjobb/toolchain-gd32v-v201-win/toolchain-gd32v-v201-win/compiler/bin/../lib/gcc/riscv64-unknown-elf/8.3.0/rv32imac/ilp32\libgcc.a(fixsfsi.o)
 .debug_info    0x0000000000029a71      0x25d c:/users/jesper/documents/ml_sommarjobb/toolchain-gd32v-v201-win/toolchain-gd32v-v201-win/compiler/bin/../lib/gcc/riscv64-unknown-elf/8.3.0/rv32imac/ilp32\libgcc.a(floatsisf.o)
 .debug_info    0x0000000000029cce      0xc72 c:/users/jesper/documents/ml_sommarjobb/toolchain-gd32v-v201-win/toolchain-gd32v-v201-win/compiler/bin/../lib/gcc/riscv64-unknown-elf/8.3.0/rv32imac/ilp32\libgcc.a(_lshrdi3.o)
 .debug_info    0x000000000002a940      0xc72 c:/users/jesper/documents/ml_sommarjobb/toolchain-gd32v-v201-win/toolchain-gd32v-v201-win/compiler/bin/../lib/gcc/riscv64-unknown-elf/8.3.0/rv32imac/ilp32\libgcc.a(_ashldi3.o)
 .debug_info    0x000000000002b5b2      0xb6a c:/users/jesper/documents/ml_sommarjobb/toolchain-gd32v-v201-win/toolchain-gd32v-v201-win/compiler/bin/../lib/gcc/riscv64-unknown-elf/8.3.0/rv32imac/ilp32\libgcc.a(_clz.o)
 .debug_info    0x000000000002c11c      0xbd7 c:/users/jesper/documents/ml_sommarjobb/toolchain-gd32v-v201-win/toolchain-gd32v-v201-win/compiler/bin/../lib/gcc/riscv64-unknown-elf/8.3.0/rv32imac/ilp32\libgcc.a(_clzsi2.o)

.debug_abbrev   0x0000000000000000     0x7b6d
 .debug_abbrev  0x0000000000000000      0x15c build/gd32vf103_exti.o
 .debug_abbrev  0x000000000000015c      0x21a build/gd32vf103_spi.o
 .debug_abbrev  0x0000000000000376      0x259 build/gd32vf103_rcu.o
 .debug_abbrev  0x00000000000005cf      0x228 build/gd32vf103_gpio.o
 .debug_abbrev  0x00000000000007f7      0x2c1 build/gd32vf103_timer.o
 .debug_abbrev  0x0000000000000ab8      0x1e9 build/gd32vf103_i2c.o
 .debug_abbrev  0x0000000000000ca1      0x20f build/gd32vf103_dma.o
 .debug_abbrev  0x0000000000000eb0      0x112 build/gd32vf103_eclic.o
 .debug_abbrev  0x0000000000000fc2       0xe0 build/system_gd32vf103.o
 .debug_abbrev  0x00000000000010a2       0xfa build/write_hex.o
 .debug_abbrev  0x000000000000119c       0xac build/sbrk.o
 .debug_abbrev  0x0000000000001248      0x1eb build/close.o
 .debug_abbrev  0x0000000000001433      0x218 build/lseek.o
 .debug_abbrev  0x000000000000164b       0xec build/_exit.o
 .debug_abbrev  0x0000000000001737       0x75 build/isatty.o
 .debug_abbrev  0x00000000000017ac      0x218 build/fstat.o
 .debug_abbrev  0x00000000000019c4      0x1fc build/read.o
 .debug_abbrev  0x0000000000001bc0      0x4db build/n200_func.o
 .debug_abbrev  0x000000000000209b      0x234 build/handlers.o
 .debug_abbrev  0x00000000000022cf      0x22b build/init.o
 .debug_abbrev  0x00000000000024fa      0x1b3 build/dma.o
 .debug_abbrev  0x00000000000026ad      0x117 build/eclicw.o
 .debug_abbrev  0x00000000000027c4       0xd2 build/tf_delay.o
 .debug_abbrev  0x0000000000002896      0x4a3 build/tf_card.o
 .debug_abbrev  0x0000000000002d39      0x200 build/gd32v_tf_card_if.o
 .debug_abbrev  0x0000000000002f39      0x340 build/ff.o
 .debug_abbrev  0x0000000000003279      0x2dc build/mpu6500_driver.o
 .debug_abbrev  0x0000000000003555      0x2cb build/gd32v_mpu6500_if.o
 .debug_abbrev  0x0000000000003820      0x248 build/queue.o
 .debug_abbrev  0x0000000000003a68       0xcb build/systick.o
 .debug_abbrev  0x0000000000003b33      0x511 build/usbd_enum.o
 .debug_abbrev  0x0000000000004044       0xcb build/usb_delay.o
 .debug_abbrev  0x000000000000410f      0x2a8 build/gd32vf103_usb_it.o
 .debug_abbrev  0x00000000000043b7      0x2ab build/usbd_transc.o
 .debug_abbrev  0x0000000000004662      0x2a9 build/drv_usb_core.o
 .debug_abbrev  0x000000000000490b      0x318 build/gd32vf103_hw.o
 .debug_abbrev  0x0000000000004c23      0x305 build/drv_usbd_int.o
 .debug_abbrev  0x0000000000004f28      0x3b3 build/usb_serial_if.o
 .debug_abbrev  0x00000000000052db      0x3f7 build/cdc_acm_core.o
 .debug_abbrev  0x00000000000056d2      0x2a8 build/usbd_core.o
 .debug_abbrev  0x000000000000597a      0x335 build/drv_usb_dev.o
 .debug_abbrev  0x0000000000005caf      0x4bd build/main.o
 .debug_abbrev  0x000000000000616c       0x14 build/start.o
 .debug_abbrev  0x0000000000006180       0x12 build/entry.o
 .debug_abbrev  0x0000000000006192      0x2cc c:/users/jesper/documents/ml_sommarjobb/toolchain-gd32v-v201-win/toolchain-gd32v-v201-win/compiler/bin/../lib/gcc/riscv64-unknown-elf/8.3.0/rv32imac/ilp32\libgcc.a(_udivdi3.o)
 .debug_abbrev  0x000000000000645e      0x187 c:/users/jesper/documents/ml_sommarjobb/toolchain-gd32v-v201-win/toolchain-gd32v-v201-win/compiler/bin/../lib/gcc/riscv64-unknown-elf/8.3.0/rv32imac/ilp32\libgcc.a(divdf3.o)
 .debug_abbrev  0x00000000000065e5      0x199 c:/users/jesper/documents/ml_sommarjobb/toolchain-gd32v-v201-win/toolchain-gd32v-v201-win/compiler/bin/../lib/gcc/riscv64-unknown-elf/8.3.0/rv32imac/ilp32\libgcc.a(ledf2.o)
 .debug_abbrev  0x000000000000677e      0x197 c:/users/jesper/documents/ml_sommarjobb/toolchain-gd32v-v201-win/toolchain-gd32v-v201-win/compiler/bin/../lib/gcc/riscv64-unknown-elf/8.3.0/rv32imac/ilp32\libgcc.a(muldf3.o)
 .debug_abbrev  0x0000000000006915      0x18a c:/users/jesper/documents/ml_sommarjobb/toolchain-gd32v-v201-win/toolchain-gd32v-v201-win/compiler/bin/../lib/gcc/riscv64-unknown-elf/8.3.0/rv32imac/ilp32\libgcc.a(fixdfsi.o)
 .debug_abbrev  0x0000000000006a9f      0x181 c:/users/jesper/documents/ml_sommarjobb/toolchain-gd32v-v201-win/toolchain-gd32v-v201-win/compiler/bin/../lib/gcc/riscv64-unknown-elf/8.3.0/rv32imac/ilp32\libgcc.a(floatsidf.o)
 .debug_abbrev  0x0000000000006c20      0x178 c:/users/jesper/documents/ml_sommarjobb/toolchain-gd32v-v201-win/toolchain-gd32v-v201-win/compiler/bin/../lib/gcc/riscv64-unknown-elf/8.3.0/rv32imac/ilp32\libgcc.a(floatunsidf.o)
 .debug_abbrev  0x0000000000006d98      0x19f c:/users/jesper/documents/ml_sommarjobb/toolchain-gd32v-v201-win/toolchain-gd32v-v201-win/compiler/bin/../lib/gcc/riscv64-unknown-elf/8.3.0/rv32imac/ilp32\libgcc.a(floatundidf.o)
 .debug_abbrev  0x0000000000006f37      0x18a c:/users/jesper/documents/ml_sommarjobb/toolchain-gd32v-v201-win/toolchain-gd32v-v201-win/compiler/bin/../lib/gcc/riscv64-unknown-elf/8.3.0/rv32imac/ilp32\libgcc.a(fixsfsi.o)
 .debug_abbrev  0x00000000000070c1      0x198 c:/users/jesper/documents/ml_sommarjobb/toolchain-gd32v-v201-win/toolchain-gd32v-v201-win/compiler/bin/../lib/gcc/riscv64-unknown-elf/8.3.0/rv32imac/ilp32\libgcc.a(floatsisf.o)
 .debug_abbrev  0x0000000000007259      0x275 c:/users/jesper/documents/ml_sommarjobb/toolchain-gd32v-v201-win/toolchain-gd32v-v201-win/compiler/bin/../lib/gcc/riscv64-unknown-elf/8.3.0/rv32imac/ilp32\libgcc.a(_lshrdi3.o)
 .debug_abbrev  0x00000000000074ce      0x275 c:/users/jesper/documents/ml_sommarjobb/toolchain-gd32v-v201-win/toolchain-gd32v-v201-win/compiler/bin/../lib/gcc/riscv64-unknown-elf/8.3.0/rv32imac/ilp32\libgcc.a(_ashldi3.o)
 .debug_abbrev  0x0000000000007743      0x1e8 c:/users/jesper/documents/ml_sommarjobb/toolchain-gd32v-v201-win/toolchain-gd32v-v201-win/compiler/bin/../lib/gcc/riscv64-unknown-elf/8.3.0/rv32imac/ilp32\libgcc.a(_clz.o)
 .debug_abbrev  0x000000000000792b      0x242 c:/users/jesper/documents/ml_sommarjobb/toolchain-gd32v-v201-win/toolchain-gd32v-v201-win/compiler/bin/../lib/gcc/riscv64-unknown-elf/8.3.0/rv32imac/ilp32\libgcc.a(_clzsi2.o)

.debug_loc      0x0000000000000000    0x10dd0
 .debug_loc     0x0000000000000000      0x1c8 build/gd32vf103_exti.o
 .debug_loc     0x00000000000001c8      0x54e build/gd32vf103_spi.o
 .debug_loc     0x0000000000000716      0xcf4 build/gd32vf103_rcu.o
 .debug_loc     0x000000000000140a      0x4ba build/gd32vf103_gpio.o
 .debug_loc     0x00000000000018c4      0xef4 build/gd32vf103_timer.o
 .debug_loc     0x00000000000027b8      0x8a1 build/gd32vf103_i2c.o
 .debug_loc     0x0000000000003059      0xd54 build/gd32vf103_dma.o
 .debug_loc     0x0000000000003dad       0xe7 build/gd32vf103_eclic.o
 .debug_loc     0x0000000000003e94      0x173 build/system_gd32vf103.o
 .debug_loc     0x0000000000004007      0x101 build/write_hex.o
 .debug_loc     0x0000000000004108       0x21 build/sbrk.o
 .debug_loc     0x0000000000004129       0x21 build/close.o
 .debug_loc     0x000000000000414a       0x8f build/lseek.o
 .debug_loc     0x00000000000041d9       0x3e build/_exit.o
 .debug_loc     0x0000000000004217       0x2e build/isatty.o
 .debug_loc     0x0000000000004245       0x90 build/fstat.o
 .debug_loc     0x00000000000042d5       0x21 build/read.o
 .debug_loc     0x00000000000042f6      0xa1d build/n200_func.o
 .debug_loc     0x0000000000004d13       0x7f build/handlers.o
 .debug_loc     0x0000000000004d92       0x2c build/init.o
 .debug_loc     0x0000000000004dbe      0x101 build/dma.o
 .debug_loc     0x0000000000004ebf      0x16e build/eclicw.o
 .debug_loc     0x000000000000502d       0x84 build/tf_delay.o
 .debug_loc     0x00000000000050b1      0xc7a build/tf_card.o
 .debug_loc     0x0000000000005d2b     0x318f build/ff.o
 .debug_loc     0x0000000000008eba      0x471 build/mpu6500_driver.o
 .debug_loc     0x000000000000932b      0x50d build/gd32v_mpu6500_if.o
 .debug_loc     0x0000000000009838      0x32b build/queue.o
 .debug_loc     0x0000000000009b63      0x110 build/systick.o
 .debug_loc     0x0000000000009c73      0xb83 build/usbd_enum.o
 .debug_loc     0x000000000000a7f6      0x130 build/usb_delay.o
 .debug_loc     0x000000000000a926       0x2c build/gd32vf103_usb_it.o
 .debug_loc     0x000000000000a952      0x4ec build/usbd_transc.o
 .debug_loc     0x000000000000ae3e      0x53e build/drv_usb_core.o
 .debug_loc     0x000000000000b37c      0x106 build/gd32vf103_hw.o
 .debug_loc     0x000000000000b482      0x69a build/drv_usbd_int.o
 .debug_loc     0x000000000000bb1c      0x2a3 build/usb_serial_if.o
 .debug_loc     0x000000000000bdbf      0x3df build/cdc_acm_core.o
 .debug_loc     0x000000000000c19e      0x730 build/usbd_core.o
 .debug_loc     0x000000000000c8ce      0x83b build/drv_usb_dev.o
 .debug_loc     0x000000000000d109      0x44a build/main.o
 .debug_loc     0x000000000000d553      0xbd0 c:/users/jesper/documents/ml_sommarjobb/toolchain-gd32v-v201-win/toolchain-gd32v-v201-win/compiler/bin/../lib/gcc/riscv64-unknown-elf/8.3.0/rv32imac/ilp32\libgcc.a(_udivdi3.o)
 .debug_loc     0x000000000000e123     0x129b c:/users/jesper/documents/ml_sommarjobb/toolchain-gd32v-v201-win/toolchain-gd32v-v201-win/compiler/bin/../lib/gcc/riscv64-unknown-elf/8.3.0/rv32imac/ilp32\libgcc.a(divdf3.o)
 .debug_loc     0x000000000000f3be      0x156 c:/users/jesper/documents/ml_sommarjobb/toolchain-gd32v-v201-win/toolchain-gd32v-v201-win/compiler/bin/../lib/gcc/riscv64-unknown-elf/8.3.0/rv32imac/ilp32\libgcc.a(ledf2.o)
 .debug_loc     0x000000000000f514      0xd6e c:/users/jesper/documents/ml_sommarjobb/toolchain-gd32v-v201-win/toolchain-gd32v-v201-win/compiler/bin/../lib/gcc/riscv64-unknown-elf/8.3.0/rv32imac/ilp32\libgcc.a(muldf3.o)
 .debug_loc     0x0000000000010282      0x16d c:/users/jesper/documents/ml_sommarjobb/toolchain-gd32v-v201-win/toolchain-gd32v-v201-win/compiler/bin/../lib/gcc/riscv64-unknown-elf/8.3.0/rv32imac/ilp32\libgcc.a(fixdfsi.o)
 .debug_loc     0x00000000000103ef      0x159 c:/users/jesper/documents/ml_sommarjobb/toolchain-gd32v-v201-win/toolchain-gd32v-v201-win/compiler/bin/../lib/gcc/riscv64-unknown-elf/8.3.0/rv32imac/ilp32\libgcc.a(floatsidf.o)
 .debug_loc     0x0000000000010548      0x15c c:/users/jesper/documents/ml_sommarjobb/toolchain-gd32v-v201-win/toolchain-gd32v-v201-win/compiler/bin/../lib/gcc/riscv64-unknown-elf/8.3.0/rv32imac/ilp32\libgcc.a(floatunsidf.o)
 .debug_loc     0x00000000000106a4      0x2ec c:/users/jesper/documents/ml_sommarjobb/toolchain-gd32v-v201-win/toolchain-gd32v-v201-win/compiler/bin/../lib/gcc/riscv64-unknown-elf/8.3.0/rv32imac/ilp32\libgcc.a(floatundidf.o)
 .debug_loc     0x0000000000010990      0x12d c:/users/jesper/documents/ml_sommarjobb/toolchain-gd32v-v201-win/toolchain-gd32v-v201-win/compiler/bin/../lib/gcc/riscv64-unknown-elf/8.3.0/rv32imac/ilp32\libgcc.a(fixsfsi.o)
 .debug_loc     0x0000000000010abd      0x1ac c:/users/jesper/documents/ml_sommarjobb/toolchain-gd32v-v201-win/toolchain-gd32v-v201-win/compiler/bin/../lib/gcc/riscv64-unknown-elf/8.3.0/rv32imac/ilp32\libgcc.a(floatsisf.o)
 .debug_loc     0x0000000000010c69       0x7e c:/users/jesper/documents/ml_sommarjobb/toolchain-gd32v-v201-win/toolchain-gd32v-v201-win/compiler/bin/../lib/gcc/riscv64-unknown-elf/8.3.0/rv32imac/ilp32\libgcc.a(_lshrdi3.o)
 .debug_loc     0x0000000000010ce7       0x7e c:/users/jesper/documents/ml_sommarjobb/toolchain-gd32v-v201-win/toolchain-gd32v-v201-win/compiler/bin/../lib/gcc/riscv64-unknown-elf/8.3.0/rv32imac/ilp32\libgcc.a(_ashldi3.o)
 .debug_loc     0x0000000000010d65       0x6b c:/users/jesper/documents/ml_sommarjobb/toolchain-gd32v-v201-win/toolchain-gd32v-v201-win/compiler/bin/../lib/gcc/riscv64-unknown-elf/8.3.0/rv32imac/ilp32\libgcc.a(_clzsi2.o)

.debug_aranges  0x0000000000000000     0x1498
 .debug_aranges
                0x0000000000000000       0x70 build/gd32vf103_exti.o
 .debug_aranges
                0x0000000000000070      0x128 build/gd32vf103_spi.o
 .debug_aranges
                0x0000000000000198      0x160 build/gd32vf103_rcu.o
 .debug_aranges
                0x00000000000002f8       0xa0 build/gd32vf103_gpio.o
 .debug_aranges
                0x0000000000000398      0x240 build/gd32vf103_timer.o
 .debug_aranges
                0x00000000000005d8      0x110 build/gd32vf103_i2c.o
 .debug_aranges
                0x00000000000006e8       0xe8 build/gd32vf103_dma.o
 .debug_aranges
                0x00000000000007d0       0x50 build/gd32vf103_eclic.o
 .debug_aranges
                0x0000000000000820       0x28 build/system_gd32vf103.o
 .debug_aranges
                0x0000000000000848       0x20 build/write_hex.o
 .debug_aranges
                0x0000000000000868       0x20 build/sbrk.o
 .debug_aranges
                0x0000000000000888       0x20 build/close.o
 .debug_aranges
                0x00000000000008a8       0x20 build/lseek.o
 .debug_aranges
                0x00000000000008c8       0x20 build/_exit.o
 .debug_aranges
                0x00000000000008e8       0x20 build/isatty.o
 .debug_aranges
                0x0000000000000908       0x20 build/fstat.o
 .debug_aranges
                0x0000000000000928       0x20 build/read.o
 .debug_aranges
                0x0000000000000948      0x140 build/n200_func.o
 .debug_aranges
                0x0000000000000a88       0x28 build/handlers.o
 .debug_aranges
                0x0000000000000ab0       0x28 build/init.o
 .debug_aranges
                0x0000000000000ad8       0x38 build/dma.o
 .debug_aranges
                0x0000000000000b10       0x30 build/eclicw.o
 .debug_aranges
                0x0000000000000b40       0x28 build/tf_delay.o
 .debug_aranges
                0x0000000000000b68       0x80 build/tf_card.o
 .debug_aranges
                0x0000000000000be8       0x28 build/gd32v_tf_card_if.o
 .debug_aranges
                0x0000000000000c10       0xd8 build/ff.o
 .debug_aranges
                0x0000000000000ce8       0x50 build/mpu6500_driver.o
 .debug_aranges
                0x0000000000000d38       0x50 build/gd32v_mpu6500_if.o
 .debug_aranges
                0x0000000000000d88       0x50 build/queue.o
 .debug_aranges
                0x0000000000000dd8       0x28 build/systick.o
 .debug_aranges
                0x0000000000000e00       0xa8 build/usbd_enum.o
 .debug_aranges
                0x0000000000000ea8       0x28 build/usb_delay.o